<?xml version="1.0" encoding="ISO-8859-1" ?>
<link_info>
   <banner>TI ARM Linker Unix v20.2.5.LTS</banner>
   <copyright>Copyright (c) 1996-2018 Texas Instruments Incorporated</copyright>
   <link_time>0x61becd0d</link_time>
   <link_errors>0x0</link_errors>
   <output_file>rslk.out</output_file>
   <entry_point>
      <name>_c_int00_noargs</name>
      <address>0x370d</address>
   </entry_point>
   <input_file_list>
      <input_file id="fl-1">
         <path>./</path>
         <kind>object</kind>
         <file>bumpSensors.obj</file>
         <name>bumpSensors.obj</name>
      </input_file>
      <input_file id="fl-2">
         <path>./</path>
         <kind>object</kind>
         <file>main.obj</file>
         <name>main.obj</name>
      </input_file>
      <input_file id="fl-3">
         <path>./</path>
         <kind>object</kind>
         <file>motor.obj</file>
         <name>motor.obj</name>
      </input_file>
      <input_file id="fl-4">
         <path>./</path>
         <kind>object</kind>
         <file>startup_msp432p401r_ccs.obj</file>
         <name>startup_msp432p401r_ccs.obj</name>
      </input_file>
      <input_file id="fl-5">
         <path>./</path>
         <kind>object</kind>
         <file>system_msp432p401r.obj</file>
         <name>system_msp432p401r.obj</name>
      </input_file>
      <input_file id="fl-6">
         <path>./</path>
         <kind>object</kind>
         <file>tachometer.obj</file>
         <name>tachometer.obj</name>
      </input_file>
      <input_file id="fl-7">
         <path>./</path>
         <kind>object</kind>
         <file>uart.obj</file>
         <name>uart.obj</name>
      </input_file>
      <input_file id="fl-c">
         <kind>object</kind>
         <file>&lt;internal&gt;</file>
         <name>&lt;internal&gt;</name>
      </input_file>
      <input_file id="fl-d">
         <path>/home/nick/ti/ccs_workspace/msp432_driverlib_3_21_00_05/driverlib/MSP432P4xx/ccs/</path>
         <kind>archive</kind>
         <file>msp432p4xx_driverlib.lib</file>
         <name>cs.o</name>
      </input_file>
      <input_file id="fl-e">
         <path>/home/nick/ti/ccs_workspace/msp432_driverlib_3_21_00_05/driverlib/MSP432P4xx/ccs/</path>
         <kind>archive</kind>
         <file>msp432p4xx_driverlib.lib</file>
         <name>flash.o</name>
      </input_file>
      <input_file id="fl-f">
         <path>/home/nick/ti/ccs_workspace/msp432_driverlib_3_21_00_05/driverlib/MSP432P4xx/ccs/</path>
         <kind>archive</kind>
         <file>msp432p4xx_driverlib.lib</file>
         <name>fpu.o</name>
      </input_file>
      <input_file id="fl-10">
         <path>/home/nick/ti/ccs_workspace/msp432_driverlib_3_21_00_05/driverlib/MSP432P4xx/ccs/</path>
         <kind>archive</kind>
         <file>msp432p4xx_driverlib.lib</file>
         <name>gpio.o</name>
      </input_file>
      <input_file id="fl-11">
         <path>/home/nick/ti/ccs_workspace/msp432_driverlib_3_21_00_05/driverlib/MSP432P4xx/ccs/</path>
         <kind>archive</kind>
         <file>msp432p4xx_driverlib.lib</file>
         <name>interrupt.o</name>
      </input_file>
      <input_file id="fl-12">
         <path>/home/nick/ti/ccs_workspace/msp432_driverlib_3_21_00_05/driverlib/MSP432P4xx/ccs/</path>
         <kind>archive</kind>
         <file>msp432p4xx_driverlib.lib</file>
         <name>pcm.o</name>
      </input_file>
      <input_file id="fl-13">
         <path>/home/nick/ti/ccs_workspace/msp432_driverlib_3_21_00_05/driverlib/MSP432P4xx/ccs/</path>
         <kind>archive</kind>
         <file>msp432p4xx_driverlib.lib</file>
         <name>rtc_c.o</name>
      </input_file>
      <input_file id="fl-14">
         <path>/home/nick/ti/ccs_workspace/msp432_driverlib_3_21_00_05/driverlib/MSP432P4xx/ccs/</path>
         <kind>archive</kind>
         <file>msp432p4xx_driverlib.lib</file>
         <name>sysctl.o</name>
      </input_file>
      <input_file id="fl-15">
         <path>/home/nick/ti/ccs_workspace/msp432_driverlib_3_21_00_05/driverlib/MSP432P4xx/ccs/</path>
         <kind>archive</kind>
         <file>msp432p4xx_driverlib.lib</file>
         <name>systick.o</name>
      </input_file>
      <input_file id="fl-16">
         <path>/home/nick/ti/ccs_workspace/msp432_driverlib_3_21_00_05/driverlib/MSP432P4xx/ccs/</path>
         <kind>archive</kind>
         <file>msp432p4xx_driverlib.lib</file>
         <name>timer_a.o</name>
      </input_file>
      <input_file id="fl-17">
         <path>/home/nick/ti/ccs_workspace/msp432_driverlib_3_21_00_05/driverlib/MSP432P4xx/ccs/</path>
         <kind>archive</kind>
         <file>msp432p4xx_driverlib.lib</file>
         <name>timer32.o</name>
      </input_file>
      <input_file id="fl-18">
         <path>/home/nick/ti/ccs_workspace/msp432_driverlib_3_21_00_05/driverlib/MSP432P4xx/ccs/</path>
         <kind>archive</kind>
         <file>msp432p4xx_driverlib.lib</file>
         <name>uart.o</name>
      </input_file>
      <input_file id="fl-19">
         <path>/home/nick/ti/ccs_workspace/msp432_driverlib_3_21_00_05/driverlib/MSP432P4xx/ccs/</path>
         <kind>archive</kind>
         <file>msp432p4xx_driverlib.lib</file>
         <name>wdt_a.o</name>
      </input_file>
      <input_file id="fl-1a">
         <path>/home/nick/ti/ccs_workspace/msp432_driverlib_3_21_00_05/driverlib/MSP432P4xx/ccs/</path>
         <kind>archive</kind>
         <file>msp432p4xx_driverlib.lib</file>
         <name>cpu.o</name>
      </input_file>
      <input_file id="fl-d0">
         <path>/home/nick/ti/ccs1100/ccs/tools/compiler/ti-cgt-arm_20.2.5.LTS/lib/</path>
         <kind>archive</kind>
         <file>rtsv7M4_T_le_v4SPD16_eabi.lib</file>
         <name>sprintf.c.obj</name>
      </input_file>
      <input_file id="fl-d1">
         <path>/home/nick/ti/ccs1100/ccs/tools/compiler/ti-cgt-arm_20.2.5.LTS/lib/</path>
         <kind>archive</kind>
         <file>rtsv7M4_T_le_v4SPD16_eabi.lib</file>
         <name>fs_tod_t2.asm.obj</name>
      </input_file>
      <input_file id="fl-d2">
         <path>/home/nick/ti/ccs1100/ccs/tools/compiler/ti-cgt-arm_20.2.5.LTS/lib/</path>
         <kind>archive</kind>
         <file>rtsv7M4_T_le_v4SPD16_eabi.lib</file>
         <name>memcpy_t2.asm.obj</name>
      </input_file>
      <input_file id="fl-d3">
         <path>/home/nick/ti/ccs1100/ccs/tools/compiler/ti-cgt-arm_20.2.5.LTS/lib/</path>
         <kind>archive</kind>
         <file>rtsv7M4_T_le_v4SPD16_eabi.lib</file>
         <name>copy_zero_init.c.obj</name>
      </input_file>
      <input_file id="fl-d4">
         <path>/home/nick/ti/ccs1100/ccs/tools/compiler/ti-cgt-arm_20.2.5.LTS/lib/</path>
         <kind>archive</kind>
         <file>rtsv7M4_T_le_v4SPD16_eabi.lib</file>
         <name>copy_decompress_none.c.obj</name>
      </input_file>
      <input_file id="fl-d5">
         <path>/home/nick/ti/ccs1100/ccs/tools/compiler/ti-cgt-arm_20.2.5.LTS/lib/</path>
         <kind>archive</kind>
         <file>rtsv7M4_T_le_v4SPD16_eabi.lib</file>
         <name>copy_decompress_lzss.c.obj</name>
      </input_file>
      <input_file id="fl-d6">
         <path>/home/nick/ti/ccs1100/ccs/tools/compiler/ti-cgt-arm_20.2.5.LTS/lib/</path>
         <kind>archive</kind>
         <file>rtsv7M4_T_le_v4SPD16_eabi.lib</file>
         <name>strlen.c.obj</name>
      </input_file>
      <input_file id="fl-d7">
         <path>/home/nick/ti/ccs1100/ccs/tools/compiler/ti-cgt-arm_20.2.5.LTS/lib/</path>
         <kind>archive</kind>
         <file>rtsv7M4_T_le_v4SPD16_eabi.lib</file>
         <name>boot_cortex_m.c.obj</name>
      </input_file>
      <input_file id="fl-d8">
         <path>/home/nick/ti/ccs1100/ccs/tools/compiler/ti-cgt-arm_20.2.5.LTS/lib/</path>
         <kind>archive</kind>
         <file>rtsv7M4_T_le_v4SPD16_eabi.lib</file>
         <name>_printfi.c.obj</name>
      </input_file>
      <input_file id="fl-d9">
         <path>/home/nick/ti/ccs1100/ccs/tools/compiler/ti-cgt-arm_20.2.5.LTS/lib/</path>
         <kind>archive</kind>
         <file>rtsv7M4_T_le_v4SPD16_eabi.lib</file>
         <name>s_frexp.c.obj</name>
      </input_file>
      <input_file id="fl-da">
         <path>/home/nick/ti/ccs1100/ccs/tools/compiler/ti-cgt-arm_20.2.5.LTS/lib/</path>
         <kind>archive</kind>
         <file>rtsv7M4_T_le_v4SPD16_eabi.lib</file>
         <name>s_scalbn.c.obj</name>
      </input_file>
      <input_file id="fl-db">
         <path>/home/nick/ti/ccs1100/ccs/tools/compiler/ti-cgt-arm_20.2.5.LTS/lib/</path>
         <kind>archive</kind>
         <file>rtsv7M4_T_le_v4SPD16_eabi.lib</file>
         <name>wcslen.c.obj</name>
      </input_file>
      <input_file id="fl-dc">
         <path>/home/nick/ti/ccs1100/ccs/tools/compiler/ti-cgt-arm_20.2.5.LTS/lib/</path>
         <kind>archive</kind>
         <file>rtsv7M4_T_le_v4SPD16_eabi.lib</file>
         <name>fd_add_t2.asm.obj</name>
      </input_file>
      <input_file id="fl-dd">
         <path>/home/nick/ti/ccs1100/ccs/tools/compiler/ti-cgt-arm_20.2.5.LTS/lib/</path>
         <kind>archive</kind>
         <file>rtsv7M4_T_le_v4SPD16_eabi.lib</file>
         <name>fd_cmp_t2.asm.obj</name>
      </input_file>
      <input_file id="fl-de">
         <path>/home/nick/ti/ccs1100/ccs/tools/compiler/ti-cgt-arm_20.2.5.LTS/lib/</path>
         <kind>archive</kind>
         <file>rtsv7M4_T_le_v4SPD16_eabi.lib</file>
         <name>fd_div_t2.asm.obj</name>
      </input_file>
      <input_file id="fl-df">
         <path>/home/nick/ti/ccs1100/ccs/tools/compiler/ti-cgt-arm_20.2.5.LTS/lib/</path>
         <kind>archive</kind>
         <file>rtsv7M4_T_le_v4SPD16_eabi.lib</file>
         <name>fd_mul_t2.asm.obj</name>
      </input_file>
      <input_file id="fl-e0">
         <path>/home/nick/ti/ccs1100/ccs/tools/compiler/ti-cgt-arm_20.2.5.LTS/lib/</path>
         <kind>archive</kind>
         <file>rtsv7M4_T_le_v4SPD16_eabi.lib</file>
         <name>fd_toi_t2.asm.obj</name>
      </input_file>
      <input_file id="fl-e1">
         <path>/home/nick/ti/ccs1100/ccs/tools/compiler/ti-cgt-arm_20.2.5.LTS/lib/</path>
         <kind>archive</kind>
         <file>rtsv7M4_T_le_v4SPD16_eabi.lib</file>
         <name>i_tofd_t2.asm.obj</name>
      </input_file>
      <input_file id="fl-e2">
         <path>/home/nick/ti/ccs1100/ccs/tools/compiler/ti-cgt-arm_20.2.5.LTS/lib/</path>
         <kind>archive</kind>
         <file>rtsv7M4_T_le_v4SPD16_eabi.lib</file>
         <name>ull_div_t2.asm.obj</name>
      </input_file>
      <input_file id="fl-e3">
         <path>/home/nick/ti/ccs1100/ccs/tools/compiler/ti-cgt-arm_20.2.5.LTS/lib/</path>
         <kind>archive</kind>
         <file>rtsv7M4_T_le_v4SPD16_eabi.lib</file>
         <name>memset_t2.asm.obj</name>
      </input_file>
      <input_file id="fl-e4">
         <path>/home/nick/ti/ccs1100/ccs/tools/compiler/ti-cgt-arm_20.2.5.LTS/lib/</path>
         <kind>archive</kind>
         <file>rtsv7M4_T_le_v4SPD16_eabi.lib</file>
         <name>autoinit.c.obj</name>
      </input_file>
      <input_file id="fl-e5">
         <path>/home/nick/ti/ccs1100/ccs/tools/compiler/ti-cgt-arm_20.2.5.LTS/lib/</path>
         <kind>archive</kind>
         <file>rtsv7M4_T_le_v4SPD16_eabi.lib</file>
         <name>pre_init.c.obj</name>
      </input_file>
      <input_file id="fl-e6">
         <path>/home/nick/ti/ccs1100/ccs/tools/compiler/ti-cgt-arm_20.2.5.LTS/lib/</path>
         <kind>archive</kind>
         <file>rtsv7M4_T_le_v4SPD16_eabi.lib</file>
         <name>cpy_tbl.c.obj</name>
      </input_file>
      <input_file id="fl-e7">
         <path>/home/nick/ti/ccs1100/ccs/tools/compiler/ti-cgt-arm_20.2.5.LTS/lib/</path>
         <kind>archive</kind>
         <file>rtsv7M4_T_le_v4SPD16_eabi.lib</file>
         <name>exit.c.obj</name>
      </input_file>
      <input_file id="fl-e8">
         <path>/home/nick/ti/ccs1100/ccs/tools/compiler/ti-cgt-arm_20.2.5.LTS/lib/</path>
         <kind>archive</kind>
         <file>rtsv7M4_T_le_v4SPD16_eabi.lib</file>
         <name>_lock.c.obj</name>
      </input_file>
      <input_file id="fl-e9">
         <path>/home/nick/ti/ccs1100/ccs/tools/compiler/ti-cgt-arm_20.2.5.LTS/lib/</path>
         <kind>archive</kind>
         <file>rtsv7M4_T_le_v4SPD16_eabi.lib</file>
         <name>_ltoa.c.obj</name>
      </input_file>
      <input_file id="fl-ea">
         <path>/home/nick/ti/ccs1100/ccs/tools/compiler/ti-cgt-arm_20.2.5.LTS/lib/</path>
         <kind>archive</kind>
         <file>rtsv7M4_T_le_v4SPD16_eabi.lib</file>
         <name>args_main.c.obj</name>
      </input_file>
      <input_file id="fl-eb">
         <path>/home/nick/ti/ccs1100/ccs/tools/compiler/ti-cgt-arm_20.2.5.LTS/lib/</path>
         <kind>archive</kind>
         <file>rtsv7M4_T_le_v4SPD16_eabi.lib</file>
         <name>atoi.c.obj</name>
      </input_file>
      <input_file id="fl-ec">
         <path>/home/nick/ti/ccs1100/ccs/tools/compiler/ti-cgt-arm_20.2.5.LTS/lib/</path>
         <kind>archive</kind>
         <file>rtsv7M4_T_le_v4SPD16_eabi.lib</file>
         <name>ctype.c.obj</name>
      </input_file>
      <input_file id="fl-ed">
         <path>/home/nick/ti/ccs1100/ccs/tools/compiler/ti-cgt-arm_20.2.5.LTS/lib/</path>
         <kind>archive</kind>
         <file>rtsv7M4_T_le_v4SPD16_eabi.lib</file>
         <name>memccpy.c.obj</name>
      </input_file>
      <input_file id="fl-ee">
         <path>/home/nick/ti/ccs1100/ccs/tools/compiler/ti-cgt-arm_20.2.5.LTS/lib/</path>
         <kind>archive</kind>
         <file>rtsv7M4_T_le_v4SPD16_eabi.lib</file>
         <name>strchr.c.obj</name>
      </input_file>
      <input_file id="fl-ef">
         <path>/home/nick/ti/ccs1100/ccs/tools/compiler/ti-cgt-arm_20.2.5.LTS/lib/</path>
         <kind>archive</kind>
         <file>rtsv7M4_T_le_v4SPD16_eabi.lib</file>
         <name>errno.c.obj</name>
      </input_file>
      <input_file id="fl-f0">
         <path>/home/nick/ti/ccs1100/ccs/tools/compiler/ti-cgt-arm_20.2.5.LTS/lib/</path>
         <kind>archive</kind>
         <file>rtsv7M4_T_le_v4SPD16_eabi.lib</file>
         <name>s_copysign.c.obj</name>
      </input_file>
      <input_file id="fl-f1">
         <path>/home/nick/ti/ccs1100/ccs/tools/compiler/ti-cgt-arm_20.2.5.LTS/lib/</path>
         <kind>archive</kind>
         <file>rtsv7M4_T_le_v4SPD16_eabi.lib</file>
         <name>div0.asm.obj</name>
      </input_file>
   </input_file_list>
   <object_component_list>
      <object_component id="oc-26">
         <name>.intvecs:retain</name>
         <load_address>0x0</load_address>
         <run_address>0x0</run_address>
         <size>0xe4</size>
         <input_file_ref idref="fl-4"/>
      </object_component>
      <object_component id="oc-2f7">
         <name>.text:__TI_printfi</name>
         <load_address>0xe4</load_address>
         <run_address>0xe4</run_address>
         <size>0xa4e</size>
         <input_file_ref idref="fl-d8"/>
      </object_component>
      <object_component id="oc-53c">
         <name>.text</name>
         <load_address>0xb32</load_address>
         <run_address>0xb32</run_address>
         <size>0x2</size>
         <input_file_ref idref="fl-f1"/>
      </object_component>
      <object_component id="oc-79">
         <name>.text</name>
         <load_address>0xb34</load_address>
         <run_address>0xb34</run_address>
         <size>0x408</size>
         <input_file_ref idref="fl-2"/>
      </object_component>
      <object_component id="oc-b1">
         <name>.text</name>
         <load_address>0xf3c</load_address>
         <run_address>0xf3c</run_address>
         <size>0x334</size>
         <input_file_ref idref="fl-5"/>
      </object_component>
      <object_component id="oc-15e">
         <name>.text</name>
         <load_address>0x1270</load_address>
         <run_address>0x1270</run_address>
         <size>0x308</size>
         <input_file_ref idref="fl-3"/>
      </object_component>
      <object_component id="oc-3c4">
         <name>.text:_pconv_a</name>
         <load_address>0x1578</load_address>
         <run_address>0x1578</run_address>
         <size>0x270</size>
         <input_file_ref idref="fl-d8"/>
      </object_component>
      <object_component id="oc-3b2">
         <name>.text:_pconv_g</name>
         <load_address>0x17e8</load_address>
         <run_address>0x17e8</run_address>
         <size>0x1d0</size>
         <input_file_ref idref="fl-d8"/>
      </object_component>
      <object_component id="oc-49b">
         <name>.text</name>
         <load_address>0x19b8</load_address>
         <run_address>0x19b8</run_address>
         <size>0x1b6</size>
         <input_file_ref idref="fl-dc"/>
      </object_component>
      <object_component id="oc-73">
         <name>.text</name>
         <load_address>0x1b70</load_address>
         <run_address>0x1b70</run_address>
         <size>0x1b4</size>
         <input_file_ref idref="fl-6"/>
      </object_component>
      <object_component id="oc-312">
         <name>.text:__PCM_setPowerStateAdvanced</name>
         <load_address>0x1d24</load_address>
         <run_address>0x1d24</run_address>
         <size>0x1a0</size>
         <input_file_ref idref="fl-12"/>
      </object_component>
      <object_component id="oc-6d">
         <name>.text</name>
         <load_address>0x1ec4</load_address>
         <run_address>0x1ec4</run_address>
         <size>0x150</size>
         <input_file_ref idref="fl-1"/>
      </object_component>
      <object_component id="oc-3be">
         <name>.text:_pconv_e</name>
         <load_address>0x2014</load_address>
         <run_address>0x2014</run_address>
         <size>0x13c</size>
         <input_file_ref idref="fl-d8"/>
      </object_component>
      <object_component id="oc-481">
         <name>.text</name>
         <load_address>0x2150</load_address>
         <run_address>0x2150</run_address>
         <size>0x136</size>
         <input_file_ref idref="fl-de"/>
      </object_component>
      <object_component id="oc-4ad">
         <name>.text:fcvt</name>
         <load_address>0x2288</load_address>
         <run_address>0x2288</run_address>
         <size>0x124</size>
         <input_file_ref idref="fl-d8"/>
      </object_component>
      <object_component id="oc-4c1">
         <name>.text:scalbn</name>
         <load_address>0x23ac</load_address>
         <run_address>0x23ac</run_address>
         <size>0x110</size>
         <input_file_ref idref="fl-da"/>
      </object_component>
      <object_component id="oc-440">
         <name>.text:CS_getDCOFrequency</name>
         <load_address>0x24bc</load_address>
         <run_address>0x24bc</run_address>
         <size>0x104</size>
         <input_file_ref idref="fl-d"/>
      </object_component>
      <object_component id="oc-47c">
         <name>.text</name>
         <load_address>0x25c0</load_address>
         <run_address>0x25c0</run_address>
         <size>0xfc</size>
         <input_file_ref idref="fl-df"/>
      </object_component>
      <object_component id="oc-1bd">
         <name>.text:CS_initClockSignal</name>
         <load_address>0x26bc</load_address>
         <run_address>0x26bc</run_address>
         <size>0xe0</size>
         <input_file_ref idref="fl-d"/>
      </object_component>
      <object_component id="oc-40a">
         <name>.text:__PCM_setPowerModeAdvanced</name>
         <load_address>0x279c</load_address>
         <run_address>0x279c</run_address>
         <size>0xdc</size>
         <input_file_ref idref="fl-12"/>
      </object_component>
      <object_component id="oc-291">
         <name>.text:privateTimer_AProcessClockSourceDivider</name>
         <load_address>0x2878</load_address>
         <run_address>0x2878</run_address>
         <size>0xb2</size>
         <input_file_ref idref="fl-16"/>
      </object_component>
      <object_component id="oc-3a7">
         <name>.text:_ltostr</name>
         <load_address>0x292c</load_address>
         <run_address>0x292c</run_address>
         <size>0xb1</size>
         <input_file_ref idref="fl-d8"/>
      </object_component>
      <object_component id="oc-404">
         <name>.text:__PCM_setCoreVoltageLevelAdvanced</name>
         <load_address>0x29e0</load_address>
         <run_address>0x29e0</run_address>
         <size>0xb0</size>
         <input_file_ref idref="fl-12"/>
      </object_component>
      <object_component id="oc-323">
         <name>.text:CS_startHFXTWithTimeout</name>
         <load_address>0x2a90</load_address>
         <run_address>0x2a90</run_address>
         <size>0x9c</size>
         <input_file_ref idref="fl-d"/>
      </object_component>
      <object_component id="oc-32b">
         <name>.text:_CSComputeCLKFrequency</name>
         <load_address>0x2b2c</load_address>
         <run_address>0x2b2c</run_address>
         <size>0x9c</size>
         <input_file_ref idref="fl-d"/>
      </object_component>
      <object_component id="oc-37">
         <name>.text</name>
         <load_address>0x2bc8</load_address>
         <run_address>0x2bc8</run_address>
         <size>0x9c</size>
         <input_file_ref idref="fl-d2"/>
      </object_component>
      <object_component id="oc-475">
         <name>.text</name>
         <load_address>0x2c64</load_address>
         <run_address>0x2c64</run_address>
         <size>0x96</size>
         <input_file_ref idref="fl-e2"/>
      </object_component>
      <object_component id="oc-2b7">
         <name>.text:UART_initModule</name>
         <load_address>0x2cfc</load_address>
         <run_address>0x2cfc</run_address>
         <size>0x94</size>
         <input_file_ref idref="fl-18"/>
      </object_component>
      <object_component id="oc-3ad">
         <name>.text:__aeabi_cdcmple</name>
         <load_address>0x2d90</load_address>
         <run_address>0x2d90</run_address>
         <size>0x86</size>
         <input_file_ref idref="fl-dd"/>
      </object_component>
      <object_component id="oc-486">
         <name>.text:__aeabi_cdrcmple</name>
         <load_address>0x2e16</load_address>
         <run_address>0x2e16</run_address>
         <size>0x86</size>
         <input_file_ref idref="fl-dd"/>
      </object_component>
      <object_component id="oc-158">
         <name>.text</name>
         <load_address>0x2e9c</load_address>
         <run_address>0x2e9c</run_address>
         <size>0x84</size>
         <input_file_ref idref="fl-7"/>
      </object_component>
      <object_component id="oc-3f2">
         <name>.text:PCM_gotoLPM3</name>
         <load_address>0x2f20</load_address>
         <run_address>0x2f20</run_address>
         <size>0x7c</size>
         <input_file_ref idref="fl-12"/>
      </object_component>
      <object_component id="oc-99">
         <name>.text</name>
         <load_address>0x2f9c</load_address>
         <run_address>0x2f9c</run_address>
         <size>0x7a</size>
         <input_file_ref idref="fl-e3"/>
      </object_component>
      <object_component id="oc-42d">
         <name>.text:_CSGetHFXTFrequency</name>
         <load_address>0x3018</load_address>
         <run_address>0x3018</run_address>
         <size>0x70</size>
         <input_file_ref idref="fl-d"/>
      </object_component>
      <object_component id="oc-4a6">
         <name>.text:_mcpy</name>
         <load_address>0x3088</load_address>
         <run_address>0x3088</run_address>
         <size>0x6e</size>
         <input_file_ref idref="fl-d8"/>
      </object_component>
      <object_component id="oc-17">
         <name>.text:decompress:lzss:__TI_decompress_lzss</name>
         <load_address>0x30f6</load_address>
         <run_address>0x30f6</run_address>
         <size>0x68</size>
         <input_file_ref idref="fl-d5"/>
      </object_component>
      <object_component id="oc-d0">
         <name>.text:Interrupt_enableInterrupt</name>
         <load_address>0x3160</load_address>
         <run_address>0x3160</run_address>
         <size>0x64</size>
         <input_file_ref idref="fl-11"/>
      </object_component>
      <object_component id="oc-4bb">
         <name>.text:frexp</name>
         <load_address>0x31c4</load_address>
         <run_address>0x31c4</run_address>
         <size>0x64</size>
         <input_file_ref idref="fl-d9"/>
      </object_component>
      <object_component id="oc-3b8">
         <name>.text:_pconv_f</name>
         <load_address>0x3228</load_address>
         <run_address>0x3228</run_address>
         <size>0x56</size>
         <input_file_ref idref="fl-d8"/>
      </object_component>
      <object_component id="oc-490">
         <name>.text:__TI_ltoa</name>
         <load_address>0x327e</load_address>
         <run_address>0x327e</run_address>
         <size>0x54</size>
         <input_file_ref idref="fl-e9"/>
      </object_component>
      <object_component id="oc-4a0">
         <name>.text:_ecpy</name>
         <load_address>0x32d2</load_address>
         <run_address>0x32d2</run_address>
         <size>0x52</size>
         <input_file_ref idref="fl-d8"/>
      </object_component>
      <object_component id="oc-3fe">
         <name>.text:PCM_shutdownDevice</name>
         <load_address>0x3324</load_address>
         <run_address>0x3324</run_address>
         <size>0x50</size>
         <input_file_ref idref="fl-12"/>
      </object_component>
      <object_component id="oc-520">
         <name>.text:SysCtl_getTLVInfo</name>
         <load_address>0x3374</load_address>
         <run_address>0x3374</run_address>
         <size>0x50</size>
         <input_file_ref idref="fl-14"/>
      </object_component>
      <object_component id="oc-1ab">
         <name>.text:GPIO_setAsPeripheralModuleFunctionOutputPin</name>
         <load_address>0x33c4</load_address>
         <run_address>0x33c4</run_address>
         <size>0x4c</size>
         <input_file_ref idref="fl-10"/>
      </object_component>
      <object_component id="oc-51a">
         <name>.text:_CSGetDOCFrequency</name>
         <load_address>0x3410</load_address>
         <run_address>0x3410</run_address>
         <size>0x4c</size>
         <input_file_ref idref="fl-d"/>
      </object_component>
      <object_component id="oc-3a1">
         <name>.text:atoi</name>
         <load_address>0x345c</load_address>
         <run_address>0x345c</run_address>
         <size>0x4c</size>
         <input_file_ref idref="fl-eb"/>
      </object_component>
      <object_component id="oc-116">
         <name>.text:GPIO_setAsPeripheralModuleFunctionInputPin</name>
         <load_address>0x34a8</load_address>
         <run_address>0x34a8</run_address>
         <size>0x48</size>
         <input_file_ref idref="fl-10"/>
      </object_component>
      <object_component id="oc-1d8">
         <name>.text:Timer32_initModule</name>
         <load_address>0x34f0</load_address>
         <run_address>0x34f0</run_address>
         <size>0x48</size>
         <input_file_ref idref="fl-17"/>
      </object_component>
      <object_component id="oc-2d4">
         <name>.text:Timer_A_generatePWM</name>
         <load_address>0x3538</load_address>
         <run_address>0x3538</run_address>
         <size>0x48</size>
         <input_file_ref idref="fl-16"/>
      </object_component>
      <object_component id="oc-43a">
         <name>.text:_CSGetDividerValue</name>
         <load_address>0x3580</load_address>
         <run_address>0x3580</run_address>
         <size>0x48</size>
         <input_file_ref idref="fl-d"/>
      </object_component>
      <object_component id="oc-48b">
         <name>.text</name>
         <load_address>0x35c8</load_address>
         <run_address>0x35c8</run_address>
         <size>0x48</size>
         <input_file_ref idref="fl-e0"/>
      </object_component>
      <object_component id="oc-226">
         <name>.text:__TI_auto_init_nobinit_nopinit:__TI_auto_init_nobinit_nopinit</name>
         <load_address>0x3610</load_address>
         <run_address>0x3610</run_address>
         <size>0x44</size>
         <input_file_ref idref="fl-e4"/>
      </object_component>
      <object_component id="oc-182">
         <name>.text:sprintf</name>
         <load_address>0x3654</load_address>
         <run_address>0x3654</run_address>
         <size>0x40</size>
         <input_file_ref idref="fl-d0"/>
      </object_component>
      <object_component id="oc-4b3">
         <name>.text:_fcpy</name>
         <load_address>0x3694</load_address>
         <run_address>0x3694</run_address>
         <size>0x3e</size>
         <input_file_ref idref="fl-d8"/>
      </object_component>
      <object_component id="oc-188">
         <name>.text</name>
         <load_address>0x36d2</load_address>
         <run_address>0x36d2</run_address>
         <size>0x38</size>
         <input_file_ref idref="fl-d1"/>
      </object_component>
      <object_component id="oc-55">
         <name>.text:_c_int00_noargs:_c_int00_noargs</name>
         <load_address>0x370c</load_address>
         <run_address>0x370c</run_address>
         <size>0x34</size>
         <input_file_ref idref="fl-d7"/>
      </object_component>
      <object_component id="oc-dc">
         <name>.text:GPIO_getEnabledInterruptStatus</name>
         <load_address>0x3740</load_address>
         <run_address>0x3740</run_address>
         <size>0x30</size>
         <input_file_ref idref="fl-10"/>
      </object_component>
      <object_component id="oc-b8">
         <name>.text:GPIO_setAsInputPinWithPullUpResistor</name>
         <load_address>0x3770</load_address>
         <run_address>0x3770</run_address>
         <size>0x30</size>
         <input_file_ref idref="fl-10"/>
      </object_component>
      <object_component id="oc-11c">
         <name>.text:Timer_A_initCapture</name>
         <load_address>0x37a0</load_address>
         <run_address>0x37a0</run_address>
         <size>0x30</size>
         <input_file_ref idref="fl-16"/>
      </object_component>
      <object_component id="oc-496">
         <name>.text</name>
         <load_address>0x37d0</load_address>
         <run_address>0x37d0</run_address>
         <size>0x2e</size>
         <input_file_ref idref="fl-e1"/>
      </object_component>
      <object_component id="oc-122">
         <name>.text:GPIO_setAsInputPin</name>
         <load_address>0x3800</load_address>
         <run_address>0x3800</run_address>
         <size>0x2c</size>
         <input_file_ref idref="fl-10"/>
      </object_component>
      <object_component id="oc-509">
         <name>.text:PCM_getCoreVoltageLevel</name>
         <load_address>0x382c</load_address>
         <run_address>0x382c</run_address>
         <size>0x2c</size>
         <input_file_ref idref="fl-12"/>
      </object_component>
      <object_component id="oc-4ee">
         <name>.text:PCM_getPowerMode</name>
         <load_address>0x3858</load_address>
         <run_address>0x3858</run_address>
         <size>0x2a</size>
         <input_file_ref idref="fl-12"/>
      </object_component>
      <object_component id="oc-199">
         <name>.text:FlashCtl_setWaitState</name>
         <load_address>0x3884</load_address>
         <run_address>0x3884</run_address>
         <size>0x28</size>
         <input_file_ref idref="fl-e"/>
      </object_component>
      <object_component id="oc-410">
         <name>.text:PCM_gotoLPM0</name>
         <load_address>0x38ac</load_address>
         <run_address>0x38ac</run_address>
         <size>0x28</size>
         <input_file_ref idref="fl-12"/>
      </object_component>
      <object_component id="oc-446">
         <name>.text:CS_clearInterruptFlag</name>
         <load_address>0x38d4</load_address>
         <run_address>0x38d4</run_address>
         <size>0x24</size>
         <input_file_ref idref="fl-d"/>
      </object_component>
      <object_component id="oc-1d2">
         <name>.text:GPIO_setAsOutputPin</name>
         <load_address>0x38f8</load_address>
         <run_address>0x38f8</run_address>
         <size>0x24</size>
         <input_file_ref idref="fl-10"/>
      </object_component>
      <object_component id="oc-501">
         <name>.text:RTC_C_holdClock</name>
         <load_address>0x391c</load_address>
         <run_address>0x391c</run_address>
         <size>0x24</size>
         <input_file_ref idref="fl-13"/>
      </object_component>
      <object_component id="oc-1de">
         <name>.text:Timer32_setCount</name>
         <load_address>0x3940</load_address>
         <run_address>0x3940</run_address>
         <size>0x24</size>
         <input_file_ref idref="fl-17"/>
      </object_component>
      <object_component id="oc-110">
         <name>.text:Timer_A_configureContinuousMode</name>
         <load_address>0x3964</load_address>
         <run_address>0x3964</run_address>
         <size>0x24</size>
         <input_file_ref idref="fl-16"/>
      </object_component>
      <object_component id="oc-176">
         <name>.text:UART_receiveData</name>
         <load_address>0x3988</load_address>
         <run_address>0x3988</run_address>
         <size>0x24</size>
         <input_file_ref idref="fl-18"/>
      </object_component>
      <object_component id="oc-2c9">
         <name>.text:UART_transmitData</name>
         <load_address>0x39ac</load_address>
         <run_address>0x39ac</run_address>
         <size>0x24</size>
         <input_file_ref idref="fl-18"/>
      </object_component>
      <object_component id="oc-c4">
         <name>.text:GPIO_interruptEdgeSelect</name>
         <load_address>0x39d0</load_address>
         <run_address>0x39d0</run_address>
         <size>0x20</size>
         <input_file_ref idref="fl-10"/>
      </object_component>
      <object_component id="oc-16a">
         <name>.text:Timer32_startTimer</name>
         <load_address>0x39f0</load_address>
         <run_address>0x39f0</run_address>
         <size>0x20</size>
         <input_file_ref idref="fl-17"/>
      </object_component>
      <object_component id="oc-43">
         <name>.text:decompress:ZI:__TI_zero_init_nomemset:__TI_zero_init_nomemset</name>
         <load_address>0x3a10</load_address>
         <run_address>0x3a10</run_address>
         <size>0x1c</size>
         <input_file_ref idref="fl-d3"/>
      </object_component>
      <object_component id="oc-3ca">
         <name>.text:memccpy</name>
         <load_address>0x3a2c</load_address>
         <run_address>0x3a2c</run_address>
         <size>0x1c</size>
         <input_file_ref idref="fl-ed"/>
      </object_component>
      <object_component id="oc-12e">
         <name>.text:Timer_A_clearCaptureCompareInterrupt</name>
         <load_address>0x3a48</load_address>
         <run_address>0x3a48</run_address>
         <size>0x1a</size>
         <input_file_ref idref="fl-16"/>
      </object_component>
      <object_component id="oc-555">
         <name>.text:copysign</name>
         <load_address>0x3a62</load_address>
         <run_address>0x3a62</run_address>
         <size>0x1a</size>
         <input_file_ref idref="fl-f0"/>
      </object_component>
      <object_component id="oc-1c3">
         <name>.text:CS_getMCLK</name>
         <load_address>0x3a7c</load_address>
         <run_address>0x3a7c</run_address>
         <size>0x18</size>
         <input_file_ref idref="fl-d"/>
      </object_component>
      <object_component id="oc-1c9">
         <name>.text:CS_getSMCLK</name>
         <load_address>0x3a94</load_address>
         <run_address>0x3a94</run_address>
         <size>0x18</size>
         <input_file_ref idref="fl-d"/>
      </object_component>
      <object_component id="oc-e2">
         <name>.text:GPIO_clearInterruptFlag</name>
         <load_address>0x3aac</load_address>
         <run_address>0x3aac</run_address>
         <size>0x18</size>
         <input_file_ref idref="fl-10"/>
      </object_component>
      <object_component id="oc-d6">
         <name>.text:GPIO_getInputPinValue</name>
         <load_address>0x3ac4</load_address>
         <run_address>0x3ac4</run_address>
         <size>0x18</size>
         <input_file_ref idref="fl-10"/>
      </object_component>
      <object_component id="oc-1f1">
         <name>.text:GPIO_setOutputLowOnPin</name>
         <load_address>0x3adc</load_address>
         <run_address>0x3adc</run_address>
         <size>0x18</size>
         <input_file_ref idref="fl-10"/>
      </object_component>
      <object_component id="oc-18d">
         <name>.text:WDT_A_holdTimer</name>
         <load_address>0x3af4</load_address>
         <run_address>0x3af4</run_address>
         <size>0x18</size>
         <input_file_ref idref="fl-19"/>
      </object_component>
      <object_component id="oc-2fd">
         <name>.text:_outs</name>
         <load_address>0x3b0c</load_address>
         <run_address>0x3b0c</run_address>
         <size>0x18</size>
         <input_file_ref idref="fl-d0"/>
      </object_component>
      <object_component id="oc-4c7">
         <name>.text:strchr</name>
         <load_address>0x3b24</load_address>
         <run_address>0x3b24</run_address>
         <size>0x16</size>
         <input_file_ref idref="fl-ee"/>
      </object_component>
      <object_component id="oc-1b1">
         <name>.text:CS_setExternalClockSourceFrequency</name>
         <load_address>0x3b3c</load_address>
         <run_address>0x3b3c</run_address>
         <size>0x14</size>
         <input_file_ref idref="fl-d"/>
      </object_component>
      <object_component id="oc-19f">
         <name>.text:FPU_enableModule</name>
         <load_address>0x3b50</load_address>
         <run_address>0x3b50</run_address>
         <size>0x14</size>
         <input_file_ref idref="fl-f"/>
      </object_component>
      <object_component id="oc-be">
         <name>.text:GPIO_enableInterrupt</name>
         <load_address>0x3b64</load_address>
         <run_address>0x3b64</run_address>
         <size>0x14</size>
         <input_file_ref idref="fl-10"/>
      </object_component>
      <object_component id="oc-1f7">
         <name>.text:GPIO_setOutputHighOnPin</name>
         <load_address>0x3b78</load_address>
         <run_address>0x3b78</run_address>
         <size>0x14</size>
         <input_file_ref idref="fl-10"/>
      </object_component>
      <object_component id="oc-f4">
         <name>.text:SysTick_disableInterrupt</name>
         <load_address>0x3b8c</load_address>
         <run_address>0x3b8c</run_address>
         <size>0x14</size>
         <input_file_ref idref="fl-15"/>
      </object_component>
      <object_component id="oc-fa">
         <name>.text:SysTick_disableModule</name>
         <load_address>0x3ba0</load_address>
         <run_address>0x3ba0</run_address>
         <size>0x14</size>
         <input_file_ref idref="fl-15"/>
      </object_component>
      <object_component id="oc-ee">
         <name>.text:SysTick_enableInterrupt</name>
         <load_address>0x3bb4</load_address>
         <run_address>0x3bb4</run_address>
         <size>0x14</size>
         <input_file_ref idref="fl-15"/>
      </object_component>
      <object_component id="oc-e8">
         <name>.text:SysTick_enableModule</name>
         <load_address>0x3bc8</load_address>
         <run_address>0x3bc8</run_address>
         <size>0x14</size>
         <input_file_ref idref="fl-15"/>
      </object_component>
      <object_component id="oc-2c3">
         <name>.text:strlen</name>
         <load_address>0x3bdc</load_address>
         <run_address>0x3bdc</run_address>
         <size>0x14</size>
         <input_file_ref idref="fl-d6"/>
      </object_component>
      <object_component id="oc-3d0">
         <name>.text:wcslen</name>
         <load_address>0x3bf0</load_address>
         <run_address>0x3bf0</run_address>
         <size>0x12</size>
         <input_file_ref idref="fl-db"/>
      </object_component>
      <object_component id="oc-1a5">
         <name>.text:FPU_enableLazyStacking</name>
         <load_address>0x3c04</load_address>
         <run_address>0x3c04</run_address>
         <size>0x10</size>
         <input_file_ref idref="fl-f"/>
      </object_component>
      <object_component id="oc-270">
         <name>.text:GPIO_getInterruptStatus</name>
         <load_address>0x3c14</load_address>
         <run_address>0x3c14</run_address>
         <size>0x10</size>
         <input_file_ref idref="fl-10"/>
      </object_component>
      <object_component id="oc-164">
         <name>.text:Interrupt_enableMaster</name>
         <load_address>0x3c24</load_address>
         <run_address>0x3c24</run_address>
         <size>0x10</size>
         <input_file_ref idref="fl-11"/>
      </object_component>
      <object_component id="oc-3f8">
         <name>.text:PCM_gotoLPM4</name>
         <load_address>0x3c34</load_address>
         <run_address>0x3c34</run_address>
         <size>0x10</size>
         <input_file_ref idref="fl-12"/>
      </object_component>
      <object_component id="oc-427">
         <name>.text:SysCtl_disableNMISource</name>
         <load_address>0x3c44</load_address>
         <run_address>0x3c44</run_address>
         <size>0x10</size>
         <input_file_ref idref="fl-14"/>
      </object_component>
      <object_component id="oc-433">
         <name>.text:SysCtl_enableNMISource</name>
         <load_address>0x3c54</load_address>
         <run_address>0x3c54</run_address>
         <size>0x10</size>
         <input_file_ref idref="fl-14"/>
      </object_component>
      <object_component id="oc-134">
         <name>.text:Timer_A_getCaptureCompareCount</name>
         <load_address>0x3c64</load_address>
         <run_address>0x3c64</run_address>
         <size>0xe</size>
         <input_file_ref idref="fl-16"/>
      </object_component>
      <object_component id="oc-2da">
         <name>.text:Timer_A_setCompareValue</name>
         <load_address>0x3c72</load_address>
         <run_address>0x3c72</run_address>
         <size>0xe</size>
         <input_file_ref idref="fl-16"/>
      </object_component>
      <object_component id="oc-17c">
         <name>.text:UART_clearInterruptFlag</name>
         <load_address>0x3c80</load_address>
         <run_address>0x3c80</run_address>
         <size>0xe</size>
         <input_file_ref idref="fl-18"/>
      </object_component>
      <object_component id="oc-1d">
         <name>.text:decompress:none:__TI_decompress_none</name>
         <load_address>0x3c8e</load_address>
         <run_address>0x3c8e</run_address>
         <size>0xe</size>
         <input_file_ref idref="fl-d4"/>
      </object_component>
      <object_component id="oc-67">
         <name>.text</name>
         <load_address>0x3c9c</load_address>
         <run_address>0x3c9c</run_address>
         <size>0xe</size>
         <input_file_ref idref="fl-4"/>
      </object_component>
      <object_component id="oc-2ea">
         <name>.text:CPU_cpsie</name>
         <load_address>0x3caa</load_address>
         <run_address>0x3caa</run_address>
         <size>0xc</size>
         <input_file_ref idref="fl-1a"/>
      </object_component>
      <object_component id="oc-3ec">
         <name>.text:PCM_getPowerState</name>
         <load_address>0x3cb8</load_address>
         <run_address>0x3cb8</run_address>
         <size>0xc</size>
         <input_file_ref idref="fl-12"/>
      </object_component>
      <object_component id="oc-421">
         <name>.text:SysCtl_getNMISourceStatus</name>
         <load_address>0x3cc4</load_address>
         <run_address>0x3cc4</run_address>
         <size>0xc</size>
         <input_file_ref idref="fl-14"/>
      </object_component>
      <object_component id="oc-ca">
         <name>.text:SysTick_setPeriod</name>
         <load_address>0x3cd0</load_address>
         <run_address>0x3cd0</run_address>
         <size>0xc</size>
         <input_file_ref idref="fl-15"/>
      </object_component>
      <object_component id="oc-2bd">
         <name>.text:UART_enableModule</name>
         <load_address>0x3cdc</load_address>
         <run_address>0x3cdc</run_address>
         <size>0xc</size>
         <input_file_ref idref="fl-18"/>
      </object_component>
      <object_component id="oc-1eb">
         <name>.text:Timer32_clearInterruptFlag</name>
         <load_address>0x3ce8</load_address>
         <run_address>0x3ce8</run_address>
         <size>0xa</size>
         <input_file_ref idref="fl-17"/>
      </object_component>
      <object_component id="oc-1e4">
         <name>.text:Timer32_enableInterrupt</name>
         <load_address>0x3cf2</load_address>
         <run_address>0x3cf2</run_address>
         <size>0xa</size>
         <input_file_ref idref="fl-17"/>
      </object_component>
      <object_component id="oc-303">
         <name>.text:_outc</name>
         <load_address>0x3cfc</load_address>
         <run_address>0x3cfc</run_address>
         <size>0xa</size>
         <input_file_ref idref="fl-d0"/>
      </object_component>
      <object_component id="oc-4f4">
         <name>.text:PCM_setPowerMode</name>
         <load_address>0x3d06</load_address>
         <run_address>0x3d06</run_address>
         <size>0x8</size>
         <input_file_ref idref="fl-12"/>
      </object_component>
      <object_component id="oc-193">
         <name>.text:PCM_setPowerState</name>
         <load_address>0x3d0e</load_address>
         <run_address>0x3d0e</run_address>
         <size>0x8</size>
         <input_file_ref idref="fl-12"/>
      </object_component>
      <object_component id="oc-128">
         <name>.text:Timer_A_startCounter</name>
         <load_address>0x3d16</load_address>
         <run_address>0x3d16</run_address>
         <size>0x8</size>
         <input_file_ref idref="fl-16"/>
      </object_component>
      <object_component id="oc-3d6">
         <name>.text:__aeabi_errno_addr</name>
         <load_address>0x3d20</load_address>
         <run_address>0x3d20</run_address>
         <size>0x8</size>
         <input_file_ref idref="fl-ef"/>
      </object_component>
      <object_component id="oc-1b7">
         <name>.text:CS_startHFXT</name>
         <load_address>0x3d28</load_address>
         <run_address>0x3d28</run_address>
         <size>0x6</size>
         <input_file_ref idref="fl-d"/>
      </object_component>
      <object_component id="oc-170">
         <name>.text:UART_getInterruptStatus</name>
         <load_address>0x3d2e</load_address>
         <run_address>0x3d2e</run_address>
         <size>0x6</size>
         <input_file_ref idref="fl-18"/>
      </object_component>
      <object_component id="oc-4fa">
         <name>.text:CPU_wfi</name>
         <load_address>0x3d34</load_address>
         <run_address>0x3d34</run_address>
         <size>0x4</size>
         <input_file_ref idref="fl-1a"/>
      </object_component>
      <object_component id="oc-9f">
         <name>.text:_system_pre_init</name>
         <load_address>0x3d38</load_address>
         <run_address>0x3d38</run_address>
         <size>0x4</size>
         <input_file_ref idref="fl-e5"/>
      </object_component>
      <object_component id="oc-21a">
         <name>.text:abort:abort</name>
         <load_address>0x3d3c</load_address>
         <run_address>0x3d3c</run_address>
         <size>0x4</size>
         <input_file_ref idref="fl-e7"/>
      </object_component>
      <object_component id="oc-470">
         <name>.const:.string:_ctypes_</name>
         <load_address>0x3d40</load_address>
         <run_address>0x3d40</run_address>
         <size>0x101</size>
         <input_file_ref idref="fl-ec"/>
      </object_component>
      <object_component id="oc-333">
         <name>.const:.string</name>
         <load_address>0x3e44</load_address>
         <run_address>0x3e44</run_address>
         <size>0xbc</size>
         <input_file_ref idref="fl-2"/>
      </object_component>
      <object_component id="oc-26a">
         <name>.const</name>
         <load_address>0x3f00</load_address>
         <run_address>0x3f00</run_address>
         <size>0x40</size>
         <input_file_ref idref="fl-11"/>
      </object_component>
      <object_component id="oc-2cf">
         <name>.const:$P$T0$1</name>
         <load_address>0x3f40</load_address>
         <run_address>0x3f40</run_address>
         <size>0x24</size>
         <input_file_ref idref="fl-7"/>
      </object_component>
      <object_component id="oc-2e0">
         <name>.const:$P$T0$1</name>
         <load_address>0x3f64</load_address>
         <run_address>0x3f64</run_address>
         <size>0x18</size>
         <input_file_ref idref="fl-3"/>
      </object_component>
      <object_component id="oc-2e6">
         <name>.const:$P$T1$2</name>
         <load_address>0x3f7c</load_address>
         <run_address>0x3f7c</run_address>
         <size>0x18</size>
         <input_file_ref idref="fl-3"/>
      </object_component>
      <object_component id="oc-13d">
         <name>.const:$P$T1$2</name>
         <load_address>0x3f94</load_address>
         <run_address>0x3f94</run_address>
         <size>0x18</size>
         <input_file_ref idref="fl-6"/>
      </object_component>
      <object_component id="oc-140">
         <name>.const:$P$T2$3</name>
         <load_address>0x3fac</load_address>
         <run_address>0x3fac</run_address>
         <size>0x18</size>
         <input_file_ref idref="fl-6"/>
      </object_component>
      <object_component id="oc-13a">
         <name>.const:$P$T0$1</name>
         <load_address>0x3fc4</load_address>
         <run_address>0x3fc4</run_address>
         <size>0x10</size>
         <input_file_ref idref="fl-6"/>
      </object_component>
      <object_component id="oc-5bc">
         <name>.cinit..data.load</name>
         <load_address>0x3fd8</load_address>
         <run_address>0x3fd8</run_address>
         <size>0x55</size>
      </object_component>
      <object_component id="oc-5ba">
         <name>__TI_handler_table</name>
         <load_address>0x4030</load_address>
         <run_address>0x4030</run_address>
         <size>0xc</size>
      </object_component>
      <object_component id="oc-5bd">
         <name>.cinit..bss.load</name>
         <load_address>0x4040</load_address>
         <run_address>0x4040</run_address>
         <size>0x8</size>
      </object_component>
      <object_component id="oc-5bb">
         <name>__TI_cinit_table</name>
         <load_address>0x4048</load_address>
         <run_address>0x4048</run_address>
         <size>0x10</size>
      </object_component>
      <object_component id="oc-58e">
         <name>.binit</name>
         <load_address>0x0</load_address>
         <run_address>0x0</run_address>
         <size>0x0</size>
      </object_component>
      <object_component id="oc-100">
         <name>.data</name>
         <load_address>0x20000078</load_address>
         <run_address>0x20000078</run_address>
         <size>0x8</size>
         <input_file_ref idref="fl-1"/>
      </object_component>
      <object_component id="oc-103">
         <name>.data:bumpButtonList</name>
         <load_address>0x20000050</load_address>
         <run_address>0x20000050</run_address>
         <size>0x18</size>
         <input_file_ref idref="fl-1"/>
      </object_component>
      <object_component id="oc-1cf">
         <name>.data</name>
         <load_address>0x20000080</load_address>
         <run_address>0x20000080</run_address>
         <size>0x8</size>
         <input_file_ref idref="fl-2"/>
      </object_component>
      <object_component id="oc-2e3">
         <name>.data</name>
         <load_address>0x20000068</load_address>
         <run_address>0x20000068</run_address>
         <size>0x10</size>
         <input_file_ref idref="fl-3"/>
      </object_component>
      <object_component id="oc-258">
         <name>.data</name>
         <load_address>0x2000008c</load_address>
         <run_address>0x2000008c</run_address>
         <size>0x4</size>
         <input_file_ref idref="fl-5"/>
      </object_component>
      <object_component id="oc-143">
         <name>.data</name>
         <load_address>0x20000030</load_address>
         <run_address>0x20000030</run_address>
         <size>0x20</size>
         <input_file_ref idref="fl-6"/>
      </object_component>
      <object_component id="oc-25c">
         <name>.data:GPIO_PORT_TO_BASE</name>
         <load_address>0x20000000</load_address>
         <run_address>0x20000000</run_address>
         <size>0x30</size>
         <input_file_ref idref="fl-10"/>
      </object_component>
      <object_component id="oc-4d7">
         <name>.data</name>
         <load_address>0x20000088</load_address>
         <run_address>0x20000088</run_address>
         <size>0x4</size>
         <input_file_ref idref="fl-ef"/>
      </object_component>
      <object_component id="oc-106">
         <name>.common:bumpButton</name>
         <uninitialized>true</uninitialized>
         <run_address>0x20000090</run_address>
         <size>0x4</size>
      </object_component>
      <object_component id="oc-109">
         <name>.common:buttonStateIndex</name>
         <uninitialized>true</uninitialized>
         <run_address>0x20000094</run_address>
         <size>0x4</size>
      </object_component>
      <object_component id="oc-1ea">
         <name>.common:clockMCLK</name>
         <uninitialized>true</uninitialized>
         <run_address>0x20000098</run_address>
         <size>0x4</size>
      </object_component>
      <object_component id="oc-146">
         <name>.common:clockSMCLK</name>
         <uninitialized>true</uninitialized>
         <run_address>0x2000009c</run_address>
         <size>0x4</size>
      </object_component>
      <object_component id="oc-321">
         <name>.common:hfxtFreq</name>
         <uninitialized>true</uninitialized>
         <run_address>0x200000a0</run_address>
         <size>0x4</size>
      </object_component>
      <object_component id="oc-31e">
         <name>.common:lfxtFreq</name>
         <uninitialized>true</uninitialized>
         <run_address>0x200000a4</run_address>
         <size>0x4</size>
      </object_component>
      <object_component id="oc-29">
         <name>.stack</name>
         <uninitialized>true</uninitialized>
         <run_address>0x2000fe00</run_address>
         <size>0x4</size>
         <input_file_ref idref="fl-d7"/>
      </object_component>
      <object_component id="oc-5bf">
         <name>.stack</name>
         <uninitialized>true</uninitialized>
         <run_address>0x2000fe00</run_address>
         <size>0x0</size>
      </object_component>
      <object_component id="oc-107">
         <name>.debug_info</name>
         <load_address>0x0</load_address>
         <run_address>0x0</run_address>
         <size>0x8d2</size>
         <input_file_ref idref="fl-1"/>
      </object_component>
      <object_component id="oc-101">
         <name>.debug_info</name>
         <load_address>0x8d2</load_address>
         <run_address>0x8d2</run_address>
         <size>0xf6</size>
         <input_file_ref idref="fl-1"/>
      </object_component>
      <object_component id="oc-104">
         <name>.debug_info</name>
         <load_address>0x9c8</load_address>
         <run_address>0x9c8</run_address>
         <size>0xdb</size>
         <input_file_ref idref="fl-1"/>
      </object_component>
      <object_component id="oc-6e">
         <name>.debug_info</name>
         <load_address>0xaa3</load_address>
         <run_address>0xaa3</run_address>
         <size>0x4bd</size>
         <input_file_ref idref="fl-1"/>
      </object_component>
      <object_component id="oc-287">
         <name>.debug_info</name>
         <load_address>0xf60</load_address>
         <run_address>0xf60</run_address>
         <size>0x1055</size>
         <input_file_ref idref="fl-1"/>
      </object_component>
      <object_component id="oc-205">
         <name>.debug_info</name>
         <load_address>0x1fb5</load_address>
         <run_address>0x1fb5</run_address>
         <size>0x26b</size>
         <input_file_ref idref="fl-1"/>
      </object_component>
      <object_component id="oc-282">
         <name>.debug_info</name>
         <load_address>0x2220</load_address>
         <run_address>0x2220</run_address>
         <size>0x37e2</size>
         <input_file_ref idref="fl-1"/>
      </object_component>
      <object_component id="oc-14e">
         <name>.debug_info</name>
         <load_address>0x5a02</load_address>
         <run_address>0x5a02</run_address>
         <size>0x341</size>
         <input_file_ref idref="fl-1"/>
      </object_component>
      <object_component id="oc-32">
         <name>.debug_info</name>
         <load_address>0x5d43</load_address>
         <run_address>0x5d43</run_address>
         <size>0x84</size>
         <input_file_ref idref="fl-1"/>
      </object_component>
      <object_component id="oc-28c">
         <name>.debug_info</name>
         <load_address>0x5dc7</load_address>
         <run_address>0x5dc7</run_address>
         <size>0x2a4</size>
         <input_file_ref idref="fl-1"/>
      </object_component>
      <object_component id="oc-153">
         <name>.debug_info</name>
         <load_address>0x606b</load_address>
         <run_address>0x606b</run_address>
         <size>0xef</size>
         <input_file_ref idref="fl-1"/>
      </object_component>
      <object_component id="oc-10b">
         <name>.debug_info</name>
         <load_address>0x615a</load_address>
         <run_address>0x615a</run_address>
         <size>0xbb</size>
         <input_file_ref idref="fl-1"/>
      </object_component>
      <object_component id="oc-385">
         <name>.debug_info</name>
         <load_address>0x6215</load_address>
         <run_address>0x6215</run_address>
         <size>0xee</size>
         <input_file_ref idref="fl-1"/>
      </object_component>
      <object_component id="oc-147">
         <name>.debug_info</name>
         <load_address>0x6303</load_address>
         <run_address>0x6303</run_address>
         <size>0xe95</size>
         <input_file_ref idref="fl-2"/>
      </object_component>
      <object_component id="oc-1d0">
         <name>.debug_info</name>
         <load_address>0x7198</load_address>
         <run_address>0x7198</run_address>
         <size>0x103</size>
         <input_file_ref idref="fl-2"/>
      </object_component>
      <object_component id="oc-7a">
         <name>.debug_info</name>
         <load_address>0x729b</load_address>
         <run_address>0x729b</run_address>
         <size>0x8e6</size>
         <input_file_ref idref="fl-2"/>
      </object_component>
      <object_component id="oc-1fe">
         <name>.debug_info</name>
         <load_address>0x7b81</load_address>
         <run_address>0x7b81</run_address>
         <size>0x8b</size>
         <input_file_ref idref="fl-2"/>
      </object_component>
      <object_component id="oc-30b">
         <name>.debug_info</name>
         <load_address>0x7c0c</load_address>
         <run_address>0x7c0c</run_address>
         <size>0x2c</size>
         <input_file_ref idref="fl-2"/>
      </object_component>
      <object_component id="oc-149">
         <name>.debug_info</name>
         <load_address>0x7c38</load_address>
         <run_address>0x7c38</run_address>
         <size>0x724</size>
         <input_file_ref idref="fl-3"/>
      </object_component>
      <object_component id="oc-2e4">
         <name>.debug_info</name>
         <load_address>0x835c</load_address>
         <run_address>0x835c</run_address>
         <size>0x188</size>
         <input_file_ref idref="fl-3"/>
      </object_component>
      <object_component id="oc-2e1">
         <name>.debug_info</name>
         <load_address>0x84e4</load_address>
         <run_address>0x84e4</run_address>
         <size>0xc6</size>
         <input_file_ref idref="fl-3"/>
      </object_component>
      <object_component id="oc-2e7">
         <name>.debug_info</name>
         <load_address>0x85aa</load_address>
         <run_address>0x85aa</run_address>
         <size>0xc6</size>
         <input_file_ref idref="fl-3"/>
      </object_component>
      <object_component id="oc-15f">
         <name>.debug_info</name>
         <load_address>0x8670</load_address>
         <run_address>0x8670</run_address>
         <size>0xa48</size>
         <input_file_ref idref="fl-3"/>
      </object_component>
      <object_component id="oc-2ab">
         <name>.debug_info</name>
         <load_address>0x90b8</load_address>
         <run_address>0x90b8</run_address>
         <size>0x37e2</size>
         <input_file_ref idref="fl-3"/>
      </object_component>
      <object_component id="oc-81">
         <name>.debug_info</name>
         <load_address>0xc89a</load_address>
         <run_address>0xc89a</run_address>
         <size>0x2bf</size>
         <input_file_ref idref="fl-4"/>
      </object_component>
      <object_component id="oc-27">
         <name>.debug_info</name>
         <load_address>0xcb59</load_address>
         <run_address>0xcb59</run_address>
         <size>0xeb</size>
         <input_file_ref idref="fl-4"/>
      </object_component>
      <object_component id="oc-68">
         <name>.debug_info</name>
         <load_address>0xcc44</load_address>
         <run_address>0xcc44</run_address>
         <size>0x1b2</size>
         <input_file_ref idref="fl-4"/>
      </object_component>
      <object_component id="oc-259">
         <name>.debug_info</name>
         <load_address>0xcdf6</load_address>
         <run_address>0xcdf6</run_address>
         <size>0xe4</size>
         <input_file_ref idref="fl-5"/>
      </object_component>
      <object_component id="oc-b2">
         <name>.debug_info</name>
         <load_address>0xceda</load_address>
         <run_address>0xceda</run_address>
         <size>0x256</size>
         <input_file_ref idref="fl-5"/>
      </object_component>
      <object_component id="oc-14b">
         <name>.debug_info</name>
         <load_address>0xd130</load_address>
         <run_address>0xd130</run_address>
         <size>0x833</size>
         <input_file_ref idref="fl-6"/>
      </object_component>
      <object_component id="oc-144">
         <name>.debug_info</name>
         <load_address>0xd963</load_address>
         <run_address>0xd963</run_address>
         <size>0x191</size>
         <input_file_ref idref="fl-6"/>
      </object_component>
      <object_component id="oc-13b">
         <name>.debug_info</name>
         <load_address>0xdaf4</load_address>
         <run_address>0xdaf4</run_address>
         <size>0xcb</size>
         <input_file_ref idref="fl-6"/>
      </object_component>
      <object_component id="oc-13e">
         <name>.debug_info</name>
         <load_address>0xdbbf</load_address>
         <run_address>0xdbbf</run_address>
         <size>0xcb</size>
         <input_file_ref idref="fl-6"/>
      </object_component>
      <object_component id="oc-141">
         <name>.debug_info</name>
         <load_address>0xdc8a</load_address>
         <run_address>0xdc8a</run_address>
         <size>0xcb</size>
         <input_file_ref idref="fl-6"/>
      </object_component>
      <object_component id="oc-74">
         <name>.debug_info</name>
         <load_address>0xdd55</load_address>
         <run_address>0xdd55</run_address>
         <size>0x6ad</size>
         <input_file_ref idref="fl-6"/>
      </object_component>
      <object_component id="oc-2b2">
         <name>.debug_info</name>
         <load_address>0xe402</load_address>
         <run_address>0xe402</run_address>
         <size>0x37e2</size>
         <input_file_ref idref="fl-6"/>
      </object_component>
      <object_component id="oc-2d3">
         <name>.debug_info</name>
         <load_address>0x11be4</load_address>
         <run_address>0x11be4</run_address>
         <size>0x710</size>
         <input_file_ref idref="fl-7"/>
      </object_component>
      <object_component id="oc-2d0">
         <name>.debug_info</name>
         <load_address>0x122f4</load_address>
         <run_address>0x122f4</run_address>
         <size>0xc5</size>
         <input_file_ref idref="fl-7"/>
      </object_component>
      <object_component id="oc-159">
         <name>.debug_info</name>
         <load_address>0x123b9</load_address>
         <run_address>0x123b9</run_address>
         <size>0x258</size>
         <input_file_ref idref="fl-7"/>
      </object_component>
      <object_component id="oc-380">
         <name>.debug_info</name>
         <load_address>0x12611</load_address>
         <run_address>0x12611</run_address>
         <size>0x37e2</size>
         <input_file_ref idref="fl-7"/>
      </object_component>
      <object_component id="oc-211">
         <name>.debug_info</name>
         <load_address>0x15df3</load_address>
         <run_address>0x15df3</run_address>
         <size>0x2c</size>
         <input_file_ref idref="fl-7"/>
      </object_component>
      <object_component id="oc-38a">
         <name>.debug_info</name>
         <load_address>0x15e1f</load_address>
         <run_address>0x15e1f</run_address>
         <size>0x35</size>
         <input_file_ref idref="fl-7"/>
      </object_component>
      <object_component id="oc-31f">
         <name>.debug_info</name>
         <load_address>0x15e54</load_address>
         <run_address>0x15e54</run_address>
         <size>0x5ef</size>
         <input_file_ref idref="fl-d"/>
      </object_component>
      <object_component id="oc-431">
         <name>.debug_info</name>
         <load_address>0x16443</load_address>
         <run_address>0x16443</run_address>
         <size>0xfc</size>
         <input_file_ref idref="fl-d"/>
      </object_component>
      <object_component id="oc-327">
         <name>.debug_info</name>
         <load_address>0x1653f</load_address>
         <run_address>0x1653f</run_address>
         <size>0x23c</size>
         <input_file_ref idref="fl-d"/>
      </object_component>
      <object_component id="oc-1bb">
         <name>.debug_info</name>
         <load_address>0x1677b</load_address>
         <run_address>0x1677b</run_address>
         <size>0x122</size>
         <input_file_ref idref="fl-d"/>
      </object_component>
      <object_component id="oc-1b5">
         <name>.debug_info</name>
         <load_address>0x1689d</load_address>
         <run_address>0x1689d</run_address>
         <size>0x1dd</size>
         <input_file_ref idref="fl-d"/>
      </object_component>
      <object_component id="oc-1c1">
         <name>.debug_info</name>
         <load_address>0x16a7a</load_address>
         <run_address>0x16a7a</run_address>
         <size>0x1b9</size>
         <input_file_ref idref="fl-d"/>
      </object_component>
      <object_component id="oc-43e">
         <name>.debug_info</name>
         <load_address>0x16c33</load_address>
         <run_address>0x16c33</run_address>
         <size>0x131</size>
         <input_file_ref idref="fl-d"/>
      </object_component>
      <object_component id="oc-51e">
         <name>.debug_info</name>
         <load_address>0x16d64</load_address>
         <run_address>0x16d64</run_address>
         <size>0x129</size>
         <input_file_ref idref="fl-d"/>
      </object_component>
      <object_component id="oc-444">
         <name>.debug_info</name>
         <load_address>0x16e8d</load_address>
         <run_address>0x16e8d</run_address>
         <size>0x1dd</size>
         <input_file_ref idref="fl-d"/>
      </object_component>
      <object_component id="oc-449">
         <name>.debug_info</name>
         <load_address>0x1706a</load_address>
         <run_address>0x1706a</run_address>
         <size>0x120</size>
         <input_file_ref idref="fl-d"/>
      </object_component>
      <object_component id="oc-32e">
         <name>.debug_info</name>
         <load_address>0x1718a</load_address>
         <run_address>0x1718a</run_address>
         <size>0x1d8</size>
         <input_file_ref idref="fl-d"/>
      </object_component>
      <object_component id="oc-1cc">
         <name>.debug_info</name>
         <load_address>0x17362</load_address>
         <run_address>0x17362</run_address>
         <size>0x132</size>
         <input_file_ref idref="fl-d"/>
      </object_component>
      <object_component id="oc-1c6">
         <name>.debug_info</name>
         <load_address>0x17494</load_address>
         <run_address>0x17494</run_address>
         <size>0x130</size>
         <input_file_ref idref="fl-d"/>
      </object_component>
      <object_component id="oc-41a">
         <name>.debug_info</name>
         <load_address>0x175c4</load_address>
         <run_address>0x175c4</run_address>
         <size>0x1b5</size>
         <input_file_ref idref="fl-d"/>
      </object_component>
      <object_component id="oc-363">
         <name>.debug_info</name>
         <load_address>0x17779</load_address>
         <run_address>0x17779</run_address>
         <size>0x103e</size>
         <input_file_ref idref="fl-d"/>
      </object_component>
      <object_component id="oc-260">
         <name>.debug_info</name>
         <load_address>0x187b7</load_address>
         <run_address>0x187b7</run_address>
         <size>0x18b</size>
         <input_file_ref idref="fl-d"/>
      </object_component>
      <object_component id="oc-31a">
         <name>.debug_info</name>
         <load_address>0x18942</load_address>
         <run_address>0x18942</run_address>
         <size>0x5c8</size>
         <input_file_ref idref="fl-e"/>
      </object_component>
      <object_component id="oc-19a">
         <name>.debug_info</name>
         <load_address>0x18f0a</load_address>
         <run_address>0x18f0a</run_address>
         <size>0x175</size>
         <input_file_ref idref="fl-e"/>
      </object_component>
      <object_component id="oc-1a0">
         <name>.debug_info</name>
         <load_address>0x1907f</load_address>
         <run_address>0x1907f</run_address>
         <size>0xf0</size>
         <input_file_ref idref="fl-f"/>
      </object_component>
      <object_component id="oc-1a6">
         <name>.debug_info</name>
         <load_address>0x1916f</load_address>
         <run_address>0x1916f</run_address>
         <size>0xfc</size>
         <input_file_ref idref="fl-f"/>
      </object_component>
      <object_component id="oc-265">
         <name>.debug_info</name>
         <load_address>0x1926b</load_address>
         <run_address>0x1926b</run_address>
         <size>0x4a4</size>
         <input_file_ref idref="fl-10"/>
      </object_component>
      <object_component id="oc-25d">
         <name>.debug_info</name>
         <load_address>0x1970f</load_address>
         <run_address>0x1970f</run_address>
         <size>0xd0</size>
         <input_file_ref idref="fl-10"/>
      </object_component>
      <object_component id="oc-1f2">
         <name>.debug_info</name>
         <load_address>0x197df</load_address>
         <run_address>0x197df</run_address>
         <size>0x183</size>
         <input_file_ref idref="fl-10"/>
      </object_component>
      <object_component id="oc-1f8">
         <name>.debug_info</name>
         <load_address>0x19962</load_address>
         <run_address>0x19962</run_address>
         <size>0x185</size>
         <input_file_ref idref="fl-10"/>
      </object_component>
      <object_component id="oc-1ac">
         <name>.debug_info</name>
         <load_address>0x19ae7</load_address>
         <run_address>0x19ae7</run_address>
         <size>0x1dd</size>
         <input_file_ref idref="fl-10"/>
      </object_component>
      <object_component id="oc-117">
         <name>.debug_info</name>
         <load_address>0x19cc4</load_address>
         <run_address>0x19cc4</run_address>
         <size>0x1db</size>
         <input_file_ref idref="fl-10"/>
      </object_component>
      <object_component id="oc-1d3">
         <name>.debug_info</name>
         <load_address>0x19e9f</load_address>
         <run_address>0x19e9f</run_address>
         <size>0x19c</size>
         <input_file_ref idref="fl-10"/>
      </object_component>
      <object_component id="oc-b9">
         <name>.debug_info</name>
         <load_address>0x1a03b</load_address>
         <run_address>0x1a03b</run_address>
         <size>0x1be</size>
         <input_file_ref idref="fl-10"/>
      </object_component>
      <object_component id="oc-123">
         <name>.debug_info</name>
         <load_address>0x1a1f9</load_address>
         <run_address>0x1a1f9</run_address>
         <size>0x19a</size>
         <input_file_ref idref="fl-10"/>
      </object_component>
      <object_component id="oc-c5">
         <name>.debug_info</name>
         <load_address>0x1a393</load_address>
         <run_address>0x1a393</run_address>
         <size>0x1e3</size>
         <input_file_ref idref="fl-10"/>
      </object_component>
      <object_component id="oc-271">
         <name>.debug_info</name>
         <load_address>0x1a576</load_address>
         <run_address>0x1a576</run_address>
         <size>0x189</size>
         <input_file_ref idref="fl-10"/>
      </object_component>
      <object_component id="oc-d7">
         <name>.debug_info</name>
         <load_address>0x1a6ff</load_address>
         <run_address>0x1a6ff</run_address>
         <size>0x185</size>
         <input_file_ref idref="fl-10"/>
      </object_component>
      <object_component id="oc-dd">
         <name>.debug_info</name>
         <load_address>0x1a884</load_address>
         <run_address>0x1a884</run_address>
         <size>0x1ae</size>
         <input_file_ref idref="fl-10"/>
      </object_component>
      <object_component id="oc-bf">
         <name>.debug_info</name>
         <load_address>0x1aa32</load_address>
         <run_address>0x1aa32</run_address>
         <size>0x17f</size>
         <input_file_ref idref="fl-10"/>
      </object_component>
      <object_component id="oc-e3">
         <name>.debug_info</name>
         <load_address>0x1abb1</load_address>
         <run_address>0x1abb1</run_address>
         <size>0x188</size>
         <input_file_ref idref="fl-10"/>
      </object_component>
      <object_component id="oc-26e">
         <name>.debug_info</name>
         <load_address>0x1ad39</load_address>
         <run_address>0x1ad39</run_address>
         <size>0x432</size>
         <input_file_ref idref="fl-11"/>
      </object_component>
      <object_component id="oc-26b">
         <name>.debug_info</name>
         <load_address>0x1b16b</load_address>
         <run_address>0x1b16b</run_address>
         <size>0x173</size>
         <input_file_ref idref="fl-11"/>
      </object_component>
      <object_component id="oc-165">
         <name>.debug_info</name>
         <load_address>0x1b2de</load_address>
         <run_address>0x1b2de</run_address>
         <size>0x122</size>
         <input_file_ref idref="fl-11"/>
      </object_component>
      <object_component id="oc-d1">
         <name>.debug_info</name>
         <load_address>0x1b400</load_address>
         <run_address>0x1b400</run_address>
         <size>0x16b</size>
         <input_file_ref idref="fl-11"/>
      </object_component>
      <object_component id="oc-417">
         <name>.debug_info</name>
         <load_address>0x1b56b</load_address>
         <run_address>0x1b56b</run_address>
         <size>0x560</size>
         <input_file_ref idref="fl-12"/>
      </object_component>
      <object_component id="oc-3ff">
         <name>.debug_info</name>
         <load_address>0x1bacb</load_address>
         <run_address>0x1bacb</run_address>
         <size>0x174</size>
         <input_file_ref idref="fl-12"/>
      </object_component>
      <object_component id="oc-3ed">
         <name>.debug_info</name>
         <load_address>0x1bc3f</load_address>
         <run_address>0x1bc3f</run_address>
         <size>0xf9</size>
         <input_file_ref idref="fl-12"/>
      </object_component>
      <object_component id="oc-4ef">
         <name>.debug_info</name>
         <load_address>0x1bd38</load_address>
         <run_address>0x1bd38</run_address>
         <size>0x112</size>
         <input_file_ref idref="fl-12"/>
      </object_component>
      <object_component id="oc-40b">
         <name>.debug_info</name>
         <load_address>0x1be4a</load_address>
         <run_address>0x1be4a</run_address>
         <size>0x291</size>
         <input_file_ref idref="fl-12"/>
      </object_component>
      <object_component id="oc-4f5">
         <name>.debug_info</name>
         <load_address>0x1c0db</load_address>
         <run_address>0x1c0db</run_address>
         <size>0x12e</size>
         <input_file_ref idref="fl-12"/>
      </object_component>
      <object_component id="oc-194">
         <name>.debug_info</name>
         <load_address>0x1c209</load_address>
         <run_address>0x1c209</run_address>
         <size>0x133</size>
         <input_file_ref idref="fl-12"/>
      </object_component>
      <object_component id="oc-3f3">
         <name>.debug_info</name>
         <load_address>0x1c33c</load_address>
         <run_address>0x1c33c</run_address>
         <size>0x1b7</size>
         <input_file_ref idref="fl-12"/>
      </object_component>
      <object_component id="oc-3f9">
         <name>.debug_info</name>
         <load_address>0x1c4f3</load_address>
         <run_address>0x1c4f3</run_address>
         <size>0x12e</size>
         <input_file_ref idref="fl-12"/>
      </object_component>
      <object_component id="oc-50a">
         <name>.debug_info</name>
         <load_address>0x1c621</load_address>
         <run_address>0x1c621</run_address>
         <size>0x120</size>
         <input_file_ref idref="fl-12"/>
      </object_component>
      <object_component id="oc-405">
         <name>.debug_info</name>
         <load_address>0x1c741</load_address>
         <run_address>0x1c741</run_address>
         <size>0x311</size>
         <input_file_ref idref="fl-12"/>
      </object_component>
      <object_component id="oc-411">
         <name>.debug_info</name>
         <load_address>0x1ca52</load_address>
         <run_address>0x1ca52</run_address>
         <size>0xfd</size>
         <input_file_ref idref="fl-12"/>
      </object_component>
      <object_component id="oc-313">
         <name>.debug_info</name>
         <load_address>0x1cb4f</load_address>
         <run_address>0x1cb4f</run_address>
         <size>0x54c</size>
         <input_file_ref idref="fl-12"/>
      </object_component>
      <object_component id="oc-502">
         <name>.debug_info</name>
         <load_address>0x1d09b</load_address>
         <run_address>0x1d09b</run_address>
         <size>0xf4</size>
         <input_file_ref idref="fl-13"/>
      </object_component>
      <object_component id="oc-516">
         <name>.debug_info</name>
         <load_address>0x1d18f</load_address>
         <run_address>0x1d18f</run_address>
         <size>0x379</size>
         <input_file_ref idref="fl-14"/>
      </object_component>
      <object_component id="oc-521">
         <name>.debug_info</name>
         <load_address>0x1d508</load_address>
         <run_address>0x1d508</run_address>
         <size>0x1d6</size>
         <input_file_ref idref="fl-14"/>
      </object_component>
      <object_component id="oc-422">
         <name>.debug_info</name>
         <load_address>0x1d6de</load_address>
         <run_address>0x1d6de</run_address>
         <size>0x10f</size>
         <input_file_ref idref="fl-14"/>
      </object_component>
      <object_component id="oc-434">
         <name>.debug_info</name>
         <load_address>0x1d7ed</load_address>
         <run_address>0x1d7ed</run_address>
         <size>0x12b</size>
         <input_file_ref idref="fl-14"/>
      </object_component>
      <object_component id="oc-428">
         <name>.debug_info</name>
         <load_address>0x1d918</load_address>
         <run_address>0x1d918</run_address>
         <size>0x12d</size>
         <input_file_ref idref="fl-14"/>
      </object_component>
      <object_component id="oc-269">
         <name>.debug_info</name>
         <load_address>0x1da45</load_address>
         <run_address>0x1da45</run_address>
         <size>0x3fa</size>
         <input_file_ref idref="fl-15"/>
      </object_component>
      <object_component id="oc-cb">
[...]
      </symbol>
      <symbol id="sm-4e9">
         <name>PCM_gotoLPM4</name>
         <value>0x3c35</value>
         <object_component_ref idref="oc-3f8"/>
      </symbol>
      <symbol id="sm-4ea">
         <name>PCM_gotoLPM3</name>
         <value>0x2f21</value>
         <object_component_ref idref="oc-3f2"/>
      </symbol>
      <symbol id="sm-4eb">
         <name>PCM_gotoLPM0</name>
         <value>0x38ad</value>
         <object_component_ref idref="oc-410"/>
      </symbol>
      <symbol id="sm-4ec">
         <name>PCM_setPowerMode</name>
         <value>0x3d07</value>
         <object_component_ref idref="oc-4f4"/>
      </symbol>
      <symbol id="sm-4f9">
         <name>RTC_C_holdClock</name>
         <value>0x391d</value>
         <object_component_ref idref="oc-501"/>
      </symbol>
      <symbol id="sm-52c">
         <name>SysCtl_getNMISourceStatus</name>
         <value>0x3cc5</value>
         <object_component_ref idref="oc-421"/>
      </symbol>
      <symbol id="sm-52d">
         <name>SysCtl_enableNMISource</name>
         <value>0x3c55</value>
         <object_component_ref idref="oc-433"/>
      </symbol>
      <symbol id="sm-52e">
         <name>SysCtl_disableNMISource</name>
         <value>0x3c45</value>
         <object_component_ref idref="oc-427"/>
      </symbol>
      <symbol id="sm-52f">
         <name>SysCtl_getTLVInfo</name>
         <value>0x3375</value>
         <object_component_ref idref="oc-520"/>
      </symbol>
      <symbol id="sm-566">
         <name>SysTick_setPeriod</name>
         <value>0x3cd1</value>
         <object_component_ref idref="oc-ca"/>
      </symbol>
      <symbol id="sm-567">
         <name>SysTick_disableModule</name>
         <value>0x3ba1</value>
         <object_component_ref idref="oc-fa"/>
      </symbol>
      <symbol id="sm-568">
         <name>SysTick_disableInterrupt</name>
         <value>0x3b8d</value>
         <object_component_ref idref="oc-f4"/>
      </symbol>
      <symbol id="sm-569">
         <name>SysTick_enableInterrupt</name>
         <value>0x3bb5</value>
         <object_component_ref idref="oc-ee"/>
      </symbol>
      <symbol id="sm-56a">
         <name>SysTick_enableModule</name>
         <value>0x3bc9</value>
         <object_component_ref idref="oc-e8"/>
      </symbol>
      <symbol id="sm-5c1">
         <name>Timer_A_setCompareValue</name>
         <value>0x3c73</value>
         <object_component_ref idref="oc-2da"/>
      </symbol>
      <symbol id="sm-5c2">
         <name>Timer_A_clearCaptureCompareInterrupt</name>
         <value>0x3a49</value>
         <object_component_ref idref="oc-12e"/>
      </symbol>
      <symbol id="sm-5c3">
         <name>Timer_A_generatePWM</name>
         <value>0x3539</value>
         <object_component_ref idref="oc-2d4"/>
      </symbol>
      <symbol id="sm-5c4">
         <name>Timer_A_startCounter</name>
         <value>0x3d17</value>
         <object_component_ref idref="oc-128"/>
      </symbol>
      <symbol id="sm-5c5">
         <name>Timer_A_initCapture</name>
         <value>0x37a1</value>
         <object_component_ref idref="oc-11c"/>
      </symbol>
      <symbol id="sm-5c6">
         <name>Timer_A_getCaptureCompareCount</name>
         <value>0x3c65</value>
         <object_component_ref idref="oc-134"/>
      </symbol>
      <symbol id="sm-5c7">
         <name>Timer_A_configureContinuousMode</name>
         <value>0x3965</value>
         <object_component_ref idref="oc-110"/>
      </symbol>
      <symbol id="sm-600">
         <name>Timer32_startTimer</name>
         <value>0x39f1</value>
         <object_component_ref idref="oc-16a"/>
      </symbol>
      <symbol id="sm-601">
         <name>Timer32_enableInterrupt</name>
         <value>0x3cf3</value>
         <object_component_ref idref="oc-1e4"/>
      </symbol>
      <symbol id="sm-602">
         <name>Timer32_setCount</name>
         <value>0x3941</value>
         <object_component_ref idref="oc-1de"/>
      </symbol>
      <symbol id="sm-603">
         <name>Timer32_initModule</name>
         <value>0x34f1</value>
         <object_component_ref idref="oc-1d8"/>
      </symbol>
      <symbol id="sm-604">
         <name>Timer32_clearInterruptFlag</name>
         <value>0x3ce9</value>
         <object_component_ref idref="oc-1eb"/>
      </symbol>
      <symbol id="sm-64d">
         <name>UART_receiveData</name>
         <value>0x3989</value>
         <object_component_ref idref="oc-176"/>
      </symbol>
      <symbol id="sm-64e">
         <name>UART_enableModule</name>
         <value>0x3cdd</value>
         <object_component_ref idref="oc-2bd"/>
      </symbol>
      <symbol id="sm-64f">
         <name>UART_transmitData</name>
         <value>0x39ad</value>
         <object_component_ref idref="oc-2c9"/>
      </symbol>
      <symbol id="sm-650">
         <name>UART_getInterruptStatus</name>
         <value>0x3d2f</value>
         <object_component_ref idref="oc-170"/>
      </symbol>
      <symbol id="sm-651">
         <name>UART_initModule</name>
         <value>0x2cfd</value>
         <object_component_ref idref="oc-2b7"/>
      </symbol>
      <symbol id="sm-652">
         <name>UART_clearInterruptFlag</name>
         <value>0x3c81</value>
         <object_component_ref idref="oc-17c"/>
      </symbol>
      <symbol id="sm-65e">
         <name>WDT_A_holdTimer</name>
         <value>0x3af5</value>
         <object_component_ref idref="oc-18d"/>
      </symbol>
      <symbol id="sm-670">
         <name>CPU_wfi</name>
         <value>0x3d35</value>
         <object_component_ref idref="oc-4fa"/>
      </symbol>
      <symbol id="sm-671">
         <name>CPU_cpsie</name>
         <value>0x3cab</value>
         <object_component_ref idref="oc-2ea"/>
      </symbol>
      <symbol id="sm-698">
         <name>sprintf</name>
         <value>0x3655</value>
         <object_component_ref idref="oc-182"/>
      </symbol>
      <symbol id="sm-6a3">
         <name>__aeabi_f2d</name>
         <value>0x36d3</value>
         <object_component_ref idref="oc-188"/>
      </symbol>
      <symbol id="sm-6be">
         <name>memcpy</name>
         <value>0x2bc9</value>
         <object_component_ref idref="oc-37"/>
      </symbol>
      <symbol id="sm-6bf">
         <name>__aeabi_memcpy</name>
         <value>0x2bc9</value>
         <object_component_ref idref="oc-37"/>
      </symbol>
      <symbol id="sm-6c0">
         <name>__aeabi_memcpy8</name>
         <value>0x2bc9</value>
         <object_component_ref idref="oc-37"/>
      </symbol>
      <symbol id="sm-6c1">
         <name>__aeabi_memcpy4</name>
         <value>0x2bc9</value>
         <object_component_ref idref="oc-37"/>
      </symbol>
      <symbol id="sm-6d5">
         <name>__TI_zero_init_nomemset</name>
         <value>0x3a11</value>
         <object_component_ref idref="oc-43"/>
      </symbol>
      <symbol id="sm-6ec">
         <name>__TI_decompress_none</name>
         <value>0x3c8f</value>
         <object_component_ref idref="oc-1d"/>
      </symbol>
      <symbol id="sm-70f">
         <name>__TI_decompress_lzss</name>
         <value>0x30f7</value>
         <object_component_ref idref="oc-17"/>
      </symbol>
      <symbol id="sm-71d">
         <name>strlen</name>
         <value>0x3bdd</value>
         <object_component_ref idref="oc-2c3"/>
      </symbol>
      <symbol id="sm-730">
         <name>__stack</name>
         <value>0x2000fe00</value>
         <object_component_ref idref="oc-29"/>
      </symbol>
      <symbol id="sm-731">
         <name>_c_int00_noargs</name>
         <value>0x370d</value>
         <object_component_ref idref="oc-55"/>
      </symbol>
      <symbol id="sm-896">
         <name>__TI_printfi</name>
         <value>0xe5</value>
         <object_component_ref idref="oc-2f7"/>
      </symbol>
      <symbol id="sm-8b6">
         <name>frexpl</name>
         <value>0x31c5</value>
         <object_component_ref idref="oc-4bb"/>
      </symbol>
      <symbol id="sm-8b7">
         <name>frexp</name>
         <value>0x31c5</value>
         <object_component_ref idref="oc-4bb"/>
      </symbol>
      <symbol id="sm-8d4">
         <name>scalbn</name>
         <value>0x23ad</value>
         <object_component_ref idref="oc-4c1"/>
      </symbol>
      <symbol id="sm-8d5">
         <name>scalbnl</name>
         <value>0x23ad</value>
         <object_component_ref idref="oc-4c1"/>
      </symbol>
      <symbol id="sm-8d6">
         <name>ldexpl</name>
         <value>0x23ad</value>
         <object_component_ref idref="oc-4c1"/>
      </symbol>
      <symbol id="sm-8d7">
         <name>ldexp</name>
         <value>0x23ad</value>
         <object_component_ref idref="oc-4c1"/>
      </symbol>
      <symbol id="sm-8f0">
         <name>wcslen</name>
         <value>0x3bf1</value>
         <object_component_ref idref="oc-3d0"/>
      </symbol>
      <symbol id="sm-907">
         <name>__aeabi_dsub</name>
         <value>0x19b9</value>
         <object_component_ref idref="oc-49b"/>
      </symbol>
      <symbol id="sm-908">
         <name>__aeabi_dadd</name>
         <value>0x19c3</value>
         <object_component_ref idref="oc-49b"/>
      </symbol>
      <symbol id="sm-92a">
         <name>__aeabi_cdcmpeq</name>
         <value>0x2d91</value>
         <object_component_ref idref="oc-3ad"/>
      </symbol>
      <symbol id="sm-92b">
         <name>__aeabi_cdcmple</name>
         <value>0x2d91</value>
         <object_component_ref idref="oc-3ad"/>
      </symbol>
      <symbol id="sm-92c">
         <name>__aeabi_cdrcmple</name>
         <value>0x2e17</value>
         <object_component_ref idref="oc-486"/>
      </symbol>
      <symbol id="sm-940">
         <name>__aeabi_ddiv</name>
         <value>0x2151</value>
         <object_component_ref idref="oc-481"/>
      </symbol>
      <symbol id="sm-94b">
         <name>__aeabi_dmul</name>
         <value>0x25c1</value>
         <object_component_ref idref="oc-47c"/>
      </symbol>
      <symbol id="sm-955">
         <name>__aeabi_d2iz</name>
         <value>0x35c9</value>
         <object_component_ref idref="oc-48b"/>
      </symbol>
      <symbol id="sm-95f">
         <name>__aeabi_i2d</name>
         <value>0x37d1</value>
         <object_component_ref idref="oc-496"/>
      </symbol>
      <symbol id="sm-96c">
         <name>__aeabi_uldivmod</name>
         <value>0x2c65</value>
         <object_component_ref idref="oc-475"/>
      </symbol>
      <symbol id="sm-97b">
         <name>__aeabi_memset</name>
         <value>0x2f9f</value>
         <object_component_ref idref="oc-99"/>
      </symbol>
      <symbol id="sm-97c">
         <name>memset</name>
         <value>0x2fa5</value>
         <object_component_ref idref="oc-99"/>
      </symbol>
      <symbol id="sm-97d">
         <name>__aeabi_memset8</name>
         <value>0x2f9f</value>
         <object_component_ref idref="oc-99"/>
      </symbol>
      <symbol id="sm-97e">
         <name>__aeabi_memset4</name>
         <value>0x2f9f</value>
         <object_component_ref idref="oc-99"/>
      </symbol>
      <symbol id="sm-97f">
         <name>__aeabi_memclr8</name>
         <value>0x2f9d</value>
         <object_component_ref idref="oc-99"/>
      </symbol>
      <symbol id="sm-980">
         <name>__aeabi_memclr4</name>
         <value>0x2f9d</value>
         <object_component_ref idref="oc-99"/>
      </symbol>
      <symbol id="sm-981">
         <name>__aeabi_memclr</name>
         <value>0x2f9d</value>
         <object_component_ref idref="oc-99"/>
      </symbol>
      <symbol id="sm-9a9">
         <name>__TI_auto_init_nobinit_nopinit</name>
         <value>0x3611</value>
         <object_component_ref idref="oc-226"/>
      </symbol>
      <symbol id="sm-9b3">
         <name>_system_pre_init</name>
         <value>0x3d39</value>
         <object_component_ref idref="oc-9f"/>
      </symbol>
      <symbol id="sm-9bf">
         <name>C$$EXIT</name>
         <value>0x3d3d</value>
         <object_component_ref idref="oc-21a"/>
      </symbol>
      <symbol id="sm-9c0">
         <name>abort</name>
         <value>0x3d3d</value>
         <object_component_ref idref="oc-21a"/>
      </symbol>
      <symbol id="sm-9d0">
         <name>__TI_ltoa</name>
         <value>0x327f</value>
         <object_component_ref idref="oc-490"/>
      </symbol>
      <symbol id="sm-9e7">
         <name>atoi</name>
         <value>0x345d</value>
         <object_component_ref idref="oc-3a1"/>
      </symbol>
      <symbol id="sm-9f2">
         <name>_ctypes_</name>
         <value>0x3d40</value>
         <object_component_ref idref="oc-470"/>
      </symbol>
      <symbol id="sm-a02">
         <name>memccpy</name>
         <value>0x3a2d</value>
         <object_component_ref idref="oc-3ca"/>
      </symbol>
      <symbol id="sm-a12">
         <name>strchr</name>
         <value>0x3b25</value>
         <object_component_ref idref="oc-4c7"/>
      </symbol>
      <symbol id="sm-a28">
         <name>__aeabi_errno_addr</name>
         <value>0x3d21</value>
         <object_component_ref idref="oc-3d6"/>
      </symbol>
      <symbol id="sm-a29">
         <name>errno</name>
         <value>0x20000088</value>
         <object_component_ref idref="oc-4d7"/>
      </symbol>
      <symbol id="sm-a33">
         <name>copysign</name>
         <value>0x3a63</value>
         <object_component_ref idref="oc-555"/>
      </symbol>
      <symbol id="sm-a34">
         <name>copysignl</name>
         <value>0x3a63</value>
         <object_component_ref idref="oc-555"/>
      </symbol>
      <symbol id="sm-a3e">
         <name>__aeabi_idiv0</name>
         <value>0xb33</value>
         <object_component_ref idref="oc-53c"/>
      </symbol>
      <symbol id="sm-a3f">
         <name>__aeabi_ldiv0</name>
         <value>0xb33</value>
         <object_component_ref idref="oc-53c"/>
      </symbol>
      <symbol id="sm-a40">
         <name>__TI_static_base__</name>
         <value>0x0</value>
      </symbol>
      <symbol id="sm-a43">
         <name>__mpu_init</name>
         <value>0x0</value>
      </symbol>
      <symbol id="sm-a44">
         <name>_system_post_cinit</name>
         <value>0x0</value>
      </symbol>
      <symbol id="sm-a45">
         <name>NMI_Handler</name>
         <value>0x3ca9</value>
      </symbol>
      <symbol id="sm-a46">
         <name>HardFault_Handler</name>
         <value>0x3ca9</value>
      </symbol>
      <symbol id="sm-a47">
         <name>MemManage_Handler</name>
         <value>0x3ca9</value>
      </symbol>
      <symbol id="sm-a48">
         <name>BusFault_Handler</name>
         <value>0x3ca9</value>
      </symbol>
      <symbol id="sm-a49">
         <name>UsageFault_Handler</name>
         <value>0x3ca9</value>
      </symbol>
      <symbol id="sm-a4a">
         <name>SVC_Handler</name>
         <value>0x3ca9</value>
      </symbol>
      <symbol id="sm-a4b">
         <name>DebugMon_Handler</name>
         <value>0x3ca9</value>
      </symbol>
      <symbol id="sm-a4c">
         <name>PendSV_Handler</name>
         <value>0x3ca9</value>
      </symbol>
      <symbol id="sm-a4d">
         <name>SysTick_Handler</name>
         <value>0x1fa9</value>
      </symbol>
      <symbol id="sm-a4e">
         <name>PSS_IRQHandler</name>
         <value>0x3ca9</value>
      </symbol>
      <symbol id="sm-a4f">
         <name>CS_IRQHandler</name>
         <value>0x3ca9</value>
      </symbol>
      <symbol id="sm-a50">
         <name>PCM_IRQHandler</name>
         <value>0x3ca9</value>
      </symbol>
      <symbol id="sm-a51">
         <name>WDT_A_IRQHandler</name>
         <value>0x3ca9</value>
      </symbol>
      <symbol id="sm-a52">
         <name>FPU_IRQHandler</name>
         <value>0x3ca9</value>
      </symbol>
      <symbol id="sm-a53">
         <name>FLCTL_IRQHandler</name>
         <value>0x3ca9</value>
      </symbol>
      <symbol id="sm-a54">
         <name>COMP_E0_IRQHandler</name>
         <value>0x3ca9</value>
      </symbol>
      <symbol id="sm-a55">
         <name>COMP_E1_IRQHandler</name>
         <value>0x3ca9</value>
      </symbol>
      <symbol id="sm-a56">
         <name>TA0_0_IRQHandler</name>
         <value>0x3ca9</value>
      </symbol>
      <symbol id="sm-a57">
         <name>TA0_N_IRQHandler</name>
         <value>0x3ca9</value>
      </symbol>
      <symbol id="sm-a58">
         <name>TA1_0_IRQHandler</name>
         <value>0x3ca9</value>
      </symbol>
      <symbol id="sm-a59">
         <name>TA1_N_IRQHandler</name>
         <value>0x3ca9</value>
      </symbol>
      <symbol id="sm-a5a">
         <name>TA2_0_IRQHandler</name>
         <value>0x3ca9</value>
      </symbol>
      <symbol id="sm-a5b">
         <name>TA2_N_IRQHandler</name>
         <value>0x3ca9</value>
      </symbol>
      <symbol id="sm-a5c">
         <name>TA3_0_IRQHandler</name>
         <value>0x1c95</value>
      </symbol>
      <symbol id="sm-a5d">
         <name>TA3_N_IRQHandler</name>
         <value>0x1c39</value>
      </symbol>
      <symbol id="sm-a5e">
         <name>EUSCIA0_IRQHandler</name>
         <value>0x3ca9</value>
      </symbol>
      <symbol id="sm-a5f">
         <name>EUSCIA1_IRQHandler</name>
         <value>0x3ca9</value>
      </symbol>
      <symbol id="sm-a60">
         <name>EUSCIA2_IRQHandler</name>
         <value>0x3ca9</value>
      </symbol>
      <symbol id="sm-a61">
         <name>EUSCIA3_IRQHandler</name>
         <value>0x3ca9</value>
      </symbol>
      <symbol id="sm-a62">
         <name>EUSCIB0_IRQHandler</name>
         <value>0x3ca9</value>
      </symbol>
      <symbol id="sm-a63">
         <name>EUSCIB1_IRQHandler</name>
         <value>0x3ca9</value>
      </symbol>
      <symbol id="sm-a64">
         <name>EUSCIB2_IRQHandler</name>
         <value>0x3ca9</value>
      </symbol>
      <symbol id="sm-a65">
         <name>EUSCIB3_IRQHandler</name>
         <value>0x3ca9</value>
      </symbol>
      <symbol id="sm-a66">
         <name>ADC14_IRQHandler</name>
         <value>0x3ca9</value>
      </symbol>
      <symbol id="sm-a67">
         <name>T32_INT1_IRQHandler</name>
         <value>0xdf5</value>
      </symbol>
      <symbol id="sm-a68">
         <name>T32_INT2_IRQHandler</name>
         <value>0x3ca9</value>
      </symbol>
      <symbol id="sm-a69">
         <name>T32_INTC_IRQHandler</name>
         <value>0x3ca9</value>
      </symbol>
      <symbol id="sm-a6a">
         <name>AES256_IRQHandler</name>
         <value>0x3ca9</value>
      </symbol>
      <symbol id="sm-a6b">
         <name>RTC_C_IRQHandler</name>
         <value>0x3ca9</value>
      </symbol>
      <symbol id="sm-a6c">
         <name>DMA_ERR_IRQHandler</name>
         <value>0x3ca9</value>
      </symbol>
      <symbol id="sm-a6d">
         <name>DMA_INT3_IRQHandler</name>
         <value>0x3ca9</value>
      </symbol>
      <symbol id="sm-a6e">
         <name>DMA_INT2_IRQHandler</name>
         <value>0x3ca9</value>
      </symbol>
      <symbol id="sm-a6f">
         <name>DMA_INT1_IRQHandler</name>
         <value>0x3ca9</value>
      </symbol>
      <symbol id="sm-a70">
         <name>DMA_INT0_IRQHandler</name>
         <value>0x3ca9</value>
      </symbol>
      <symbol id="sm-a71">
         <name>PORT1_IRQHandler</name>
         <value>0x3ca9</value>
      </symbol>
      <symbol id="sm-a72">
         <name>PORT2_IRQHandler</name>
         <value>0x3ca9</value>
      </symbol>
      <symbol id="sm-a73">
         <name>PORT3_IRQHandler</name>
         <value>0x3ca9</value>
      </symbol>
      <symbol id="sm-a74">
         <name>PORT4_IRQHandler</name>
         <value>0x1f3b</value>
      </symbol>
      <symbol id="sm-a75">
         <name>PORT5_IRQHandler</name>
         <value>0x3ca9</value>
      </symbol>
      <symbol id="sm-a76">
         <name>PORT6_IRQHandler</name>
         <value>0x3ca9</value>
      </symbol>
   </symbol_table>
   <title>Link successful</title>
</link_info>
