******************************************************************************
                  TI ARM Linker Unix v20.2.5                   
******************************************************************************
>> Linked Sun Dec 19 00:11:25 2021

OUTPUT FILE NAME:   <rslk.out>
ENTRY POINT SYMBOL: "_c_int00_noargs"  address: 0000370d


MEMORY CONFIGURATION

         name            origin    length      used     unused   attr    fill
----------------------  --------  ---------  --------  --------  ----  --------
  MAIN                  00000000   00040000  00004054  0003bfac  R  X
  INFO                  00200000   00004000  00000000  00004000  R  X
  SRAM_CODE             01000000   00010000  000002a8  0000fd58  RW X
  SRAM_DATA             20000000   00010000  000002a8  0000fd58  RW  


SEGMENT ALLOCATION MAP

run origin  load origin   length   init length attrs members
----------  ----------- ---------- ----------- ----- -------
00000000    00000000    00004058   00004058    r-x
  00000000    00000000    000000e4   000000e4    r-- .intvecs
  000000e4    000000e4    00003c5c   00003c5c    r-x .text
  00003d40    00003d40    00000294   00000294    r-- .const
  00003fd8    00003fd8    00000080   00000080    r-- .cinit
20000000    20000000    000000a8   00000000    rw-
  20000000    20000000    00000090   00000000    rw- .data
  20000090    20000090    00000018   00000000    rw- .bss
2000fe00    2000fe00    00000200   00000000    rw-
  2000fe00    2000fe00    00000200   00000000    rw- .stack


SECTION ALLOCATION MAP

 output                                  attributes/
section   page    origin      length       input sections
--------  ----  ----------  ----------   ----------------
.intvecs   0    00000000    000000e4     
                  00000000    000000e4     startup_msp432p401r_ccs.obj (.intvecs:retain)

.text      0    000000e4    00003c5c     
                  000000e4    00000a4e     rtsv7M4_T_le_v4SPD16_eabi.lib : _printfi.c.obj (.text:__TI_printfi)
                  00000b32    00000002                                   : div0.asm.obj (.text)
                  00000b34    00000408     main.obj (.text)
                  00000f3c    00000334     system_msp432p401r.obj (.text)
                  00001270    00000308     motor.obj (.text)
                  00001578    00000270     rtsv7M4_T_le_v4SPD16_eabi.lib : _printfi.c.obj (.text:_pconv_a)
                  000017e8    000001d0                                   : _printfi.c.obj (.text:_pconv_g)
                  000019b8    000001b6                                   : fd_add_t2.asm.obj (.text)
                  00001b6e    00000002     --HOLE-- [fill = 0]
                  00001b70    000001b4     tachometer.obj (.text)
                  00001d24    000001a0     msp432p4xx_driverlib.lib : pcm.o (.text:__PCM_setPowerStateAdvanced)
                  00001ec4    00000150     bumpSensors.obj (.text)
                  00002014    0000013c     rtsv7M4_T_le_v4SPD16_eabi.lib : _printfi.c.obj (.text:_pconv_e)
                  00002150    00000136                                   : fd_div_t2.asm.obj (.text)
                  00002286    00000002     --HOLE-- [fill = 0]
                  00002288    00000124                                   : _printfi.c.obj (.text:fcvt)
                  000023ac    00000110                                   : s_scalbn.c.obj (.text:scalbn)
                  000024bc    00000104     msp432p4xx_driverlib.lib : cs.o (.text:CS_getDCOFrequency)
                  000025c0    000000fc     rtsv7M4_T_le_v4SPD16_eabi.lib : fd_mul_t2.asm.obj (.text)
                  000026bc    000000e0     msp432p4xx_driverlib.lib : cs.o (.text:CS_initClockSignal)
                  0000279c    000000dc                              : pcm.o (.text:__PCM_setPowerModeAdvanced)
                  00002878    000000b2                              : timer_a.o (.text:privateTimer_AProcessClockSourceDivider)
                  0000292a    00000002     --HOLE-- [fill = 0]
                  0000292c    000000b1     rtsv7M4_T_le_v4SPD16_eabi.lib : _printfi.c.obj (.text:_ltostr)
                  000029dd    00000003     --HOLE-- [fill = 0]
                  000029e0    000000b0     msp432p4xx_driverlib.lib : pcm.o (.text:__PCM_setCoreVoltageLevelAdvanced)
                  00002a90    0000009c                              : cs.o (.text:CS_startHFXTWithTimeout)
                  00002b2c    0000009c                              : cs.o (.text:_CSComputeCLKFrequency)
                  00002bc8    0000009c     rtsv7M4_T_le_v4SPD16_eabi.lib : memcpy_t2.asm.obj (.text)
                  00002c64    00000096                                   : ull_div_t2.asm.obj (.text)
                  00002cfa    00000002     --HOLE-- [fill = 0]
                  00002cfc    00000094     msp432p4xx_driverlib.lib : uart.o (.text:UART_initModule)
                  00002d90    00000086     rtsv7M4_T_le_v4SPD16_eabi.lib : fd_cmp_t2.asm.obj (.text:__aeabi_cdcmple)
                  00002e16    00000086                                   : fd_cmp_t2.asm.obj (.text:__aeabi_cdrcmple)
                  00002e9c    00000084     uart.obj (.text)
                  00002f20    0000007c     msp432p4xx_driverlib.lib : pcm.o (.text:PCM_gotoLPM3)
                  00002f9c    0000007a     rtsv7M4_T_le_v4SPD16_eabi.lib : memset_t2.asm.obj (.text)
                  00003016    00000002     --HOLE-- [fill = 0]
                  00003018    00000070     msp432p4xx_driverlib.lib : cs.o (.text:_CSGetHFXTFrequency)
                  00003088    0000006e     rtsv7M4_T_le_v4SPD16_eabi.lib : _printfi.c.obj (.text:_mcpy)
                  000030f6    00000068                                   : copy_decompress_lzss.c.obj (.text:decompress:lzss:__TI_decompress_lzss)
                  0000315e    00000002     --HOLE-- [fill = 0]
                  00003160    00000064     msp432p4xx_driverlib.lib : interrupt.o (.text:Interrupt_enableInterrupt)
                  000031c4    00000064     rtsv7M4_T_le_v4SPD16_eabi.lib : s_frexp.c.obj (.text:frexp)
                  00003228    00000056                                   : _printfi.c.obj (.text:_pconv_f)
                  0000327e    00000054                                   : _ltoa.c.obj (.text:__TI_ltoa)
                  000032d2    00000052                                   : _printfi.c.obj (.text:_ecpy)
                  00003324    00000050     msp432p4xx_driverlib.lib : pcm.o (.text:PCM_shutdownDevice)
                  00003374    00000050                              : sysctl.o (.text:SysCtl_getTLVInfo)
                  000033c4    0000004c                              : gpio.o (.text:GPIO_setAsPeripheralModuleFunctionOutputPin)
                  00003410    0000004c                              : cs.o (.text:_CSGetDOCFrequency)
                  0000345c    0000004c     rtsv7M4_T_le_v4SPD16_eabi.lib : atoi.c.obj (.text:atoi)
                  000034a8    00000048     msp432p4xx_driverlib.lib : gpio.o (.text:GPIO_setAsPeripheralModuleFunctionInputPin)
                  000034f0    00000048                              : timer32.o (.text:Timer32_initModule)
                  00003538    00000048                              : timer_a.o (.text:Timer_A_generatePWM)
                  00003580    00000048                              : cs.o (.text:_CSGetDividerValue)
                  000035c8    00000048     rtsv7M4_T_le_v4SPD16_eabi.lib : fd_toi_t2.asm.obj (.text)
                  00003610    00000044                                   : autoinit.c.obj (.text:__TI_auto_init_nobinit_nopinit:__TI_auto_init_nobinit_nopinit)
                  00003654    00000040                                   : sprintf.c.obj (.text:sprintf)
                  00003694    0000003e                                   : _printfi.c.obj (.text:_fcpy)
                  000036d2    00000038                                   : fs_tod_t2.asm.obj (.text)
                  0000370a    00000002     --HOLE-- [fill = 0]
                  0000370c    00000034                                   : boot_cortex_m.c.obj (.text:_c_int00_noargs:_c_int00_noargs)
                  00003740    00000030     msp432p4xx_driverlib.lib : gpio.o (.text:GPIO_getEnabledInterruptStatus)
                  00003770    00000030                              : gpio.o (.text:GPIO_setAsInputPinWithPullUpResistor)
                  000037a0    00000030                              : timer_a.o (.text:Timer_A_initCapture)
                  000037d0    0000002e     rtsv7M4_T_le_v4SPD16_eabi.lib : i_tofd_t2.asm.obj (.text)
                  000037fe    00000002     --HOLE-- [fill = 0]
                  00003800    0000002c     msp432p4xx_driverlib.lib : gpio.o (.text:GPIO_setAsInputPin)
                  0000382c    0000002c                              : pcm.o (.text:PCM_getCoreVoltageLevel)
                  00003858    0000002a                              : pcm.o (.text:PCM_getPowerMode)
                  00003882    00000002     --HOLE-- [fill = 0]
                  00003884    00000028                              : flash.o (.text:FlashCtl_setWaitState)
                  000038ac    00000028                              : pcm.o (.text:PCM_gotoLPM0)
                  000038d4    00000024                              : cs.o (.text:CS_clearInterruptFlag)
                  000038f8    00000024                              : gpio.o (.text:GPIO_setAsOutputPin)
                  0000391c    00000024                              : rtc_c.o (.text:RTC_C_holdClock)
                  00003940    00000024                              : timer32.o (.text:Timer32_setCount)
                  00003964    00000024                              : timer_a.o (.text:Timer_A_configureContinuousMode)
                  00003988    00000024                              : uart.o (.text:UART_receiveData)
                  000039ac    00000024                              : uart.o (.text:UART_transmitData)
                  000039d0    00000020                              : gpio.o (.text:GPIO_interruptEdgeSelect)
                  000039f0    00000020                              : timer32.o (.text:Timer32_startTimer)
                  00003a10    0000001c     rtsv7M4_T_le_v4SPD16_eabi.lib : copy_zero_init.c.obj (.text:decompress:ZI:__TI_zero_init_nomemset:__TI_zero_init_nomemset)
                  00003a2c    0000001c                                   : memccpy.c.obj (.text:memccpy)
                  00003a48    0000001a     msp432p4xx_driverlib.lib : timer_a.o (.text:Timer_A_clearCaptureCompareInterrupt)
                  00003a62    0000001a     rtsv7M4_T_le_v4SPD16_eabi.lib : s_copysign.c.obj (.text:copysign)
                  00003a7c    00000018     msp432p4xx_driverlib.lib : cs.o (.text:CS_getMCLK)
                  00003a94    00000018                              : cs.o (.text:CS_getSMCLK)
                  00003aac    00000018                              : gpio.o (.text:GPIO_clearInterruptFlag)
                  00003ac4    00000018                              : gpio.o (.text:GPIO_getInputPinValue)
                  00003adc    00000018                              : gpio.o (.text:GPIO_setOutputLowOnPin)
                  00003af4    00000018                              : wdt_a.o (.text:WDT_A_holdTimer)
                  00003b0c    00000018     rtsv7M4_T_le_v4SPD16_eabi.lib : sprintf.c.obj (.text:_outs)
                  00003b24    00000016                                   : strchr.c.obj (.text:strchr)
                  00003b3a    00000002     --HOLE-- [fill = 0]
                  00003b3c    00000014     msp432p4xx_driverlib.lib : cs.o (.text:CS_setExternalClockSourceFrequency)
                  00003b50    00000014                              : fpu.o (.text:FPU_enableModule)
                  00003b64    00000014                              : gpio.o (.text:GPIO_enableInterrupt)
                  00003b78    00000014                              : gpio.o (.text:GPIO_setOutputHighOnPin)
                  00003b8c    00000014                              : systick.o (.text:SysTick_disableInterrupt)
                  00003ba0    00000014                              : systick.o (.text:SysTick_disableModule)
                  00003bb4    00000014                              : systick.o (.text:SysTick_enableInterrupt)
                  00003bc8    00000014                              : systick.o (.text:SysTick_enableModule)
                  00003bdc    00000014     rtsv7M4_T_le_v4SPD16_eabi.lib : strlen.c.obj (.text:strlen)
                  00003bf0    00000012                                   : wcslen.c.obj (.text:wcslen)
                  00003c02    00000002     --HOLE-- [fill = 0]
                  00003c04    00000010     msp432p4xx_driverlib.lib : fpu.o (.text:FPU_enableLazyStacking)
                  00003c14    00000010                              : gpio.o (.text:GPIO_getInterruptStatus)
                  00003c24    00000010                              : interrupt.o (.text:Interrupt_enableMaster)
                  00003c34    00000010                              : pcm.o (.text:PCM_gotoLPM4)
                  00003c44    00000010                              : sysctl.o (.text:SysCtl_disableNMISource)
                  00003c54    00000010                              : sysctl.o (.text:SysCtl_enableNMISource)
                  00003c64    0000000e                              : timer_a.o (.text:Timer_A_getCaptureCompareCount)
                  00003c72    0000000e                              : timer_a.o (.text:Timer_A_setCompareValue)
                  00003c80    0000000e                              : uart.o (.text:UART_clearInterruptFlag)
                  00003c8e    0000000e     rtsv7M4_T_le_v4SPD16_eabi.lib : copy_decompress_none.c.obj (.text:decompress:none:__TI_decompress_none)
                  00003c9c    0000000e     startup_msp432p401r_ccs.obj (.text)
                  00003caa    0000000c     msp432p4xx_driverlib.lib : cpu.o (.text:CPU_cpsie)
                  00003cb6    00000002     --HOLE-- [fill = 0]
                  00003cb8    0000000c                              : pcm.o (.text:PCM_getPowerState)
                  00003cc4    0000000c                              : sysctl.o (.text:SysCtl_getNMISourceStatus)
                  00003cd0    0000000c                              : systick.o (.text:SysTick_setPeriod)
                  00003cdc    0000000c                              : uart.o (.text:UART_enableModule)
                  00003ce8    0000000a                              : timer32.o (.text:Timer32_clearInterruptFlag)
                  00003cf2    0000000a                              : timer32.o (.text:Timer32_enableInterrupt)
                  00003cfc    0000000a     rtsv7M4_T_le_v4SPD16_eabi.lib : sprintf.c.obj (.text:_outc)
                  00003d06    00000008     msp432p4xx_driverlib.lib : pcm.o (.text:PCM_setPowerMode)
                  00003d0e    00000008                              : pcm.o (.text:PCM_setPowerState)
                  00003d16    00000008                              : timer_a.o (.text:Timer_A_startCounter)
                  00003d1e    00000002     --HOLE-- [fill = 0]
                  00003d20    00000008     rtsv7M4_T_le_v4SPD16_eabi.lib : errno.c.obj (.text:__aeabi_errno_addr)
                  00003d28    00000006     msp432p4xx_driverlib.lib : cs.o (.text:CS_startHFXT)
                  00003d2e    00000006                              : uart.o (.text:UART_getInterruptStatus)
                  00003d34    00000004                              : cpu.o (.text:CPU_wfi)
                  00003d38    00000004     rtsv7M4_T_le_v4SPD16_eabi.lib : pre_init.c.obj (.text:_system_pre_init)
                  00003d3c    00000004                                   : exit.c.obj (.text:abort:abort)

.const     0    00003d40    00000294     
                  00003d40    00000101     rtsv7M4_T_le_v4SPD16_eabi.lib : ctype.c.obj (.const:.string:_ctypes_)
                  00003e41    00000003     --HOLE-- [fill = 0]
                  00003e44    000000bc     main.obj (.const:.string)
                  00003f00    00000040     msp432p4xx_driverlib.lib : interrupt.o (.const)
                  00003f40    00000024     uart.obj (.const:$P$T0$1)
                  00003f64    00000018     motor.obj (.const:$P$T0$1)
                  00003f7c    00000018     motor.obj (.const:$P$T1$2)
                  00003f94    00000018     tachometer.obj (.const:$P$T1$2)
                  00003fac    00000018     tachometer.obj (.const:$P$T2$3)
                  00003fc4    00000010     tachometer.obj (.const:$P$T0$1)

.cinit     0    00003fd8    00000080     
                  00003fd8    00000055     (.cinit..data.load) [load image, compression = lzss]
                  0000402d    00000003     --HOLE-- [fill = 0]
                  00004030    0000000c     (__TI_handler_table)
                  0000403c    00000004     --HOLE-- [fill = 0]
                  00004040    00000008     (.cinit..bss.load) [load image, compression = zero_init]
                  00004048    00000010     (__TI_cinit_table)

.init_array 
*          0    00000000    00000000     UNINITIALIZED

.binit     0    00000000    00000000     

.data      0    20000000    00000090     UNINITIALIZED
                  20000000    00000030     msp432p4xx_driverlib.lib : gpio.o (.data:GPIO_PORT_TO_BASE)
                  20000030    00000020     tachometer.obj (.data)
                  20000050    00000018     bumpSensors.obj (.data:bumpButtonList)
                  20000068    00000010     motor.obj (.data)
                  20000078    00000008     bumpSensors.obj (.data)
                  20000080    00000008     main.obj (.data)
                  20000088    00000004     rtsv7M4_T_le_v4SPD16_eabi.lib : errno.c.obj (.data)
                  2000008c    00000004     system_msp432p401r.obj (.data)

.bss       0    20000090    00000018     UNINITIALIZED
                  20000090    00000004     (.common:bumpButton)
                  20000094    00000004     (.common:buttonStateIndex)
                  20000098    00000004     (.common:clockMCLK)
                  2000009c    00000004     (.common:clockSMCLK)
                  200000a0    00000004     (.common:hfxtFreq)
                  200000a4    00000004     (.common:lfxtFreq)

.stack     0    2000fe00    00000200     UNINITIALIZED
                  2000fe00    00000004     rtsv7M4_T_le_v4SPD16_eabi.lib : boot_cortex_m.c.obj (.stack)
                  2000fe04    000001fc     --HOLE--

__llvm_prf_cnts 
*          0    20000000    00000000     UNINITIALIZED

MODULE SUMMARY

       Module                        code    ro data   rw data
       ------                        ----    -------   -------
    ./
       main.obj                      1032    188       24     
       motor.obj                     776     48        32     
       system_msp432p401r.obj        820     0         8      
       tachometer.obj                436     64        64     
       bumpSensors.obj               336     0         88     
       startup_msp432p401r_ccs.obj   14      228       0      
       uart.obj                      132     36        0      
    +--+-----------------------------+-------+---------+---------+
       Total:                        3546    564       216    
                                                              
    /home/nick/ti/ccs1100/ccs/tools/compiler/ti-cgt-arm_20.2.5.LTS/lib/rtsv7M4_T_le_v4SPD16_eabi.lib
       _printfi.c.obj                4851    0         0      
       fd_add_t2.asm.obj             438     0         0      
       fd_div_t2.asm.obj             310     0         0      
       s_scalbn.c.obj                272     0         0      
       fd_cmp_t2.asm.obj             268     0         0      
       ctype.c.obj                   0       257       0      
       fd_mul_t2.asm.obj             252     0         0      
       memcpy_t2.asm.obj             156     0         0      
       ull_div_t2.asm.obj            150     0         0      
       memset_t2.asm.obj             122     0         0      
       copy_decompress_lzss.c.obj    104     0         0      
       s_frexp.c.obj                 100     0         0      
       sprintf.c.obj                 98      0         0      
       _ltoa.c.obj                   84      0         0      
       atoi.c.obj                    76      0         0      
       fd_toi_t2.asm.obj             72      0         0      
       autoinit.c.obj                68      0         0      
       fs_tod_t2.asm.obj             56      0         0      
       boot_cortex_m.c.obj           52      0         0      
       i_tofd_t2.asm.obj             46      0         0      
       copy_zero_init.c.obj          28      0         0      
       memccpy.c.obj                 28      0         0      
       s_copysign.c.obj              26      0         0      
       strchr.c.obj                  22      0         0      
       strlen.c.obj                  20      0         0      
       wcslen.c.obj                  18      0         0      
       errno.c.obj                   8       0         8      
       copy_decompress_none.c.obj    14      0         0      
       exit.c.obj                    4       0         0      
       pre_init.c.obj                4       0         0      
       div0.asm.obj                  2       0         0      
    +--+-----------------------------+-------+---------+---------+
       Total:                        7749    257       8      
                                                              
    /home/nick/ti/ccs_workspace/msp432_driverlib_3_21_00_05/driverlib/MSP432P4xx/ccs/msp432p4xx_driverlib.lib
       pcm.o                         1186    0         0      
       cs.o                          1166    0         16     
       gpio.o                        484     0         96     
       timer_a.o                     396     0         0      
       uart.o                        252     0         0      
       interrupt.o                   116     64        0      
       timer32.o                     160     0         0      
       sysctl.o                      124     0         0      
       systick.o                     92      0         0      
       flash.o                       40      0         0      
       fpu.o                         36      0         0      
       rtc_c.o                       36      0         0      
       wdt_a.o                       24      0         0      
       cpu.o                         16      0         0      
    +--+-----------------------------+-------+---------+---------+
       Total:                        4128    64        112    
                                                              
       Stack:                        0       0         1024   
       Linker Generated:             0       121       0      
    +--+-----------------------------+-------+---------+---------+
       Grand Total:                  15423   1006      1360   


LINKER GENERATED COPY TABLES

__TI_cinit_table @ 00004048 records: 2, size/record: 8, table size: 16
	.data: load addr=00003fd8, load size=00000055 bytes, run addr=20000000, run size=00000090 bytes, compression=lzss
	.bss: load addr=00004040, load size=00000008 bytes, run addr=20000090, run size=00000018 bytes, compression=zero_init


LINKER GENERATED HANDLER TABLE

__TI_handler_table @ 00004030 records: 3, size/record: 4, table size: 12
	index: 0, handler: __TI_decompress_lzss
	index: 1, handler: __TI_decompress_none
	index: 2, handler: __TI_zero_init


GLOBAL SYMBOLS: SORTED ALPHABETICALLY BY Name 

address   name                                       
-------   ----                                       
00003ca9  ADC14_IRQHandler                           
00003ca9  AES256_IRQHandler                          
00003ca9  BusFault_Handler                           
00003d3d  C$$EXIT                                    
00003ca9  COMP_E0_IRQHandler                         
00003ca9  COMP_E1_IRQHandler                         
00003cab  CPU_cpsie                                  
00003d35  CPU_wfi                                    
00003ca9  CS_IRQHandler                              
000038d5  CS_clearInterruptFlag                      
000024bd  CS_getDCOFrequency                         
00003a7d  CS_getMCLK                                 
00003a95  CS_getSMCLK                                
000026bd  CS_initClockSignal                         
00003b3d  CS_setExternalClockSourceFrequency         
00003d29  CS_startHFXT                               
00002a91  CS_startHFXTWithTimeout                    
00003ca9  DMA_ERR_IRQHandler                         
00003ca9  DMA_INT0_IRQHandler                        
00003ca9  DMA_INT1_IRQHandler                        
00003ca9  DMA_INT2_IRQHandler                        
00003ca9  DMA_INT3_IRQHandler                        
00003ca9  DebugMon_Handler                           
00003ca9  Default_Handler                            
00003ca9  EUSCIA0_IRQHandler                         
00003ca9  EUSCIA1_IRQHandler                         
00003ca9  EUSCIA2_IRQHandler                         
00003ca9  EUSCIA3_IRQHandler                         
00003ca9  EUSCIB0_IRQHandler                         
00003ca9  EUSCIB1_IRQHandler                         
00003ca9  EUSCIB2_IRQHandler                         
00003ca9  EUSCIB3_IRQHandler                         
00003ca9  FLCTL_IRQHandler                           
00003ca9  FPU_IRQHandler                             
00003c05  FPU_enableLazyStacking                     
00003b51  FPU_enableModule                           
00003885  FlashCtl_setWaitState                      
00003aad  GPIO_clearInterruptFlag                    
00003b65  GPIO_enableInterrupt                       
00003741  GPIO_getEnabledInterruptStatus             
00003ac5  GPIO_getInputPinValue                      
00003c15  GPIO_getInterruptStatus                    
000039d1  GPIO_interruptEdgeSelect                   
00003801  GPIO_setAsInputPin                         
00003771  GPIO_setAsInputPinWithPullUpResistor       
000038f9  GPIO_setAsOutputPin                        
000034a9  GPIO_setAsPeripheralModuleFunctionInputPin 
000033c5  GPIO_setAsPeripheralModuleFunctionOutputPin
00003b79  GPIO_setOutputHighOnPin                    
00003add  GPIO_setOutputLowOnPin                     
00003ca9  HardFault_Handler                          
00003161  Interrupt_enableInterrupt                  
00003c25  Interrupt_enableMaster                     
00003ca9  MemManage_Handler                          
00003ca9  NMI_Handler                                
00003ca9  PCM_IRQHandler                             
0000382d  PCM_getCoreVoltageLevel                    
00003859  PCM_getPowerMode                           
00003cb9  PCM_getPowerState                          
000038ad  PCM_gotoLPM0                               
00002f21  PCM_gotoLPM3                               
00003c35  PCM_gotoLPM4                               
00003d07  PCM_setPowerMode                           
00003d0f  PCM_setPowerState                          
00003325  PCM_shutdownDevice                         
00003ca9  PORT1_IRQHandler                           
00003ca9  PORT2_IRQHandler                           
00003ca9  PORT3_IRQHandler                           
00001f3b  PORT4_IRQHandler                           
00001f3b  PORT4_IRQHandler                           
00003ca9  PORT5_IRQHandler                           
00003ca9  PORT6_IRQHandler                           
00003ca9  PSS_IRQHandler                             
00003ca9  PendSV_Handler                             
00003ca9  RTC_C_IRQHandler                           
0000391d  RTC_C_holdClock                            
00003c9d  Reset_Handler                              
00003ca9  SVC_Handler                                
00003c45  SysCtl_disableNMISource                    
00003c55  SysCtl_enableNMISource                     
00003cc5  SysCtl_getNMISourceStatus                  
00003375  SysCtl_getTLVInfo                          
00001fa9  SysTick_Handler                            
00001fa9  SysTick_Handler                            
00003b8d  SysTick_disableInterrupt                   
00003ba1  SysTick_disableModule                      
00003bb5  SysTick_enableInterrupt                    
00003bc9  SysTick_enableModule                       
00003cd1  SysTick_setPeriod                          
2000008c  SystemCoreClock                            
00000f3d  SystemCoreClockUpdate                      
000011b5  SystemInit                                 
00000df5  T32_INT1_IRQHandler                        
00000df5  T32_INT1_IRQHandler                        
00003ca9  T32_INT2_IRQHandler                        
00003ca9  T32_INTC_IRQHandler                        
00003ca9  TA0_0_IRQHandler                           
00003ca9  TA0_N_IRQHandler                           
00003ca9  TA1_0_IRQHandler                           
00003ca9  TA1_N_IRQHandler                           
00003ca9  TA2_0_IRQHandler                           
00003ca9  TA2_N_IRQHandler                           
00001c95  TA3_0_IRQHandler                           
00001c95  TA3_0_IRQHandler                           
00001c39  TA3_N_IRQHandler                           
00001c39  TA3_N_IRQHandler                           
00003ce9  Timer32_clearInterruptFlag                 
00003cf3  Timer32_enableInterrupt                    
000034f1  Timer32_initModule                         
00003941  Timer32_setCount                           
000039f1  Timer32_startTimer                         
00003a49  Timer_A_clearCaptureCompareInterrupt       
00003965  Timer_A_configureContinuousMode            
00003539  Timer_A_generatePWM                        
00003c65  Timer_A_getCaptureCompareCount             
000037a1  Timer_A_initCapture                        
00003c73  Timer_A_setCompareValue                    
00003d17  Timer_A_startCounter                       
00003c81  UART_clearInterruptFlag                    
00003cdd  UART_enableModule                          
00003d2f  UART_getInterruptStatus                    
00002cfd  UART_initModule                            
00003989  UART_receiveData                           
000039ad  UART_transmitData                          
00003ca9  UsageFault_Handler                         
4000480c  WDTCTL_SYM                                 
00003ca9  WDT_A_IRQHandler                           
00003af5  WDT_A_holdTimer                            
20010000  __STACK_END                                
00000200  __STACK_SIZE                               
00004048  __TI_CINIT_Base                            
00004058  __TI_CINIT_Limit                           
00004030  __TI_Handler_Table_Base                    
0000403c  __TI_Handler_Table_Limit                   
00003611  __TI_auto_init_nobinit_nopinit             
000030f7  __TI_decompress_lzss                       
00003c8f  __TI_decompress_none                       
0000327f  __TI_ltoa                                  
ffffffff  __TI_pprof_out_hndl                        
000000e5  __TI_printfi                               
ffffffff  __TI_prof_data_size                        
ffffffff  __TI_prof_data_start                       
00000000  __TI_static_base__                         
00003a11  __TI_zero_init_nomemset                    
00002d91  __aeabi_cdcmpeq                            
00002d91  __aeabi_cdcmple                            
00002e17  __aeabi_cdrcmple                           
000035c9  __aeabi_d2iz                               
000019c3  __aeabi_dadd                               
00002151  __aeabi_ddiv                               
000025c1  __aeabi_dmul                               
000019b9  __aeabi_dsub                               
00003d21  __aeabi_errno_addr                         
000036d3  __aeabi_f2d                                
000037d1  __aeabi_i2d                                
00000b33  __aeabi_idiv0                              
00000b33  __aeabi_ldiv0                              
00002f9d  __aeabi_memclr                             
00002f9d  __aeabi_memclr4                            
00002f9d  __aeabi_memclr8                            
00002bc9  __aeabi_memcpy                             
00002bc9  __aeabi_memcpy4                            
00002bc9  __aeabi_memcpy8                            
00002f9f  __aeabi_memset                             
00002f9f  __aeabi_memset4                            
00002f9f  __aeabi_memset8                            
00002c65  __aeabi_uldivmod                           
ffffffff  __binit__                                  
ffffffff  __c_args__                                 
UNDEFED   __mpu_init                                 
2000fe00  __stack                                    
20000000  __start___llvm_prf_cnts                    
20000000  __stop___llvm_prf_cnts                     
0000370d  _c_int00_noargs                            
00003d40  _ctypes_                                   
UNDEFED   _system_post_cinit                         
00003d39  _system_pre_init                           
00003d3d  abort                                      
0000345d  atoi                                       
ffffffff  binit                                      
20000090  bumpButton                                 
20000050  bumpButtonList                             
2000007c  bumpPress                                  
00001efd  bumpStateSet                               
20000078  bumpStatus                                 
20000094  buttonStateIndex                           
00001f03  checkBumpState                             
20000098  clockMCLK                                  
2000009c  clockSMCLK                                 
00003a63  copysign                                   
00003a63  copysignl                                  
20000080  currentLED                                 
00001357  decreasePWM                                
20000088  errno                                      
000031c5  frexp                                      
000031c5  frexpl                                     
00001551  getMotorDirection                          
00001531  getMotorDutyCycle                          
00001c0b  getSpeed                                   
00001bf3  getTachoDirection                          
0000132d  increasePWM                                
00001ec5  initBumpSensors                            
00000d3d  initDevice_HFXT                            
00000dbd  initHeartBeatLED                           
00001271  initMotors                                 
00001b71  initTachometers                            
00002e9d  initUART                                   
00000000  interruptVectors                           
000023ad  ldexp                                      
000023ad  ldexpl                                     
2000006c  leftMotor_direction                        
20000068  leftMotor_dutyCycle                        
20000034  leftTacho_direction                        
20000030  leftTacho_timerCount                       
00000b35  main                                       
00003a2d  memccpy                                    
00002bc9  memcpy                                     
00002fa5  memset                                     
000013e9  pauseMotor                                 
20000074  rightMotor_direction                       
20000070  rightMotor_dutyCycle                       
2000003c  rightTacho_direction                       
20000038  rightTacho_timerCount                      
000023ad  scalbn                                     
000023ad  scalbnl                                    
000014d5  setMotorDirection                          
00001459  setMotorDutyCycle                          
00003655  sprintf                                    
00001413  startMotor                                 
00001be7  startTacho                                 
000013db  stopMotor                                  
00003b25  strchr                                     
00003bdd  strlen                                     
00001381  switchDirection                            
20000084  terminalDisplayText                        
00002ed1  uart0_transmitStr                          
00003bf1  wcslen                                     


GLOBAL SYMBOLS: SORTED BY Symbol Address 

address   name                                       
-------   ----                                       
00000000  __TI_static_base__                         
00000000  interruptVectors                           
000000e5  __TI_printfi                               
00000200  __STACK_SIZE                               
00000b33  __aeabi_idiv0                              
00000b33  __aeabi_ldiv0                              
00000b35  main                                       
00000d3d  initDevice_HFXT                            
00000dbd  initHeartBeatLED                           
00000df5  T32_INT1_IRQHandler                        
00000df5  T32_INT1_IRQHandler                        
00000f3d  SystemCoreClockUpdate                      
000011b5  SystemInit                                 
00001271  initMotors                                 
0000132d  increasePWM                                
00001357  decreasePWM                                
00001381  switchDirection                            
000013db  stopMotor                                  
000013e9  pauseMotor                                 
00001413  startMotor                                 
00001459  setMotorDutyCycle                          
000014d5  setMotorDirection                          
00001531  getMotorDutyCycle                          
00001551  getMotorDirection                          
000019b9  __aeabi_dsub                               
000019c3  __aeabi_dadd                               
00001b71  initTachometers                            
00001be7  startTacho                                 
00001bf3  getTachoDirection                          
00001c0b  getSpeed                                   
00001c39  TA3_N_IRQHandler                           
00001c39  TA3_N_IRQHandler                           
00001c95  TA3_0_IRQHandler                           
00001c95  TA3_0_IRQHandler                           
00001ec5  initBumpSensors                            
00001efd  bumpStateSet                               
00001f03  checkBumpState                             
00001f3b  PORT4_IRQHandler                           
00001f3b  PORT4_IRQHandler                           
00001fa9  SysTick_Handler                            
00001fa9  SysTick_Handler                            
00002151  __aeabi_ddiv                               
000023ad  ldexp                                      
000023ad  ldexpl                                     
000023ad  scalbn                                     
000023ad  scalbnl                                    
000024bd  CS_getDCOFrequency                         
000025c1  __aeabi_dmul                               
000026bd  CS_initClockSignal                         
00002a91  CS_startHFXTWithTimeout                    
00002bc9  __aeabi_memcpy                             
00002bc9  __aeabi_memcpy4                            
00002bc9  __aeabi_memcpy8                            
00002bc9  memcpy                                     
00002c65  __aeabi_uldivmod                           
00002cfd  UART_initModule                            
00002d91  __aeabi_cdcmpeq                            
00002d91  __aeabi_cdcmple                            
00002e17  __aeabi_cdrcmple                           
00002e9d  initUART                                   
00002ed1  uart0_transmitStr                          
00002f21  PCM_gotoLPM3                               
00002f9d  __aeabi_memclr                             
00002f9d  __aeabi_memclr4                            
00002f9d  __aeabi_memclr8                            
00002f9f  __aeabi_memset                             
00002f9f  __aeabi_memset4                            
00002f9f  __aeabi_memset8                            
00002fa5  memset                                     
000030f7  __TI_decompress_lzss                       
00003161  Interrupt_enableInterrupt                  
000031c5  frexp                                      
000031c5  frexpl                                     
0000327f  __TI_ltoa                                  
00003325  PCM_shutdownDevice                         
00003375  SysCtl_getTLVInfo                          
000033c5  GPIO_setAsPeripheralModuleFunctionOutputPin
0000345d  atoi                                       
000034a9  GPIO_setAsPeripheralModuleFunctionInputPin 
000034f1  Timer32_initModule                         
00003539  Timer_A_generatePWM                        
000035c9  __aeabi_d2iz                               
00003611  __TI_auto_init_nobinit_nopinit             
00003655  sprintf                                    
000036d3  __aeabi_f2d                                
0000370d  _c_int00_noargs                            
00003741  GPIO_getEnabledInterruptStatus             
00003771  GPIO_setAsInputPinWithPullUpResistor       
000037a1  Timer_A_initCapture                        
000037d1  __aeabi_i2d                                
00003801  GPIO_setAsInputPin                         
0000382d  PCM_getCoreVoltageLevel                    
00003859  PCM_getPowerMode                           
00003885  FlashCtl_setWaitState                      
000038ad  PCM_gotoLPM0                               
000038d5  CS_clearInterruptFlag                      
000038f9  GPIO_setAsOutputPin                        
0000391d  RTC_C_holdClock                            
00003941  Timer32_setCount                           
00003965  Timer_A_configureContinuousMode            
00003989  UART_receiveData                           
000039ad  UART_transmitData                          
000039d1  GPIO_interruptEdgeSelect                   
000039f1  Timer32_startTimer                         
00003a11  __TI_zero_init_nomemset                    
00003a2d  memccpy                                    
00003a49  Timer_A_clearCaptureCompareInterrupt       
00003a63  copysign                                   
00003a63  copysignl                                  
00003a7d  CS_getMCLK                                 
00003a95  CS_getSMCLK                                
00003aad  GPIO_clearInterruptFlag                    
00003ac5  GPIO_getInputPinValue                      
00003add  GPIO_setOutputLowOnPin                     
00003af5  WDT_A_holdTimer                            
00003b25  strchr                                     
00003b3d  CS_setExternalClockSourceFrequency         
00003b51  FPU_enableModule                           
00003b65  GPIO_enableInterrupt                       
00003b79  GPIO_setOutputHighOnPin                    
00003b8d  SysTick_disableInterrupt                   
00003ba1  SysTick_disableModule                      
00003bb5  SysTick_enableInterrupt                    
00003bc9  SysTick_enableModule                       
00003bdd  strlen                                     
00003bf1  wcslen                                     
00003c05  FPU_enableLazyStacking                     
00003c15  GPIO_getInterruptStatus                    
00003c25  Interrupt_enableMaster                     
00003c35  PCM_gotoLPM4                               
00003c45  SysCtl_disableNMISource                    
00003c55  SysCtl_enableNMISource                     
00003c65  Timer_A_getCaptureCompareCount             
00003c73  Timer_A_setCompareValue                    
00003c81  UART_clearInterruptFlag                    
00003c8f  __TI_decompress_none                       
00003c9d  Reset_Handler                              
00003ca9  ADC14_IRQHandler                           
00003ca9  AES256_IRQHandler                          
00003ca9  BusFault_Handler                           
00003ca9  COMP_E0_IRQHandler                         
00003ca9  COMP_E1_IRQHandler                         
00003ca9  CS_IRQHandler                              
00003ca9  DMA_ERR_IRQHandler                         
00003ca9  DMA_INT0_IRQHandler                        
00003ca9  DMA_INT1_IRQHandler                        
00003ca9  DMA_INT2_IRQHandler                        
00003ca9  DMA_INT3_IRQHandler                        
00003ca9  DebugMon_Handler                           
00003ca9  Default_Handler                            
00003ca9  EUSCIA0_IRQHandler                         
00003ca9  EUSCIA1_IRQHandler                         
00003ca9  EUSCIA2_IRQHandler                         
00003ca9  EUSCIA3_IRQHandler                         
00003ca9  EUSCIB0_IRQHandler                         
00003ca9  EUSCIB1_IRQHandler                         
00003ca9  EUSCIB2_IRQHandler                         
00003ca9  EUSCIB3_IRQHandler                         
00003ca9  FLCTL_IRQHandler                           
00003ca9  FPU_IRQHandler                             
00003ca9  HardFault_Handler                          
00003ca9  MemManage_Handler                          
00003ca9  NMI_Handler                                
00003ca9  PCM_IRQHandler                             
00003ca9  PORT1_IRQHandler                           
00003ca9  PORT2_IRQHandler                           
00003ca9  PORT3_IRQHandler                           
00003ca9  PORT5_IRQHandler                           
00003ca9  PORT6_IRQHandler                           
00003ca9  PSS_IRQHandler                             
00003ca9  PendSV_Handler                             
00003ca9  RTC_C_IRQHandler                           
00003ca9  SVC_Handler                                
00003ca9  T32_INT2_IRQHandler                        
00003ca9  T32_INTC_IRQHandler                        
00003ca9  TA0_0_IRQHandler                           
00003ca9  TA0_N_IRQHandler                           
00003ca9  TA1_0_IRQHandler                           
00003ca9  TA1_N_IRQHandler                           
00003ca9  TA2_0_IRQHandler                           
00003ca9  TA2_N_IRQHandler                           
00003ca9  UsageFault_Handler                         
00003ca9  WDT_A_IRQHandler                           
00003cab  CPU_cpsie                                  
00003cb9  PCM_getPowerState                          
00003cc5  SysCtl_getNMISourceStatus                  
00003cd1  SysTick_setPeriod                          
00003cdd  UART_enableModule                          
00003ce9  Timer32_clearInterruptFlag                 
00003cf3  Timer32_enableInterrupt                    
00003d07  PCM_setPowerMode                           
00003d0f  PCM_setPowerState                          
00003d17  Timer_A_startCounter                       
00003d21  __aeabi_errno_addr                         
00003d29  CS_startHFXT                               
00003d2f  UART_getInterruptStatus                    
00003d35  CPU_wfi                                    
00003d39  _system_pre_init                           
00003d3d  C$$EXIT                                    
00003d3d  abort                                      
00003d40  _ctypes_                                   
00004030  __TI_Handler_Table_Base                    
0000403c  __TI_Handler_Table_Limit                   
00004048  __TI_CINIT_Base                            
00004058  __TI_CINIT_Limit                           
20000000  __start___llvm_prf_cnts                    
20000000  __stop___llvm_prf_cnts                     
20000030  leftTacho_timerCount                       
20000034  leftTacho_direction                        
20000038  rightTacho_timerCount                      
2000003c  rightTacho_direction                       
20000050  bumpButtonList                             
20000068  leftMotor_dutyCycle                        
2000006c  leftMotor_direction                        
20000070  rightMotor_dutyCycle                       
20000074  rightMotor_direction                       
20000078  bumpStatus                                 
2000007c  bumpPress                                  
20000080  currentLED                                 
20000084  terminalDisplayText                        
20000088  errno                                      
2000008c  SystemCoreClock                            
20000090  bumpButton                                 
20000094  buttonStateIndex                           
20000098  clockMCLK                                  
2000009c  clockSMCLK                                 
2000fe00  __stack                                    
20010000  __STACK_END                                
4000480c  WDTCTL_SYM                                 
ffffffff  __TI_pprof_out_hndl                        
ffffffff  __TI_prof_data_size                        
ffffffff  __TI_prof_data_start                       
ffffffff  __binit__                                  
ffffffff  __c_args__                                 
ffffffff  binit                                      
UNDEFED   __mpu_init                                 
UNDEFED   _system_post_cinit                         

[237 symbols]
