******************************************************************************
                  TI ARM Linker Unix v20.2.5                   
******************************************************************************
>> Linked Tue Jan 11 22:10:15 2022

OUTPUT FILE NAME:   <rslk.out>
ENTRY POINT SYMBOL: "_c_int00_noargs"  address: 000018fd


MEMORY CONFIGURATION

         name            origin    length      used     unused   attr    fill
----------------------  --------  ---------  --------  --------  ----  --------
  MAIN                  00000000   00040000  00001f9c  0003e064  R  X
  INFO                  00200000   00004000  00000000  00004000  R  X
  SRAM_CODE             01000000   00010000  0000029d  0000fd63  RW X
  SRAM_DATA             20000000   00010000  0000029d  0000fd63  RW  


SEGMENT ALLOCATION MAP

run origin  load origin   length   init length attrs members
----------  ----------- ---------- ----------- ----- -------
00000000    00000000    00001fa0   00001fa0    r-x
  00000000    00000000    000000e4   000000e4    r-- .intvecs
  000000e4    000000e4    00001d6c   00001d6c    r-x .text
  00001e50    00001e50    000000d4   000000d4    r-- .const
  00001f28    00001f28    00000078   00000078    r-- .cinit
20000000    20000000    000000a0   00000000    rw-
  20000000    20000000    00000085   00000000    rw- .data
  20000088    20000088    00000018   00000000    rw- .bss
2000fe00    2000fe00    00000200   00000000    rw-
  2000fe00    2000fe00    00000200   00000000    rw- .stack


SECTION ALLOCATION MAP

 output                                  attributes/
section   page    origin      length       input sections
--------  ----  ----------  ----------   ----------------
.intvecs   0    00000000    000000e4     
                  00000000    000000e4     startup_msp432p401r_ccs.obj (.intvecs:retain)

.text      0    000000e4    00001d6c     
                  000000e4    00000334     system_msp432p401r.obj (.text)
                  00000418    00000308     motor.obj (.text)
                  00000720    000001d4     main.obj (.text)
                  000008f4    000001b4     tachometer.obj (.text)
                  00000aa8    000001a0     msp432p4xx_driverlib.lib : pcm.o (.text:__PCM_setPowerStateAdvanced)
                  00000c48    00000150     bumpSensors.obj (.text)
                  00000d98    00000104     msp432p4xx_driverlib.lib : cs.o (.text:CS_getDCOFrequency)
                  00000e9c    000000e0                              : cs.o (.text:CS_initClockSignal)
                  00000f7c    000000dc                              : pcm.o (.text:__PCM_setPowerModeAdvanced)
                  00001058    000000b2                              : timer_a.o (.text:privateTimer_AProcessClockSourceDivider)
                  0000110a    00000002     --HOLE-- [fill = 0]
                  0000110c    000000b0                              : pcm.o (.text:__PCM_setCoreVoltageLevelAdvanced)
                  000011bc    0000009c                              : cs.o (.text:CS_startHFXTWithTimeout)
                  00001258    0000009c                              : cs.o (.text:_CSComputeCLKFrequency)
                  000012f4    0000009c     rtsv7M4_T_le_v4SPD16_eabi.lib : memcpy_t2.asm.obj (.text)
                  00001390    00000094     msp432p4xx_driverlib.lib : uart.o (.text:UART_initModule)
                  00001424    00000084     uart.obj (.text)
                  000014a8    0000007c     msp432p4xx_driverlib.lib : pcm.o (.text:PCM_gotoLPM3)
                  00001524    00000070                              : cs.o (.text:_CSGetHFXTFrequency)
                  00001594    00000068     rtsv7M4_T_le_v4SPD16_eabi.lib : copy_decompress_lzss.c.obj (.text:decompress:lzss:__TI_decompress_lzss)
                  000015fc    00000064     msp432p4xx_driverlib.lib : interrupt.o (.text:Interrupt_enableInterrupt)
                  00001660    00000050                              : pcm.o (.text:PCM_shutdownDevice)
                  000016b0    00000050                              : sysctl.o (.text:SysCtl_getTLVInfo)
                  00001700    0000004c                              : gpio.o (.text:GPIO_setAsPeripheralModuleFunctionOutputPin)
                  0000174c    0000004c                              : cs.o (.text:_CSGetDOCFrequency)
                  00001798    00000048                              : gpio.o (.text:GPIO_setAsPeripheralModuleFunctionInputPin)
                  000017e0    00000048                              : timer32.o (.text:Timer32_initModule)
                  00001828    00000048                              : timer_a.o (.text:Timer_A_generatePWM)
                  00001870    00000048                              : cs.o (.text:_CSGetDividerValue)
                  000018b8    00000044     rtsv7M4_T_le_v4SPD16_eabi.lib : autoinit.c.obj (.text:__TI_auto_init_nobinit_nopinit:__TI_auto_init_nobinit_nopinit)
                  000018fc    00000034                                   : boot_cortex_m.c.obj (.text:_c_int00_noargs:_c_int00_noargs)
                  00001930    00000030     msp432p4xx_driverlib.lib : gpio.o (.text:GPIO_getEnabledInterruptStatus)
                  00001960    00000030                              : gpio.o (.text:GPIO_setAsInputPinWithPullUpResistor)
                  00001990    00000030                              : timer_a.o (.text:Timer_A_initCapture)
                  000019c0    0000002c                              : gpio.o (.text:GPIO_setAsInputPin)
                  000019ec    0000002c                              : pcm.o (.text:PCM_getCoreVoltageLevel)
                  00001a18    0000002a                              : pcm.o (.text:PCM_getPowerMode)
                  00001a42    00000002     --HOLE-- [fill = 0]
                  00001a44    00000028                              : flash.o (.text:FlashCtl_setWaitState)
                  00001a6c    00000028                              : pcm.o (.text:PCM_gotoLPM0)
                  00001a94    00000024                              : cs.o (.text:CS_clearInterruptFlag)
                  00001ab8    00000024                              : gpio.o (.text:GPIO_setAsOutputPin)
                  00001adc    00000024                              : rtc_c.o (.text:RTC_C_holdClock)
                  00001b00    00000024                              : timer32.o (.text:Timer32_setCount)
                  00001b24    00000024                              : timer_a.o (.text:Timer_A_configureContinuousMode)
                  00001b48    00000024                              : uart.o (.text:UART_transmitData)
                  00001b6c    00000020                              : gpio.o (.text:GPIO_interruptEdgeSelect)
                  00001b8c    00000020                              : timer32.o (.text:Timer32_startTimer)
                  00001bac    0000001c     rtsv7M4_T_le_v4SPD16_eabi.lib : copy_zero_init.c.obj (.text:decompress:ZI:__TI_zero_init_nomemset:__TI_zero_init_nomemset)
                  00001bc8    0000001a     msp432p4xx_driverlib.lib : timer_a.o (.text:Timer_A_clearCaptureCompareInterrupt)
                  00001be2    00000002     --HOLE-- [fill = 0]
                  00001be4    00000018                              : cs.o (.text:CS_getMCLK)
                  00001bfc    00000018                              : cs.o (.text:CS_getSMCLK)
                  00001c14    00000018                              : gpio.o (.text:GPIO_clearInterruptFlag)
                  00001c2c    00000018                              : gpio.o (.text:GPIO_getInputPinValue)
                  00001c44    00000018                              : gpio.o (.text:GPIO_setOutputLowOnPin)
                  00001c5c    00000018                              : wdt_a.o (.text:WDT_A_holdTimer)
                  00001c74    00000014                              : cs.o (.text:CS_setExternalClockSourceFrequency)
                  00001c88    00000014                              : fpu.o (.text:FPU_enableModule)
                  00001c9c    00000014                              : gpio.o (.text:GPIO_enableInterrupt)
                  00001cb0    00000014                              : gpio.o (.text:GPIO_setOutputHighOnPin)
                  00001cc4    00000014                              : systick.o (.text:SysTick_disableInterrupt)
                  00001cd8    00000014                              : systick.o (.text:SysTick_disableModule)
                  00001cec    00000014                              : systick.o (.text:SysTick_enableInterrupt)
                  00001d00    00000014                              : systick.o (.text:SysTick_enableModule)
                  00001d14    00000014     rtsv7M4_T_le_v4SPD16_eabi.lib : strlen.c.obj (.text:strlen)
                  00001d28    00000010     msp432p4xx_driverlib.lib : fpu.o (.text:FPU_enableLazyStacking)
                  00001d38    00000010                              : gpio.o (.text:GPIO_getInterruptStatus)
                  00001d48    00000010                              : interrupt.o (.text:Interrupt_enableMaster)
                  00001d58    00000010                              : pcm.o (.text:PCM_gotoLPM4)
                  00001d68    00000010                              : sysctl.o (.text:SysCtl_disableNMISource)
                  00001d78    00000010                              : sysctl.o (.text:SysCtl_enableNMISource)
                  00001d88    0000000e                              : timer_a.o (.text:Timer_A_getCaptureCompareCount)
                  00001d96    0000000e                              : timer_a.o (.text:Timer_A_setCompareValue)
                  00001da4    0000000e                              : uart.o (.text:UART_clearInterruptFlag)
                  00001db2    0000000e     rtsv7M4_T_le_v4SPD16_eabi.lib : copy_decompress_none.c.obj (.text:decompress:none:__TI_decompress_none)
                  00001dc0    0000000e     startup_msp432p401r_ccs.obj (.text)
                  00001dce    0000000c     msp432p4xx_driverlib.lib : cpu.o (.text:CPU_cpsie)
                  00001dda    00000002     --HOLE-- [fill = 0]
                  00001ddc    0000000c                              : pcm.o (.text:PCM_getPowerState)
                  00001de8    0000000c                              : sysctl.o (.text:SysCtl_getNMISourceStatus)
                  00001df4    0000000c                              : systick.o (.text:SysTick_setPeriod)
                  00001e00    0000000c                              : uart.o (.text:UART_enableModule)
                  00001e0c    0000000a                              : timer32.o (.text:Timer32_clearInterruptFlag)
                  00001e16    0000000a                              : timer32.o (.text:Timer32_enableInterrupt)
                  00001e20    00000008                              : pcm.o (.text:PCM_setPowerMode)
                  00001e28    00000008                              : pcm.o (.text:PCM_setPowerState)
                  00001e30    00000008                              : timer_a.o (.text:Timer_A_startCounter)
                  00001e38    00000006                              : cs.o (.text:CS_startHFXT)
                  00001e3e    00000006                              : uart.o (.text:UART_getInterruptStatus)
                  00001e44    00000004                              : cpu.o (.text:CPU_wfi)
                  00001e48    00000004     rtsv7M4_T_le_v4SPD16_eabi.lib : pre_init.c.obj (.text:_system_pre_init)
                  00001e4c    00000004                                   : exit.c.obj (.text:abort:abort)

.const     0    00001e50    000000d4     
                  00001e50    00000040     msp432p4xx_driverlib.lib : interrupt.o (.const)
                  00001e90    00000024     uart.obj (.const:$P$T0$1)
                  00001eb4    00000018     motor.obj (.const:$P$T0$1)
                  00001ecc    00000018     motor.obj (.const:$P$T1$2)
                  00001ee4    00000018     tachometer.obj (.const:$P$T1$2)
                  00001efc    00000018     tachometer.obj (.const:$P$T2$3)
                  00001f14    00000010     tachometer.obj (.const:$P$T0$1)

.cinit     0    00001f28    00000078     
                  00001f28    0000004d     (.cinit..data.load) [load image, compression = lzss]
                  00001f75    00000003     --HOLE-- [fill = 0]
                  00001f78    0000000c     (__TI_handler_table)
                  00001f84    00000004     --HOLE-- [fill = 0]
                  00001f88    00000008     (.cinit..bss.load) [load image, compression = zero_init]
                  00001f90    00000010     (__TI_cinit_table)

.init_array 
*          0    00000000    00000000     UNINITIALIZED

.binit     0    00000000    00000000     

.data      0    20000000    00000085     UNINITIALIZED
                  20000000    00000030     msp432p4xx_driverlib.lib : gpio.o (.data:GPIO_PORT_TO_BASE)
                  20000030    00000020     tachometer.obj (.data)
                  20000050    00000018     bumpSensors.obj (.data:bumpButtonList)
                  20000068    00000010     motor.obj (.data)
                  20000078    00000008     bumpSensors.obj (.data)
                  20000080    00000004     system_msp432p401r.obj (.data)
                  20000084    00000001     main.obj (.data)

.bss       0    20000088    00000018     UNINITIALIZED
                  20000088    00000004     (.common:bumpButton)
                  2000008c    00000004     (.common:buttonStateIndex)
                  20000090    00000004     (.common:clockMCLK)
                  20000094    00000004     (.common:clockSMCLK)
                  20000098    00000004     (.common:hfxtFreq)
                  2000009c    00000004     (.common:lfxtFreq)

.stack     0    2000fe00    00000200     UNINITIALIZED
                  2000fe00    00000004     rtsv7M4_T_le_v4SPD16_eabi.lib : boot_cortex_m.c.obj (.stack)
                  2000fe04    000001fc     --HOLE--

__llvm_prf_cnts 
*          0    20000000    00000000     UNINITIALIZED

MODULE SUMMARY

       Module                        code   ro data   rw data
       ------                        ----   -------   -------
    ./
       motor.obj                     776    48        32     
       system_msp432p401r.obj        820    0         8      
       tachometer.obj                436    64        64     
       main.obj                      468    0         10     
       bumpSensors.obj               336    0         88     
       startup_msp432p401r_ccs.obj   14     228       0      
       uart.obj                      132    36        0      
    +--+-----------------------------+------+---------+---------+
       Total:                        2982   376       202    
                                                             
    /home/nick/ti/ccs1100/ccs/tools/compiler/ti-cgt-arm_20.2.5.LTS/lib/rtsv7M4_T_le_v4SPD16_eabi.lib
       memcpy_t2.asm.obj             156    0         0      
       copy_decompress_lzss.c.obj    104    0         0      
       autoinit.c.obj                68     0         0      
       boot_cortex_m.c.obj           52     0         0      
       copy_zero_init.c.obj          28     0         0      
       strlen.c.obj                  20     0         0      
       copy_decompress_none.c.obj    14     0         0      
       exit.c.obj                    4      0         0      
       pre_init.c.obj                4      0         0      
    +--+-----------------------------+------+---------+---------+
       Total:                        450    0         0      
                                                             
    /home/nick/ti/ccs_workspace/msp432_driverlib_3_21_00_05/driverlib/MSP432P4xx/ccs/msp432p4xx_driverlib.lib
       pcm.o                         1186   0         0      
       cs.o                          1166   0         16     
       gpio.o                        484    0         96     
       timer_a.o                     396    0         0      
       uart.o                        216    0         0      
       interrupt.o                   116    64        0      
       timer32.o                     160    0         0      
       sysctl.o                      124    0         0      
       systick.o                     92     0         0      
       flash.o                       40     0         0      
       fpu.o                         36     0         0      
       rtc_c.o                       36     0         0      
       wdt_a.o                       24     0         0      
       cpu.o                         16     0         0      
    +--+-----------------------------+------+---------+---------+
       Total:                        4092   64        112    
                                                             
       Stack:                        0      0         1024   
       Linker Generated:             0      113       0      
    +--+-----------------------------+------+---------+---------+
       Grand Total:                  7524   553       1338   


LINKER GENERATED COPY TABLES

__TI_cinit_table @ 00001f90 records: 2, size/record: 8, table size: 16
	.data: load addr=00001f28, load size=0000004d bytes, run addr=20000000, run size=00000085 bytes, compression=lzss
	.bss: load addr=00001f88, load size=00000008 bytes, run addr=20000088, run size=00000018 bytes, compression=zero_init


LINKER GENERATED HANDLER TABLE

__TI_handler_table @ 00001f78 records: 3, size/record: 4, table size: 12
	index: 0, handler: __TI_decompress_lzss
	index: 1, handler: __TI_decompress_none
	index: 2, handler: __TI_zero_init


GLOBAL SYMBOLS: SORTED ALPHABETICALLY BY Name 

address   name                                       
-------   ----                                       
00001dcd  ADC14_IRQHandler                           
00001dcd  AES256_IRQHandler                          
00001dcd  BusFault_Handler                           
00001e4d  C$$EXIT                                    
00001dcd  COMP_E0_IRQHandler                         
00001dcd  COMP_E1_IRQHandler                         
00001dcf  CPU_cpsie                                  
00001e45  CPU_wfi                                    
00001dcd  CS_IRQHandler                              
00001a95  CS_clearInterruptFlag                      
00000d99  CS_getDCOFrequency                         
00001be5  CS_getMCLK                                 
00001bfd  CS_getSMCLK                                
00000e9d  CS_initClockSignal                         
00001c75  CS_setExternalClockSourceFrequency         
00001e39  CS_startHFXT                               
000011bd  CS_startHFXTWithTimeout                    
00001dcd  DMA_ERR_IRQHandler                         
00001dcd  DMA_INT0_IRQHandler                        
00001dcd  DMA_INT1_IRQHandler                        
00001dcd  DMA_INT2_IRQHandler                        
00001dcd  DMA_INT3_IRQHandler                        
00001dcd  DebugMon_Handler                           
00001dcd  Default_Handler                            
00001dcd  EUSCIA0_IRQHandler                         
00001dcd  EUSCIA1_IRQHandler                         
00001dcd  EUSCIA2_IRQHandler                         
00001dcd  EUSCIA3_IRQHandler                         
00001dcd  EUSCIB0_IRQHandler                         
00001dcd  EUSCIB1_IRQHandler                         
00001dcd  EUSCIB2_IRQHandler                         
00001dcd  EUSCIB3_IRQHandler                         
00001dcd  FLCTL_IRQHandler                           
00001dcd  FPU_IRQHandler                             
00001d29  FPU_enableLazyStacking                     
00001c89  FPU_enableModule                           
00001a45  FlashCtl_setWaitState                      
00001c15  GPIO_clearInterruptFlag                    
00001c9d  GPIO_enableInterrupt                       
00001931  GPIO_getEnabledInterruptStatus             
00001c2d  GPIO_getInputPinValue                      
00001d39  GPIO_getInterruptStatus                    
00001b6d  GPIO_interruptEdgeSelect                   
000019c1  GPIO_setAsInputPin                         
00001961  GPIO_setAsInputPinWithPullUpResistor       
00001ab9  GPIO_setAsOutputPin                        
00001799  GPIO_setAsPeripheralModuleFunctionInputPin 
00001701  GPIO_setAsPeripheralModuleFunctionOutputPin
00001cb1  GPIO_setOutputHighOnPin                    
00001c45  GPIO_setOutputLowOnPin                     
00001dcd  HardFault_Handler                          
000015fd  Interrupt_enableInterrupt                  
00001d49  Interrupt_enableMaster                     
00001dcd  MemManage_Handler                          
00001dcd  NMI_Handler                                
00001dcd  PCM_IRQHandler                             
000019ed  PCM_getCoreVoltageLevel                    
00001a19  PCM_getPowerMode                           
00001ddd  PCM_getPowerState                          
00001a6d  PCM_gotoLPM0                               
000014a9  PCM_gotoLPM3                               
00001d59  PCM_gotoLPM4                               
00001e21  PCM_setPowerMode                           
00001e29  PCM_setPowerState                          
00001661  PCM_shutdownDevice                         
00001dcd  PORT1_IRQHandler                           
00001dcd  PORT2_IRQHandler                           
00001dcd  PORT3_IRQHandler                           
00000cbf  PORT4_IRQHandler                           
00000cbf  PORT4_IRQHandler                           
00001dcd  PORT5_IRQHandler                           
00001dcd  PORT6_IRQHandler                           
00001dcd  PSS_IRQHandler                             
00001dcd  PendSV_Handler                             
00001dcd  RTC_C_IRQHandler                           
00001add  RTC_C_holdClock                            
00001dc1  Reset_Handler                              
00001dcd  SVC_Handler                                
00001d69  SysCtl_disableNMISource                    
00001d79  SysCtl_enableNMISource                     
00001de9  SysCtl_getNMISourceStatus                  
000016b1  SysCtl_getTLVInfo                          
00000d2d  SysTick_Handler                            
00000d2d  SysTick_Handler                            
00001cc5  SysTick_disableInterrupt                   
00001cd9  SysTick_disableModule                      
00001ced  SysTick_enableInterrupt                    
00001d01  SysTick_enableModule                       
00001df5  SysTick_setPeriod                          
20000080  SystemCoreClock                            
000000e5  SystemCoreClockUpdate                      
0000035d  SystemInit                                 
000008b7  T32_INT1_IRQHandler                        
000008b7  T32_INT1_IRQHandler                        
00001dcd  T32_INT2_IRQHandler                        
00001dcd  T32_INTC_IRQHandler                        
00001dcd  TA0_0_IRQHandler                           
00001dcd  TA0_N_IRQHandler                           
00001dcd  TA1_0_IRQHandler                           
00001dcd  TA1_N_IRQHandler                           
00001dcd  TA2_0_IRQHandler                           
00001dcd  TA2_N_IRQHandler                           
00000a19  TA3_0_IRQHandler                           
00000a19  TA3_0_IRQHandler                           
000009bd  TA3_N_IRQHandler                           
000009bd  TA3_N_IRQHandler                           
00001e0d  Timer32_clearInterruptFlag                 
00001e17  Timer32_enableInterrupt                    
000017e1  Timer32_initModule                         
00001b01  Timer32_setCount                           
00001b8d  Timer32_startTimer                         
00001bc9  Timer_A_clearCaptureCompareInterrupt       
00001b25  Timer_A_configureContinuousMode            
00001829  Timer_A_generatePWM                        
00001d89  Timer_A_getCaptureCompareCount             
00001991  Timer_A_initCapture                        
00001d97  Timer_A_setCompareValue                    
00001e31  Timer_A_startCounter                       
00001da5  UART_clearInterruptFlag                    
00001e01  UART_enableModule                          
00001e3f  UART_getInterruptStatus                    
00001391  UART_initModule                            
00001b49  UART_transmitData                          
00001dcd  UsageFault_Handler                         
4000480c  WDTCTL_SYM                                 
00001dcd  WDT_A_IRQHandler                           
00001c5d  WDT_A_holdTimer                            
20010000  __STACK_END                                
00000200  __STACK_SIZE                               
00001f90  __TI_CINIT_Base                            
00001fa0  __TI_CINIT_Limit                           
00001f78  __TI_Handler_Table_Base                    
00001f84  __TI_Handler_Table_Limit                   
000018b9  __TI_auto_init_nobinit_nopinit             
00001595  __TI_decompress_lzss                       
00001db3  __TI_decompress_none                       
ffffffff  __TI_pprof_out_hndl                        
ffffffff  __TI_prof_data_size                        
ffffffff  __TI_prof_data_start                       
00000000  __TI_static_base__                         
00001bad  __TI_zero_init_nomemset                    
000012f5  __aeabi_memcpy                             
000012f5  __aeabi_memcpy4                            
000012f5  __aeabi_memcpy8                            
ffffffff  __binit__                                  
ffffffff  __c_args__                                 
UNDEFED   __mpu_init                                 
2000fe00  __stack                                    
20000000  __start___llvm_prf_cnts                    
20000000  __stop___llvm_prf_cnts                     
000018fd  _c_int00_noargs                            
UNDEFED   _system_post_cinit                         
00001e49  _system_pre_init                           
00001e4d  abort                                      
ffffffff  binit                                      
20000088  bumpButton                                 
20000050  bumpButtonList                             
2000007c  bumpPress                                  
00000c81  bumpStateSet                               
20000078  bumpStatus                                 
2000008c  buttonStateIndex                           
00000c87  checkBumpState                             
20000090  clockMCLK                                  
20000094  clockSMCLK                                 
20000084  currentLED                                 
000004ff  decreasePWM                                
000006f9  getMotorDirection                          
000006d9  getMotorDutyCycle                          
0000098f  getSpeed                                   
00000977  getTachoDirection                          
000004d5  increasePWM                                
00000c49  initBumpSensors                            
000007f1  initDevice_HFXT                            
00000893  initGPIOComms                              
00000863  initHeartBeatLED                           
00000419  initMotors                                 
000008f5  initTachometers                            
00001425  initUART                                   
00000000  interruptVectors                           
2000006c  leftMotor_direction                        
20000068  leftMotor_dutyCycle                        
20000034  leftTacho_direction                        
20000030  leftTacho_timerCount                       
00000721  main                                       
000012f5  memcpy                                     
00000591  pauseMotor                                 
20000074  rightMotor_direction                       
20000070  rightMotor_dutyCycle                       
2000003c  rightTacho_direction                       
20000038  rightTacho_timerCount                      
0000067d  setMotorDirection                          
00000601  setMotorDutyCycle                          
000005bb  startMotor                                 
0000096b  startTacho                                 
00000583  stopMotor                                  
00001d15  strlen                                     
00000529  switchDirection                            
00001459  uart0_transmitStr                          


GLOBAL SYMBOLS: SORTED BY Symbol Address 

address   name                                       
-------   ----                                       
00000000  __TI_static_base__                         
00000000  interruptVectors                           
000000e5  SystemCoreClockUpdate                      
00000200  __STACK_SIZE                               
0000035d  SystemInit                                 
00000419  initMotors                                 
000004d5  increasePWM                                
000004ff  decreasePWM                                
00000529  switchDirection                            
00000583  stopMotor                                  
00000591  pauseMotor                                 
000005bb  startMotor                                 
00000601  setMotorDutyCycle                          
0000067d  setMotorDirection                          
000006d9  getMotorDutyCycle                          
000006f9  getMotorDirection                          
00000721  main                                       
000007f1  initDevice_HFXT                            
00000863  initHeartBeatLED                           
00000893  initGPIOComms                              
000008b7  T32_INT1_IRQHandler                        
000008b7  T32_INT1_IRQHandler                        
000008f5  initTachometers                            
0000096b  startTacho                                 
00000977  getTachoDirection                          
0000098f  getSpeed                                   
000009bd  TA3_N_IRQHandler                           
000009bd  TA3_N_IRQHandler                           
00000a19  TA3_0_IRQHandler                           
00000a19  TA3_0_IRQHandler                           
00000c49  initBumpSensors                            
00000c81  bumpStateSet                               
00000c87  checkBumpState                             
00000cbf  PORT4_IRQHandler                           
00000cbf  PORT4_IRQHandler                           
00000d2d  SysTick_Handler                            
00000d2d  SysTick_Handler                            
00000d99  CS_getDCOFrequency                         
00000e9d  CS_initClockSignal                         
000011bd  CS_startHFXTWithTimeout                    
000012f5  __aeabi_memcpy                             
000012f5  __aeabi_memcpy4                            
000012f5  __aeabi_memcpy8                            
000012f5  memcpy                                     
00001391  UART_initModule                            
00001425  initUART                                   
00001459  uart0_transmitStr                          
000014a9  PCM_gotoLPM3                               
00001595  __TI_decompress_lzss                       
000015fd  Interrupt_enableInterrupt                  
00001661  PCM_shutdownDevice                         
000016b1  SysCtl_getTLVInfo                          
00001701  GPIO_setAsPeripheralModuleFunctionOutputPin
00001799  GPIO_setAsPeripheralModuleFunctionInputPin 
000017e1  Timer32_initModule                         
00001829  Timer_A_generatePWM                        
000018b9  __TI_auto_init_nobinit_nopinit             
000018fd  _c_int00_noargs                            
00001931  GPIO_getEnabledInterruptStatus             
00001961  GPIO_setAsInputPinWithPullUpResistor       
00001991  Timer_A_initCapture                        
000019c1  GPIO_setAsInputPin                         
000019ed  PCM_getCoreVoltageLevel                    
00001a19  PCM_getPowerMode                           
00001a45  FlashCtl_setWaitState                      
00001a6d  PCM_gotoLPM0                               
00001a95  CS_clearInterruptFlag                      
00001ab9  GPIO_setAsOutputPin                        
00001add  RTC_C_holdClock                            
00001b01  Timer32_setCount                           
00001b25  Timer_A_configureContinuousMode            
00001b49  UART_transmitData                          
00001b6d  GPIO_interruptEdgeSelect                   
00001b8d  Timer32_startTimer                         
00001bad  __TI_zero_init_nomemset                    
00001bc9  Timer_A_clearCaptureCompareInterrupt       
00001be5  CS_getMCLK                                 
00001bfd  CS_getSMCLK                                
00001c15  GPIO_clearInterruptFlag                    
00001c2d  GPIO_getInputPinValue                      
00001c45  GPIO_setOutputLowOnPin                     
00001c5d  WDT_A_holdTimer                            
00001c75  CS_setExternalClockSourceFrequency         
00001c89  FPU_enableModule                           
00001c9d  GPIO_enableInterrupt                       
00001cb1  GPIO_setOutputHighOnPin                    
00001cc5  SysTick_disableInterrupt                   
00001cd9  SysTick_disableModule                      
00001ced  SysTick_enableInterrupt                    
00001d01  SysTick_enableModule                       
00001d15  strlen                                     
00001d29  FPU_enableLazyStacking                     
00001d39  GPIO_getInterruptStatus                    
00001d49  Interrupt_enableMaster                     
00001d59  PCM_gotoLPM4                               
00001d69  SysCtl_disableNMISource                    
00001d79  SysCtl_enableNMISource                     
00001d89  Timer_A_getCaptureCompareCount             
00001d97  Timer_A_setCompareValue                    
00001da5  UART_clearInterruptFlag                    
00001db3  __TI_decompress_none                       
00001dc1  Reset_Handler                              
00001dcd  ADC14_IRQHandler                           
00001dcd  AES256_IRQHandler                          
00001dcd  BusFault_Handler                           
00001dcd  COMP_E0_IRQHandler                         
00001dcd  COMP_E1_IRQHandler                         
00001dcd  CS_IRQHandler                              
00001dcd  DMA_ERR_IRQHandler                         
00001dcd  DMA_INT0_IRQHandler                        
00001dcd  DMA_INT1_IRQHandler                        
00001dcd  DMA_INT2_IRQHandler                        
00001dcd  DMA_INT3_IRQHandler                        
00001dcd  DebugMon_Handler                           
00001dcd  Default_Handler                            
00001dcd  EUSCIA0_IRQHandler                         
00001dcd  EUSCIA1_IRQHandler                         
00001dcd  EUSCIA2_IRQHandler                         
00001dcd  EUSCIA3_IRQHandler                         
00001dcd  EUSCIB0_IRQHandler                         
00001dcd  EUSCIB1_IRQHandler                         
00001dcd  EUSCIB2_IRQHandler                         
00001dcd  EUSCIB3_IRQHandler                         
00001dcd  FLCTL_IRQHandler                           
00001dcd  FPU_IRQHandler                             
00001dcd  HardFault_Handler                          
00001dcd  MemManage_Handler                          
00001dcd  NMI_Handler                                
00001dcd  PCM_IRQHandler                             
00001dcd  PORT1_IRQHandler                           
00001dcd  PORT2_IRQHandler                           
00001dcd  PORT3_IRQHandler                           
00001dcd  PORT5_IRQHandler                           
00001dcd  PORT6_IRQHandler                           
00001dcd  PSS_IRQHandler                             
00001dcd  PendSV_Handler                             
00001dcd  RTC_C_IRQHandler                           
00001dcd  SVC_Handler                                
00001dcd  T32_INT2_IRQHandler                        
00001dcd  T32_INTC_IRQHandler                        
00001dcd  TA0_0_IRQHandler                           
00001dcd  TA0_N_IRQHandler                           
00001dcd  TA1_0_IRQHandler                           
00001dcd  TA1_N_IRQHandler                           
00001dcd  TA2_0_IRQHandler                           
00001dcd  TA2_N_IRQHandler                           
00001dcd  UsageFault_Handler                         
00001dcd  WDT_A_IRQHandler                           
00001dcf  CPU_cpsie                                  
00001ddd  PCM_getPowerState                          
00001de9  SysCtl_getNMISourceStatus                  
00001df5  SysTick_setPeriod                          
00001e01  UART_enableModule                          
00001e0d  Timer32_clearInterruptFlag                 
00001e17  Timer32_enableInterrupt                    
00001e21  PCM_setPowerMode                           
00001e29  PCM_setPowerState                          
00001e31  Timer_A_startCounter                       
00001e39  CS_startHFXT                               
00001e3f  UART_getInterruptStatus                    
00001e45  CPU_wfi                                    
00001e49  _system_pre_init                           
00001e4d  C$$EXIT                                    
00001e4d  abort                                      
00001f78  __TI_Handler_Table_Base                    
00001f84  __TI_Handler_Table_Limit                   
00001f90  __TI_CINIT_Base                            
00001fa0  __TI_CINIT_Limit                           
20000000  __start___llvm_prf_cnts                    
20000000  __stop___llvm_prf_cnts                     
20000030  leftTacho_timerCount                       
20000034  leftTacho_direction                        
20000038  rightTacho_timerCount                      
2000003c  rightTacho_direction                       
20000050  bumpButtonList                             
20000068  leftMotor_dutyCycle                        
2000006c  leftMotor_direction                        
20000070  rightMotor_dutyCycle                       
20000074  rightMotor_direction                       
20000078  bumpStatus                                 
2000007c  bumpPress                                  
20000080  SystemCoreClock                            
20000084  currentLED                                 
20000088  bumpButton                                 
2000008c  buttonStateIndex                           
20000090  clockMCLK                                  
20000094  clockSMCLK                                 
2000fe00  __stack                                    
20010000  __STACK_END                                
4000480c  WDTCTL_SYM                                 
ffffffff  __TI_pprof_out_hndl                        
ffffffff  __TI_prof_data_size                        
ffffffff  __TI_prof_data_start                       
ffffffff  __binit__                                  
ffffffff  __c_args__                                 
ffffffff  binit                                      
UNDEFED   __mpu_init                                 
UNDEFED   _system_post_cinit                         

[198 symbols]
