<?xml version="1.0" encoding="ISO-8859-1" ?>
<link_info>
   <banner>TI ARM Linker Unix v20.2.5.LTS</banner>
   <copyright>Copyright (c) 1996-2018 Texas Instruments Incorporated</copyright>
   <link_time>0x61de54a7</link_time>
   <link_errors>0x0</link_errors>
   <output_file>rslk.out</output_file>
   <entry_point>
      <name>_c_int00_noargs</name>
      <address>0x18fd</address>
   </entry_point>
   <input_file_list>
      <input_file id="fl-1">
         <path>./</path>
         <kind>object</kind>
         <file>bumpSensors.obj</file>
         <name>bumpSensors.obj</name>
      </input_file>
      <input_file id="fl-2">
         <path>./</path>
         <kind>object</kind>
         <file>main.obj</file>
         <name>main.obj</name>
      </input_file>
      <input_file id="fl-3">
         <path>./</path>
         <kind>object</kind>
         <file>motor.obj</file>
         <name>motor.obj</name>
      </input_file>
      <input_file id="fl-4">
         <path>./</path>
         <kind>object</kind>
         <file>startup_msp432p401r_ccs.obj</file>
         <name>startup_msp432p401r_ccs.obj</name>
      </input_file>
      <input_file id="fl-5">
         <path>./</path>
         <kind>object</kind>
         <file>system_msp432p401r.obj</file>
         <name>system_msp432p401r.obj</name>
      </input_file>
      <input_file id="fl-6">
         <path>./</path>
         <kind>object</kind>
         <file>tachometer.obj</file>
         <name>tachometer.obj</name>
      </input_file>
      <input_file id="fl-7">
         <path>./</path>
         <kind>object</kind>
         <file>uart.obj</file>
         <name>uart.obj</name>
      </input_file>
      <input_file id="fl-c">
         <kind>object</kind>
         <file>&lt;internal&gt;</file>
         <name>&lt;internal&gt;</name>
      </input_file>
      <input_file id="fl-d">
         <path>/home/nick/ti/ccs_workspace/msp432_driverlib_3_21_00_05/driverlib/MSP432P4xx/ccs/</path>
         <kind>archive</kind>
         <file>msp432p4xx_driverlib.lib</file>
         <name>cs.o</name>
      </input_file>
      <input_file id="fl-e">
         <path>/home/nick/ti/ccs_workspace/msp432_driverlib_3_21_00_05/driverlib/MSP432P4xx/ccs/</path>
         <kind>archive</kind>
         <file>msp432p4xx_driverlib.lib</file>
         <name>flash.o</name>
      </input_file>
      <input_file id="fl-f">
         <path>/home/nick/ti/ccs_workspace/msp432_driverlib_3_21_00_05/driverlib/MSP432P4xx/ccs/</path>
         <kind>archive</kind>
         <file>msp432p4xx_driverlib.lib</file>
         <name>fpu.o</name>
      </input_file>
      <input_file id="fl-10">
         <path>/home/nick/ti/ccs_workspace/msp432_driverlib_3_21_00_05/driverlib/MSP432P4xx/ccs/</path>
         <kind>archive</kind>
         <file>msp432p4xx_driverlib.lib</file>
         <name>gpio.o</name>
      </input_file>
      <input_file id="fl-11">
         <path>/home/nick/ti/ccs_workspace/msp432_driverlib_3_21_00_05/driverlib/MSP432P4xx/ccs/</path>
         <kind>archive</kind>
         <file>msp432p4xx_driverlib.lib</file>
         <name>interrupt.o</name>
      </input_file>
      <input_file id="fl-12">
         <path>/home/nick/ti/ccs_workspace/msp432_driverlib_3_21_00_05/driverlib/MSP432P4xx/ccs/</path>
         <kind>archive</kind>
         <file>msp432p4xx_driverlib.lib</file>
         <name>pcm.o</name>
      </input_file>
      <input_file id="fl-13">
         <path>/home/nick/ti/ccs_workspace/msp432_driverlib_3_21_00_05/driverlib/MSP432P4xx/ccs/</path>
         <kind>archive</kind>
         <file>msp432p4xx_driverlib.lib</file>
         <name>rtc_c.o</name>
      </input_file>
      <input_file id="fl-14">
         <path>/home/nick/ti/ccs_workspace/msp432_driverlib_3_21_00_05/driverlib/MSP432P4xx/ccs/</path>
         <kind>archive</kind>
         <file>msp432p4xx_driverlib.lib</file>
         <name>sysctl.o</name>
      </input_file>
      <input_file id="fl-15">
         <path>/home/nick/ti/ccs_workspace/msp432_driverlib_3_21_00_05/driverlib/MSP432P4xx/ccs/</path>
         <kind>archive</kind>
         <file>msp432p4xx_driverlib.lib</file>
         <name>systick.o</name>
      </input_file>
      <input_file id="fl-16">
         <path>/home/nick/ti/ccs_workspace/msp432_driverlib_3_21_00_05/driverlib/MSP432P4xx/ccs/</path>
         <kind>archive</kind>
         <file>msp432p4xx_driverlib.lib</file>
         <name>timer_a.o</name>
      </input_file>
      <input_file id="fl-17">
         <path>/home/nick/ti/ccs_workspace/msp432_driverlib_3_21_00_05/driverlib/MSP432P4xx/ccs/</path>
         <kind>archive</kind>
         <file>msp432p4xx_driverlib.lib</file>
         <name>timer32.o</name>
      </input_file>
      <input_file id="fl-18">
         <path>/home/nick/ti/ccs_workspace/msp432_driverlib_3_21_00_05/driverlib/MSP432P4xx/ccs/</path>
         <kind>archive</kind>
         <file>msp432p4xx_driverlib.lib</file>
         <name>uart.o</name>
      </input_file>
      <input_file id="fl-19">
         <path>/home/nick/ti/ccs_workspace/msp432_driverlib_3_21_00_05/driverlib/MSP432P4xx/ccs/</path>
         <kind>archive</kind>
         <file>msp432p4xx_driverlib.lib</file>
         <name>wdt_a.o</name>
      </input_file>
      <input_file id="fl-1a">
         <path>/home/nick/ti/ccs_workspace/msp432_driverlib_3_21_00_05/driverlib/MSP432P4xx/ccs/</path>
         <kind>archive</kind>
         <file>msp432p4xx_driverlib.lib</file>
         <name>cpu.o</name>
      </input_file>
      <input_file id="fl-d0">
         <path>/home/nick/ti/ccs1100/ccs/tools/compiler/ti-cgt-arm_20.2.5.LTS/lib/</path>
         <kind>archive</kind>
         <file>rtsv7M4_T_le_v4SPD16_eabi.lib</file>
         <name>copy_zero_init.c.obj</name>
      </input_file>
      <input_file id="fl-d1">
         <path>/home/nick/ti/ccs1100/ccs/tools/compiler/ti-cgt-arm_20.2.5.LTS/lib/</path>
         <kind>archive</kind>
         <file>rtsv7M4_T_le_v4SPD16_eabi.lib</file>
         <name>copy_decompress_none.c.obj</name>
      </input_file>
      <input_file id="fl-d2">
         <path>/home/nick/ti/ccs1100/ccs/tools/compiler/ti-cgt-arm_20.2.5.LTS/lib/</path>
         <kind>archive</kind>
         <file>rtsv7M4_T_le_v4SPD16_eabi.lib</file>
         <name>copy_decompress_lzss.c.obj</name>
      </input_file>
      <input_file id="fl-d3">
         <path>/home/nick/ti/ccs1100/ccs/tools/compiler/ti-cgt-arm_20.2.5.LTS/lib/</path>
         <kind>archive</kind>
         <file>rtsv7M4_T_le_v4SPD16_eabi.lib</file>
         <name>strlen.c.obj</name>
      </input_file>
      <input_file id="fl-d4">
         <path>/home/nick/ti/ccs1100/ccs/tools/compiler/ti-cgt-arm_20.2.5.LTS/lib/</path>
         <kind>archive</kind>
         <file>rtsv7M4_T_le_v4SPD16_eabi.lib</file>
         <name>boot_cortex_m.c.obj</name>
      </input_file>
      <input_file id="fl-d5">
         <path>/home/nick/ti/ccs1100/ccs/tools/compiler/ti-cgt-arm_20.2.5.LTS/lib/</path>
         <kind>archive</kind>
         <file>rtsv7M4_T_le_v4SPD16_eabi.lib</file>
         <name>memcpy_t2.asm.obj</name>
      </input_file>
      <input_file id="fl-d6">
         <path>/home/nick/ti/ccs1100/ccs/tools/compiler/ti-cgt-arm_20.2.5.LTS/lib/</path>
         <kind>archive</kind>
         <file>rtsv7M4_T_le_v4SPD16_eabi.lib</file>
         <name>memset_t2.asm.obj</name>
      </input_file>
      <input_file id="fl-d7">
         <path>/home/nick/ti/ccs1100/ccs/tools/compiler/ti-cgt-arm_20.2.5.LTS/lib/</path>
         <kind>archive</kind>
         <file>rtsv7M4_T_le_v4SPD16_eabi.lib</file>
         <name>autoinit.c.obj</name>
      </input_file>
      <input_file id="fl-d8">
         <path>/home/nick/ti/ccs1100/ccs/tools/compiler/ti-cgt-arm_20.2.5.LTS/lib/</path>
         <kind>archive</kind>
         <file>rtsv7M4_T_le_v4SPD16_eabi.lib</file>
         <name>pre_init.c.obj</name>
      </input_file>
      <input_file id="fl-d9">
         <path>/home/nick/ti/ccs1100/ccs/tools/compiler/ti-cgt-arm_20.2.5.LTS/lib/</path>
         <kind>archive</kind>
         <file>rtsv7M4_T_le_v4SPD16_eabi.lib</file>
         <name>cpy_tbl.c.obj</name>
      </input_file>
      <input_file id="fl-da">
         <path>/home/nick/ti/ccs1100/ccs/tools/compiler/ti-cgt-arm_20.2.5.LTS/lib/</path>
         <kind>archive</kind>
         <file>rtsv7M4_T_le_v4SPD16_eabi.lib</file>
         <name>exit.c.obj</name>
      </input_file>
      <input_file id="fl-db">
         <path>/home/nick/ti/ccs1100/ccs/tools/compiler/ti-cgt-arm_20.2.5.LTS/lib/</path>
         <kind>archive</kind>
         <file>rtsv7M4_T_le_v4SPD16_eabi.lib</file>
         <name>_lock.c.obj</name>
      </input_file>
      <input_file id="fl-dc">
         <path>/home/nick/ti/ccs1100/ccs/tools/compiler/ti-cgt-arm_20.2.5.LTS/lib/</path>
         <kind>archive</kind>
         <file>rtsv7M4_T_le_v4SPD16_eabi.lib</file>
         <name>args_main.c.obj</name>
      </input_file>
   </input_file_list>
   <object_component_list>
      <object_component id="oc-26">
         <name>.intvecs:retain</name>
         <load_address>0x0</load_address>
         <run_address>0x0</run_address>
         <size>0xe4</size>
         <input_file_ref idref="fl-4"/>
      </object_component>
      <object_component id="oc-b1">
         <name>.text</name>
         <load_address>0xe4</load_address>
         <run_address>0xe4</run_address>
         <size>0x334</size>
         <input_file_ref idref="fl-5"/>
      </object_component>
      <object_component id="oc-15e">
         <name>.text</name>
         <load_address>0x418</load_address>
         <run_address>0x418</run_address>
         <size>0x308</size>
         <input_file_ref idref="fl-3"/>
      </object_component>
      <object_component id="oc-79">
         <name>.text</name>
         <load_address>0x720</load_address>
         <run_address>0x720</run_address>
         <size>0x1d4</size>
         <input_file_ref idref="fl-2"/>
      </object_component>
      <object_component id="oc-73">
         <name>.text</name>
         <load_address>0x8f4</load_address>
         <run_address>0x8f4</run_address>
         <size>0x1b4</size>
         <input_file_ref idref="fl-6"/>
      </object_component>
      <object_component id="oc-2e5">
         <name>.text:__PCM_setPowerStateAdvanced</name>
         <load_address>0xaa8</load_address>
         <run_address>0xaa8</run_address>
         <size>0x1a0</size>
         <input_file_ref idref="fl-12"/>
      </object_component>
      <object_component id="oc-6d">
         <name>.text</name>
         <load_address>0xc48</load_address>
         <run_address>0xc48</run_address>
         <size>0x150</size>
         <input_file_ref idref="fl-1"/>
      </object_component>
      <object_component id="oc-3c1">
         <name>.text:CS_getDCOFrequency</name>
         <load_address>0xd98</load_address>
         <run_address>0xd98</run_address>
         <size>0x104</size>
         <input_file_ref idref="fl-d"/>
      </object_component>
      <object_component id="oc-1ac">
         <name>.text:CS_initClockSignal</name>
         <load_address>0xe9c</load_address>
         <run_address>0xe9c</run_address>
         <size>0xe0</size>
         <input_file_ref idref="fl-d"/>
      </object_component>
      <object_component id="oc-38b">
         <name>.text:__PCM_setPowerModeAdvanced</name>
         <load_address>0xf7c</load_address>
         <run_address>0xf7c</run_address>
         <size>0xdc</size>
         <input_file_ref idref="fl-12"/>
      </object_component>
      <object_component id="oc-274">
         <name>.text:privateTimer_AProcessClockSourceDivider</name>
         <load_address>0x1058</load_address>
         <run_address>0x1058</run_address>
         <size>0xb2</size>
         <input_file_ref idref="fl-16"/>
      </object_component>
      <object_component id="oc-385">
         <name>.text:__PCM_setCoreVoltageLevelAdvanced</name>
         <load_address>0x110c</load_address>
         <run_address>0x110c</run_address>
         <size>0xb0</size>
         <input_file_ref idref="fl-12"/>
      </object_component>
      <object_component id="oc-2f6">
         <name>.text:CS_startHFXTWithTimeout</name>
         <load_address>0x11bc</load_address>
         <run_address>0x11bc</run_address>
         <size>0x9c</size>
         <input_file_ref idref="fl-d"/>
      </object_component>
      <object_component id="oc-2fe">
         <name>.text:_CSComputeCLKFrequency</name>
         <load_address>0x1258</load_address>
         <run_address>0x1258</run_address>
         <size>0x9c</size>
         <input_file_ref idref="fl-d"/>
      </object_component>
      <object_component id="oc-37">
         <name>.text</name>
         <load_address>0x12f4</load_address>
         <run_address>0x12f4</run_address>
         <size>0x9c</size>
         <input_file_ref idref="fl-d5"/>
      </object_component>
      <object_component id="oc-29a">
         <name>.text:UART_initModule</name>
         <load_address>0x1390</load_address>
         <run_address>0x1390</run_address>
         <size>0x94</size>
         <input_file_ref idref="fl-18"/>
      </object_component>
      <object_component id="oc-158">
         <name>.text</name>
         <load_address>0x1424</load_address>
         <run_address>0x1424</run_address>
         <size>0x84</size>
         <input_file_ref idref="fl-7"/>
      </object_component>
      <object_component id="oc-373">
         <name>.text:PCM_gotoLPM3</name>
         <load_address>0x14a8</load_address>
         <run_address>0x14a8</run_address>
         <size>0x7c</size>
         <input_file_ref idref="fl-12"/>
      </object_component>
      <object_component id="oc-3ae">
         <name>.text:_CSGetHFXTFrequency</name>
         <load_address>0x1524</load_address>
         <run_address>0x1524</run_address>
         <size>0x70</size>
         <input_file_ref idref="fl-d"/>
      </object_component>
      <object_component id="oc-17">
         <name>.text:decompress:lzss:__TI_decompress_lzss</name>
         <load_address>0x1594</load_address>
         <run_address>0x1594</run_address>
         <size>0x68</size>
         <input_file_ref idref="fl-d2"/>
      </object_component>
      <object_component id="oc-d0">
         <name>.text:Interrupt_enableInterrupt</name>
         <load_address>0x15fc</load_address>
         <run_address>0x15fc</run_address>
         <size>0x64</size>
         <input_file_ref idref="fl-11"/>
      </object_component>
      <object_component id="oc-37f">
         <name>.text:PCM_shutdownDevice</name>
         <load_address>0x1660</load_address>
         <run_address>0x1660</run_address>
         <size>0x50</size>
         <input_file_ref idref="fl-12"/>
      </object_component>
      <object_component id="oc-42b">
         <name>.text:SysCtl_getTLVInfo</name>
         <load_address>0x16b0</load_address>
         <run_address>0x16b0</run_address>
         <size>0x50</size>
         <input_file_ref idref="fl-14"/>
      </object_component>
      <object_component id="oc-19a">
         <name>.text:GPIO_setAsPeripheralModuleFunctionOutputPin</name>
         <load_address>0x1700</load_address>
         <run_address>0x1700</run_address>
         <size>0x4c</size>
         <input_file_ref idref="fl-10"/>
      </object_component>
      <object_component id="oc-425">
         <name>.text:_CSGetDOCFrequency</name>
         <load_address>0x174c</load_address>
         <run_address>0x174c</run_address>
         <size>0x4c</size>
         <input_file_ref idref="fl-d"/>
      </object_component>
      <object_component id="oc-116">
         <name>.text:GPIO_setAsPeripheralModuleFunctionInputPin</name>
         <load_address>0x1798</load_address>
         <run_address>0x1798</run_address>
         <size>0x48</size>
         <input_file_ref idref="fl-10"/>
      </object_component>
      <object_component id="oc-1c4">
         <name>.text:Timer32_initModule</name>
         <load_address>0x17e0</load_address>
         <run_address>0x17e0</run_address>
         <size>0x48</size>
         <input_file_ref idref="fl-17"/>
      </object_component>
      <object_component id="oc-2c3">
         <name>.text:Timer_A_generatePWM</name>
         <load_address>0x1828</load_address>
         <run_address>0x1828</run_address>
         <size>0x48</size>
         <input_file_ref idref="fl-16"/>
      </object_component>
      <object_component id="oc-3bb">
         <name>.text:_CSGetDividerValue</name>
         <load_address>0x1870</load_address>
         <run_address>0x1870</run_address>
         <size>0x48</size>
         <input_file_ref idref="fl-d"/>
      </object_component>
      <object_component id="oc-209">
         <name>.text:__TI_auto_init_nobinit_nopinit:__TI_auto_init_nobinit_nopinit</name>
         <load_address>0x18b8</load_address>
         <run_address>0x18b8</run_address>
         <size>0x44</size>
         <input_file_ref idref="fl-d7"/>
      </object_component>
      <object_component id="oc-55">
         <name>.text:_c_int00_noargs:_c_int00_noargs</name>
         <load_address>0x18fc</load_address>
         <run_address>0x18fc</run_address>
         <size>0x34</size>
         <input_file_ref idref="fl-d4"/>
      </object_component>
      <object_component id="oc-dc">
         <name>.text:GPIO_getEnabledInterruptStatus</name>
         <load_address>0x1930</load_address>
         <run_address>0x1930</run_address>
         <size>0x30</size>
         <input_file_ref idref="fl-10"/>
      </object_component>
      <object_component id="oc-b8">
         <name>.text:GPIO_setAsInputPinWithPullUpResistor</name>
         <load_address>0x1960</load_address>
         <run_address>0x1960</run_address>
         <size>0x30</size>
         <input_file_ref idref="fl-10"/>
      </object_component>
      <object_component id="oc-11c">
         <name>.text:Timer_A_initCapture</name>
         <load_address>0x1990</load_address>
         <run_address>0x1990</run_address>
         <size>0x30</size>
         <input_file_ref idref="fl-16"/>
      </object_component>
      <object_component id="oc-122">
         <name>.text:GPIO_setAsInputPin</name>
         <load_address>0x19c0</load_address>
         <run_address>0x19c0</run_address>
         <size>0x2c</size>
         <input_file_ref idref="fl-10"/>
      </object_component>
      <object_component id="oc-414">
         <name>.text:PCM_getCoreVoltageLevel</name>
         <load_address>0x19ec</load_address>
         <run_address>0x19ec</run_address>
         <size>0x2c</size>
         <input_file_ref idref="fl-12"/>
      </object_component>
      <object_component id="oc-3f9">
         <name>.text:PCM_getPowerMode</name>
         <load_address>0x1a18</load_address>
         <run_address>0x1a18</run_address>
         <size>0x2a</size>
         <input_file_ref idref="fl-12"/>
      </object_component>
      <object_component id="oc-188">
         <name>.text:FlashCtl_setWaitState</name>
         <load_address>0x1a44</load_address>
         <run_address>0x1a44</run_address>
         <size>0x28</size>
         <input_file_ref idref="fl-e"/>
      </object_component>
      <object_component id="oc-391">
         <name>.text:PCM_gotoLPM0</name>
         <load_address>0x1a6c</load_address>
         <run_address>0x1a6c</run_address>
         <size>0x28</size>
         <input_file_ref idref="fl-12"/>
      </object_component>
      <object_component id="oc-3c7">
         <name>.text:CS_clearInterruptFlag</name>
         <load_address>0x1a94</load_address>
         <run_address>0x1a94</run_address>
         <size>0x24</size>
         <input_file_ref idref="fl-d"/>
      </object_component>
      <object_component id="oc-1be">
         <name>.text:GPIO_setAsOutputPin</name>
         <load_address>0x1ab8</load_address>
         <run_address>0x1ab8</run_address>
         <size>0x24</size>
         <input_file_ref idref="fl-10"/>
      </object_component>
      <object_component id="oc-40c">
         <name>.text:RTC_C_holdClock</name>
         <load_address>0x1adc</load_address>
         <run_address>0x1adc</run_address>
         <size>0x24</size>
         <input_file_ref idref="fl-13"/>
      </object_component>
      <object_component id="oc-1ca">
         <name>.text:Timer32_setCount</name>
         <load_address>0x1b00</load_address>
         <run_address>0x1b00</run_address>
         <size>0x24</size>
         <input_file_ref idref="fl-17"/>
      </object_component>
      <object_component id="oc-110">
         <name>.text:Timer_A_configureContinuousMode</name>
         <load_address>0x1b24</load_address>
         <run_address>0x1b24</run_address>
         <size>0x24</size>
         <input_file_ref idref="fl-16"/>
      </object_component>
      <object_component id="oc-2ac">
         <name>.text:UART_transmitData</name>
         <load_address>0x1b48</load_address>
         <run_address>0x1b48</run_address>
         <size>0x24</size>
         <input_file_ref idref="fl-18"/>
      </object_component>
      <object_component id="oc-c4">
         <name>.text:GPIO_interruptEdgeSelect</name>
         <load_address>0x1b6c</load_address>
         <run_address>0x1b6c</run_address>
         <size>0x20</size>
         <input_file_ref idref="fl-10"/>
      </object_component>
      <object_component id="oc-16a">
         <name>.text:Timer32_startTimer</name>
         <load_address>0x1b8c</load_address>
         <run_address>0x1b8c</run_address>
         <size>0x20</size>
         <input_file_ref idref="fl-17"/>
      </object_component>
      <object_component id="oc-43">
         <name>.text:decompress:ZI:__TI_zero_init_nomemset:__TI_zero_init_nomemset</name>
         <load_address>0x1bac</load_address>
         <run_address>0x1bac</run_address>
         <size>0x1c</size>
         <input_file_ref idref="fl-d0"/>
      </object_component>
      <object_component id="oc-12e">
         <name>.text:Timer_A_clearCaptureCompareInterrupt</name>
         <load_address>0x1bc8</load_address>
         <run_address>0x1bc8</run_address>
         <size>0x1a</size>
         <input_file_ref idref="fl-16"/>
      </object_component>
      <object_component id="oc-1b2">
         <name>.text:CS_getMCLK</name>
         <load_address>0x1be4</load_address>
         <run_address>0x1be4</run_address>
         <size>0x18</size>
         <input_file_ref idref="fl-d"/>
      </object_component>
      <object_component id="oc-1b8">
         <name>.text:CS_getSMCLK</name>
         <load_address>0x1bfc</load_address>
         <run_address>0x1bfc</run_address>
         <size>0x18</size>
         <input_file_ref idref="fl-d"/>
      </object_component>
      <object_component id="oc-e2">
         <name>.text:GPIO_clearInterruptFlag</name>
         <load_address>0x1c14</load_address>
         <run_address>0x1c14</run_address>
         <size>0x18</size>
         <input_file_ref idref="fl-10"/>
      </object_component>
      <object_component id="oc-d6">
         <name>.text:GPIO_getInputPinValue</name>
         <load_address>0x1c2c</load_address>
         <run_address>0x1c2c</run_address>
         <size>0x18</size>
         <input_file_ref idref="fl-10"/>
      </object_component>
      <object_component id="oc-170">
         <name>.text:GPIO_setOutputLowOnPin</name>
         <load_address>0x1c44</load_address>
         <run_address>0x1c44</run_address>
         <size>0x18</size>
         <input_file_ref idref="fl-10"/>
      </object_component>
      <object_component id="oc-17c">
         <name>.text:WDT_A_holdTimer</name>
         <load_address>0x1c5c</load_address>
         <run_address>0x1c5c</run_address>
         <size>0x18</size>
         <input_file_ref idref="fl-19"/>
      </object_component>
      <object_component id="oc-1a0">
         <name>.text:CS_setExternalClockSourceFrequency</name>
         <load_address>0x1c74</load_address>
         <run_address>0x1c74</run_address>
         <size>0x14</size>
         <input_file_ref idref="fl-d"/>
      </object_component>
      <object_component id="oc-18e">
         <name>.text:FPU_enableModule</name>
         <load_address>0x1c88</load_address>
         <run_address>0x1c88</run_address>
         <size>0x14</size>
         <input_file_ref idref="fl-f"/>
      </object_component>
      <object_component id="oc-be">
         <name>.text:GPIO_enableInterrupt</name>
         <load_address>0x1c9c</load_address>
         <run_address>0x1c9c</run_address>
         <size>0x14</size>
         <input_file_ref idref="fl-10"/>
      </object_component>
      <object_component id="oc-176">
         <name>.text:GPIO_setOutputHighOnPin</name>
         <load_address>0x1cb0</load_address>
         <run_address>0x1cb0</run_address>
         <size>0x14</size>
         <input_file_ref idref="fl-10"/>
      </object_component>
      <object_component id="oc-f4">
         <name>.text:SysTick_disableInterrupt</name>
         <load_address>0x1cc4</load_address>
         <run_address>0x1cc4</run_address>
         <size>0x14</size>
         <input_file_ref idref="fl-15"/>
      </object_component>
      <object_component id="oc-fa">
         <name>.text:SysTick_disableModule</name>
         <load_address>0x1cd8</load_address>
         <run_address>0x1cd8</run_address>
         <size>0x14</size>
         <input_file_ref idref="fl-15"/>
      </object_component>
      <object_component id="oc-ee">
         <name>.text:SysTick_enableInterrupt</name>
         <load_address>0x1cec</load_address>
         <run_address>0x1cec</run_address>
         <size>0x14</size>
         <input_file_ref idref="fl-15"/>
      </object_component>
      <object_component id="oc-e8">
         <name>.text:SysTick_enableModule</name>
         <load_address>0x1d00</load_address>
         <run_address>0x1d00</run_address>
         <size>0x14</size>
         <input_file_ref idref="fl-15"/>
      </object_component>
      <object_component id="oc-2a6">
         <name>.text:strlen</name>
         <load_address>0x1d14</load_address>
         <run_address>0x1d14</run_address>
         <size>0x14</size>
         <input_file_ref idref="fl-d3"/>
      </object_component>
      <object_component id="oc-194">
         <name>.text:FPU_enableLazyStacking</name>
         <load_address>0x1d28</load_address>
         <run_address>0x1d28</run_address>
         <size>0x10</size>
         <input_file_ref idref="fl-f"/>
      </object_component>
      <object_component id="oc-253">
         <name>.text:GPIO_getInterruptStatus</name>
         <load_address>0x1d38</load_address>
         <run_address>0x1d38</run_address>
         <size>0x10</size>
         <input_file_ref idref="fl-10"/>
      </object_component>
      <object_component id="oc-164">
         <name>.text:Interrupt_enableMaster</name>
         <load_address>0x1d48</load_address>
         <run_address>0x1d48</run_address>
         <size>0x10</size>
         <input_file_ref idref="fl-11"/>
      </object_component>
      <object_component id="oc-379">
         <name>.text:PCM_gotoLPM4</name>
         <load_address>0x1d58</load_address>
         <run_address>0x1d58</run_address>
         <size>0x10</size>
         <input_file_ref idref="fl-12"/>
      </object_component>
      <object_component id="oc-3a8">
         <name>.text:SysCtl_disableNMISource</name>
         <load_address>0x1d68</load_address>
         <run_address>0x1d68</run_address>
         <size>0x10</size>
         <input_file_ref idref="fl-14"/>
      </object_component>
      <object_component id="oc-3b4">
         <name>.text:SysCtl_enableNMISource</name>
         <load_address>0x1d78</load_address>
         <run_address>0x1d78</run_address>
         <size>0x10</size>
         <input_file_ref idref="fl-14"/>
      </object_component>
      <object_component id="oc-134">
         <name>.text:Timer_A_getCaptureCompareCount</name>
         <load_address>0x1d88</load_address>
         <run_address>0x1d88</run_address>
         <size>0xe</size>
         <input_file_ref idref="fl-16"/>
      </object_component>
      <object_component id="oc-2c9">
         <name>.text:Timer_A_setCompareValue</name>
         <load_address>0x1d96</load_address>
         <run_address>0x1d96</run_address>
         <size>0xe</size>
         <input_file_ref idref="fl-16"/>
      </object_component>
      <object_component id="oc-2b8">
         <name>.text:UART_clearInterruptFlag</name>
         <load_address>0x1da4</load_address>
         <run_address>0x1da4</run_address>
         <size>0xe</size>
         <input_file_ref idref="fl-18"/>
      </object_component>
      <object_component id="oc-1d">
         <name>.text:decompress:none:__TI_decompress_none</name>
         <load_address>0x1db2</load_address>
         <run_address>0x1db2</run_address>
         <size>0xe</size>
         <input_file_ref idref="fl-d1"/>
      </object_component>
      <object_component id="oc-67">
         <name>.text</name>
         <load_address>0x1dc0</load_address>
         <run_address>0x1dc0</run_address>
         <size>0xe</size>
         <input_file_ref idref="fl-4"/>
      </object_component>
      <object_component id="oc-2d9">
         <name>.text:CPU_cpsie</name>
         <load_address>0x1dce</load_address>
         <run_address>0x1dce</run_address>
         <size>0xc</size>
         <input_file_ref idref="fl-1a"/>
      </object_component>
      <object_component id="oc-36d">
         <name>.text:PCM_getPowerState</name>
         <load_address>0x1ddc</load_address>
         <run_address>0x1ddc</run_address>
         <size>0xc</size>
         <input_file_ref idref="fl-12"/>
      </object_component>
      <object_component id="oc-3a2">
         <name>.text:SysCtl_getNMISourceStatus</name>
         <load_address>0x1de8</load_address>
         <run_address>0x1de8</run_address>
         <size>0xc</size>
         <input_file_ref idref="fl-14"/>
      </object_component>
      <object_component id="oc-ca">
         <name>.text:SysTick_setPeriod</name>
         <load_address>0x1df4</load_address>
         <run_address>0x1df4</run_address>
         <size>0xc</size>
         <input_file_ref idref="fl-15"/>
      </object_component>
      <object_component id="oc-2a0">
         <name>.text:UART_enableModule</name>
         <load_address>0x1e00</load_address>
         <run_address>0x1e00</run_address>
         <size>0xc</size>
         <input_file_ref idref="fl-18"/>
      </object_component>
      <object_component id="oc-1d6">
         <name>.text:Timer32_clearInterruptFlag</name>
         <load_address>0x1e0c</load_address>
         <run_address>0x1e0c</run_address>
         <size>0xa</size>
         <input_file_ref idref="fl-17"/>
      </object_component>
      <object_component id="oc-1d0">
         <name>.text:Timer32_enableInterrupt</name>
         <load_address>0x1e16</load_address>
         <run_address>0x1e16</run_address>
         <size>0xa</size>
         <input_file_ref idref="fl-17"/>
      </object_component>
      <object_component id="oc-3ff">
         <name>.text:PCM_setPowerMode</name>
         <load_address>0x1e20</load_address>
         <run_address>0x1e20</run_address>
         <size>0x8</size>
         <input_file_ref idref="fl-12"/>
      </object_component>
      <object_component id="oc-182">
         <name>.text:PCM_setPowerState</name>
         <load_address>0x1e28</load_address>
         <run_address>0x1e28</run_address>
         <size>0x8</size>
         <input_file_ref idref="fl-12"/>
      </object_component>
      <object_component id="oc-128">
         <name>.text:Timer_A_startCounter</name>
         <load_address>0x1e30</load_address>
         <run_address>0x1e30</run_address>
         <size>0x8</size>
         <input_file_ref idref="fl-16"/>
      </object_component>
      <object_component id="oc-1a6">
         <name>.text:CS_startHFXT</name>
         <load_address>0x1e38</load_address>
         <run_address>0x1e38</run_address>
         <size>0x6</size>
         <input_file_ref idref="fl-d"/>
      </object_component>
      <object_component id="oc-2b2">
         <name>.text:UART_getInterruptStatus</name>
         <load_address>0x1e3e</load_address>
         <run_address>0x1e3e</run_address>
         <size>0x6</size>
         <input_file_ref idref="fl-18"/>
      </object_component>
      <object_component id="oc-405">
         <name>.text:CPU_wfi</name>
         <load_address>0x1e44</load_address>
         <run_address>0x1e44</run_address>
         <size>0x4</size>
         <input_file_ref idref="fl-1a"/>
      </object_component>
      <object_component id="oc-9f">
         <name>.text:_system_pre_init</name>
         <load_address>0x1e48</load_address>
         <run_address>0x1e48</run_address>
         <size>0x4</size>
         <input_file_ref idref="fl-d8"/>
      </object_component>
      <object_component id="oc-1fd">
         <name>.text:abort:abort</name>
         <load_address>0x1e4c</load_address>
         <run_address>0x1e4c</run_address>
         <size>0x4</size>
         <input_file_ref idref="fl-da"/>
      </object_component>
      <object_component id="oc-24d">
         <name>.const</name>
         <load_address>0x1e50</load_address>
         <run_address>0x1e50</run_address>
         <size>0x40</size>
         <input_file_ref idref="fl-11"/>
      </object_component>
      <object_component id="oc-2be">
         <name>.const:$P$T0$1</name>
         <load_address>0x1e90</load_address>
         <run_address>0x1e90</run_address>
         <size>0x24</size>
         <input_file_ref idref="fl-7"/>
      </object_component>
      <object_component id="oc-2cf">
         <name>.const:$P$T0$1</name>
         <load_address>0x1eb4</load_address>
         <run_address>0x1eb4</run_address>
         <size>0x18</size>
         <input_file_ref idref="fl-3"/>
      </object_component>
      <object_component id="oc-2d5">
         <name>.const:$P$T1$2</name>
         <load_address>0x1ecc</load_address>
         <run_address>0x1ecc</run_address>
         <size>0x18</size>
         <input_file_ref idref="fl-3"/>
      </object_component>
      <object_component id="oc-13d">
         <name>.const:$P$T1$2</name>
         <load_address>0x1ee4</load_address>
         <run_address>0x1ee4</run_address>
         <size>0x18</size>
         <input_file_ref idref="fl-6"/>
      </object_component>
      <object_component id="oc-140">
         <name>.const:$P$T2$3</name>
         <load_address>0x1efc</load_address>
         <run_address>0x1efc</run_address>
         <size>0x18</size>
         <input_file_ref idref="fl-6"/>
      </object_component>
      <object_component id="oc-13a">
         <name>.const:$P$T0$1</name>
         <load_address>0x1f14</load_address>
         <run_address>0x1f14</run_address>
         <size>0x10</size>
         <input_file_ref idref="fl-6"/>
      </object_component>
      <object_component id="oc-47c">
         <name>.cinit..data.load</name>
         <load_address>0x1f28</load_address>
         <run_address>0x1f28</run_address>
         <size>0x4d</size>
      </object_component>
      <object_component id="oc-47a">
         <name>__TI_handler_table</name>
         <load_address>0x1f78</load_address>
         <run_address>0x1f78</run_address>
         <size>0xc</size>
      </object_component>
      <object_component id="oc-47d">
         <name>.cinit..bss.load</name>
         <load_address>0x1f88</load_address>
         <run_address>0x1f88</run_address>
         <size>0x8</size>
      </object_component>
      <object_component id="oc-47b">
         <name>__TI_cinit_table</name>
         <load_address>0x1f90</load_address>
         <run_address>0x1f90</run_address>
         <size>0x10</size>
      </object_component>
      <object_component id="oc-44e">
         <name>.binit</name>
         <load_address>0x0</load_address>
         <run_address>0x0</run_address>
         <size>0x0</size>
      </object_component>
      <object_component id="oc-100">
         <name>.data</name>
         <load_address>0x20000078</load_address>
         <run_address>0x20000078</run_address>
         <size>0x8</size>
         <input_file_ref idref="fl-1"/>
      </object_component>
      <object_component id="oc-103">
         <name>.data:bumpButtonList</name>
         <load_address>0x20000050</load_address>
         <run_address>0x20000050</run_address>
         <size>0x18</size>
         <input_file_ref idref="fl-1"/>
      </object_component>
      <object_component id="oc-1dd">
         <name>.data</name>
         <load_address>0x20000084</load_address>
         <run_address>0x20000084</run_address>
         <size>0x1</size>
         <input_file_ref idref="fl-2"/>
      </object_component>
      <object_component id="oc-2d2">
         <name>.data</name>
         <load_address>0x20000068</load_address>
         <run_address>0x20000068</run_address>
         <size>0x10</size>
         <input_file_ref idref="fl-3"/>
      </object_component>
      <object_component id="oc-23b">
         <name>.data</name>
         <load_address>0x20000080</load_address>
         <run_address>0x20000080</run_address>
         <size>0x4</size>
         <input_file_ref idref="fl-5"/>
      </object_component>
      <object_component id="oc-143">
         <name>.data</name>
         <load_address>0x20000030</load_address>
         <run_address>0x20000030</run_address>
         <size>0x20</size>
         <input_file_ref idref="fl-6"/>
      </object_component>
      <object_component id="oc-23f">
         <name>.data:GPIO_PORT_TO_BASE</name>
         <load_address>0x20000000</load_address>
         <run_address>0x20000000</run_address>
         <size>0x30</size>
         <input_file_ref idref="fl-10"/>
      </object_component>
      <object_component id="oc-106">
         <name>.common:bumpButton</name>
         <uninitialized>true</uninitialized>
         <run_address>0x20000088</run_address>
         <size>0x4</size>
      </object_component>
      <object_component id="oc-109">
         <name>.common:buttonStateIndex</name>
         <uninitialized>true</uninitialized>
         <run_address>0x2000008c</run_address>
         <size>0x4</size>
      </object_component>
      <object_component id="oc-1dc">
         <name>.common:clockMCLK</name>
         <uninitialized>true</uninitialized>
         <run_address>0x20000090</run_address>
         <size>0x4</size>
      </object_component>
      <object_component id="oc-146">
         <name>.common:clockSMCLK</name>
         <uninitialized>true</uninitialized>
         <run_address>0x20000094</run_address>
         <size>0x4</size>
      </object_component>
      <object_component id="oc-2f4">
         <name>.common:hfxtFreq</name>
         <uninitialized>true</uninitialized>
         <run_address>0x20000098</run_address>
         <size>0x4</size>
      </object_component>
      <object_component id="oc-2f1">
         <name>.common:lfxtFreq</name>
         <uninitialized>true</uninitialized>
         <run_address>0x2000009c</run_address>
         <size>0x4</size>
      </object_component>
      <object_component id="oc-29">
         <name>.stack</name>
         <uninitialized>true</uninitialized>
         <run_address>0x2000fe00</run_address>
         <size>0x4</size>
         <input_file_ref idref="fl-d4"/>
      </object_component>
      <object_component id="oc-47f">
         <name>.stack</name>
         <uninitialized>true</uninitialized>
         <run_address>0x2000fe00</run_address>
         <size>0x0</size>
      </object_component>
      <object_component id="oc-107">
         <name>.debug_info</name>
         <load_address>0x0</load_address>
         <run_address>0x0</run_address>
         <size>0x8ef</size>
         <input_file_ref idref="fl-1"/>
      </object_component>
      <object_component id="oc-101">
         <name>.debug_info</name>
         <load_address>0x8ef</load_address>
         <run_address>0x8ef</run_address>
         <size>0x113</size>
         <input_file_ref idref="fl-1"/>
      </object_component>
      <object_component id="oc-104">
         <name>.debug_info</name>
         <load_address>0xa02</load_address>
         <run_address>0xa02</run_address>
         <size>0xf8</size>
         <input_file_ref idref="fl-1"/>
      </object_component>
      <object_component id="oc-6e">
         <name>.debug_info</name>
         <load_address>0xafa</load_address>
         <run_address>0xafa</run_address>
         <size>0x4da</size>
         <input_file_ref idref="fl-1"/>
      </object_component>
      <object_component id="oc-26a">
         <name>.debug_info</name>
         <load_address>0xfd4</load_address>
         <run_address>0xfd4</run_address>
         <size>0x1055</size>
         <input_file_ref idref="fl-1"/>
      </object_component>
      <object_component id="oc-1e8">
         <name>.debug_info</name>
         <load_address>0x2029</load_address>
         <run_address>0x2029</run_address>
         <size>0x26b</size>
         <input_file_ref idref="fl-1"/>
      </object_component>
      <object_component id="oc-265">
         <name>.debug_info</name>
         <load_address>0x2294</load_address>
         <run_address>0x2294</run_address>
         <size>0x37e2</size>
         <input_file_ref idref="fl-1"/>
      </object_component>
      <object_component id="oc-14e">
         <name>.debug_info</name>
         <load_address>0x5a76</load_address>
         <run_address>0x5a76</run_address>
         <size>0x341</size>
         <input_file_ref idref="fl-1"/>
      </object_component>
      <object_component id="oc-32">
         <name>.debug_info</name>
         <load_address>0x5db7</load_address>
         <run_address>0x5db7</run_address>
         <size>0x84</size>
         <input_file_ref idref="fl-1"/>
      </object_component>
      <object_component id="oc-26f">
         <name>.debug_info</name>
         <load_address>0x5e3b</load_address>
         <run_address>0x5e3b</run_address>
         <size>0x2a4</size>
         <input_file_ref idref="fl-1"/>
      </object_component>
      <object_component id="oc-153">
         <name>.debug_info</name>
         <load_address>0x60df</load_address>
         <run_address>0x60df</run_address>
         <size>0xef</size>
         <input_file_ref idref="fl-1"/>
      </object_component>
      <object_component id="oc-10b">
         <name>.debug_info</name>
         <load_address>0x61ce</load_address>
         <run_address>0x61ce</run_address>
         <size>0xbb</size>
         <input_file_ref idref="fl-1"/>
      </object_component>
      <object_component id="oc-358">
         <name>.debug_info</name>
         <load_address>0x6289</load_address>
         <run_address>0x6289</run_address>
         <size>0xee</size>
         <input_file_ref idref="fl-1"/>
      </object_component>
      <object_component id="oc-147">
         <name>.debug_info</name>
         <load_address>0x6377</load_address>
         <run_address>0x6377</run_address>
         <size>0xccc</size>
         <input_file_ref idref="fl-2"/>
      </object_component>
      <object_component id="oc-1de">
         <name>.debug_info</name>
         <load_address>0x7043</load_address>
         <run_address>0x7043</run_address>
         <size>0xe9</size>
         <input_file_ref idref="fl-2"/>
      </object_component>
      <object_component id="oc-7a">
         <name>.debug_info</name>
         <load_address>0x712c</load_address>
         <run_address>0x712c</run_address>
         <size>0x79e</size>
         <input_file_ref idref="fl-2"/>
      </object_component>
      <object_component id="oc-1e1">
         <name>.debug_info</name>
         <load_address>0x78ca</load_address>
         <run_address>0x78ca</run_address>
         <size>0x8b</size>
         <input_file_ref idref="fl-2"/>
      </object_component>
      <object_component id="oc-149">
         <name>.debug_info</name>
         <load_address>0x7955</load_address>
         <run_address>0x7955</run_address>
         <size>0x741</size>
         <input_file_ref idref="fl-3"/>
      </object_component>
      <object_component id="oc-2d3">
         <name>.debug_info</name>
         <load_address>0x8096</load_address>
         <run_address>0x8096</run_address>
         <size>0x1a5</size>
         <input_file_ref idref="fl-3"/>
      </object_component>
      <object_component id="oc-2d0">
         <name>.debug_info</name>
         <load_address>0x823b</load_address>
         <run_address>0x823b</run_address>
         <size>0xe3</size>
         <input_file_ref idref="fl-3"/>
      </object_component>
      <object_component id="oc-2d6">
         <name>.debug_info</name>
         <load_address>0x831e</load_address>
         <run_address>0x831e</run_address>
         <size>0xe3</size>
         <input_file_ref idref="fl-3"/>
      </object_component>
      <object_component id="oc-15f">
         <name>.debug_info</name>
         <load_address>0x8401</load_address>
         <run_address>0x8401</run_address>
         <size>0xa65</size>
         <input_file_ref idref="fl-3"/>
      </object_component>
      <object_component id="oc-28e">
         <name>.debug_info</name>
         <load_address>0x8e66</load_address>
         <run_address>0x8e66</run_address>
         <size>0x37e2</size>
         <input_file_ref idref="fl-3"/>
      </object_component>
      <object_component id="oc-81">
         <name>.debug_info</name>
         <load_address>0xc648</load_address>
         <run_address>0xc648</run_address>
         <size>0x2dc</size>
         <input_file_ref idref="fl-4"/>
      </object_component>
      <object_component id="oc-27">
         <name>.debug_info</name>
         <load_address>0xc924</load_address>
         <run_address>0xc924</run_address>
         <size>0x108</size>
         <input_file_ref idref="fl-4"/>
      </object_component>
      <object_component id="oc-68">
         <name>.debug_info</name>
         <load_address>0xca2c</load_address>
         <run_address>0xca2c</run_address>
         <size>0x1cf</size>
         <input_file_ref idref="fl-4"/>
      </object_component>
      <object_component id="oc-23c">
         <name>.debug_info</name>
         <load_address>0xcbfb</load_address>
         <run_address>0xcbfb</run_address>
         <size>0x101</size>
         <input_file_ref idref="fl-5"/>
      </object_component>
      <object_component id="oc-b2">
         <name>.debug_info</name>
         <load_address>0xccfc</load_address>
         <run_address>0xccfc</run_address>
         <size>0x273</size>
         <input_file_ref idref="fl-5"/>
      </object_component>
      <object_component id="oc-14b">
         <name>.debug_info</name>
         <load_address>0xcf6f</load_address>
         <run_address>0xcf6f</run_address>
         <size>0x850</size>
         <input_file_ref idref="fl-6"/>
      </object_component>
      <object_component id="oc-144">
         <name>.debug_info</name>
         <load_address>0xd7bf</load_address>
         <run_address>0xd7bf</run_address>
         <size>0x1ae</size>
         <input_file_ref idref="fl-6"/>
      </object_component>
      <object_component id="oc-13b">
         <name>.debug_info</name>
         <load_address>0xd96d</load_address>
         <run_address>0xd96d</run_address>
         <size>0xe8</size>
         <input_file_ref idref="fl-6"/>
      </object_component>
      <object_component id="oc-13e">
         <name>.debug_info</name>
         <load_address>0xda55</load_address>
         <run_address>0xda55</run_address>
         <size>0xe8</size>
         <input_file_ref idref="fl-6"/>
      </object_component>
      <object_component id="oc-141">
         <name>.debug_info</name>
         <load_address>0xdb3d</load_address>
         <run_address>0xdb3d</run_address>
         <size>0xe8</size>
         <input_file_ref idref="fl-6"/>
      </object_component>
      <object_component id="oc-74">
         <name>.debug_info</name>
         <load_address>0xdc25</load_address>
         <run_address>0xdc25</run_address>
         <size>0x6ca</size>
         <input_file_ref idref="fl-6"/>
      </object_component>
      <object_component id="oc-295">
         <name>.debug_info</name>
         <load_address>0xe2ef</load_address>
         <run_address>0xe2ef</run_address>
         <size>0x37e2</size>
         <input_file_ref idref="fl-6"/>
      </object_component>
      <object_component id="oc-2c2">
         <name>.debug_info</name>
         <load_address>0x11ad1</load_address>
         <run_address>0x11ad1</run_address>
         <size>0x72d</size>
         <input_file_ref idref="fl-7"/>
      </object_component>
      <object_component id="oc-2bf">
         <name>.debug_info</name>
         <load_address>0x121fe</load_address>
         <run_address>0x121fe</run_address>
         <size>0xe2</size>
         <input_file_ref idref="fl-7"/>
      </object_component>
      <object_component id="oc-159">
         <name>.debug_info</name>
         <load_address>0x122e0</load_address>
         <run_address>0x122e0</run_address>
         <size>0x275</size>
         <input_file_ref idref="fl-7"/>
      </object_component>
      <object_component id="oc-353">
         <name>.debug_info</name>
         <load_address>0x12555</load_address>
         <run_address>0x12555</run_address>
         <size>0x37e2</size>
         <input_file_ref idref="fl-7"/>
      </object_component>
      <object_component id="oc-1f4">
         <name>.debug_info</name>
         <load_address>0x15d37</load_address>
         <run_address>0x15d37</run_address>
         <size>0x2c</size>
         <input_file_ref idref="fl-7"/>
      </object_component>
      <object_component id="oc-35d">
         <name>.debug_info</name>
         <load_address>0x15d63</load_address>
         <run_address>0x15d63</run_address>
         <size>0x35</size>
         <input_file_ref idref="fl-7"/>
      </object_component>
      <object_component id="oc-2f2">
         <name>.debug_info</name>
         <load_address>0x15d98</load_address>
         <run_address>0x15d98</run_address>
         <size>0x5ef</size>
         <input_file_ref idref="fl-d"/>
      </object_component>
      <object_component id="oc-3b2">
         <name>.debug_info</name>
         <load_address>0x16387</load_address>
         <run_address>0x16387</run_address>
         <size>0xfc</size>
         <input_file_ref idref="fl-d"/>
      </object_component>
      <object_component id="oc-2fa">
         <name>.debug_info</name>
         <load_address>0x16483</load_address>
         <run_address>0x16483</run_address>
         <size>0x23c</size>
         <input_file_ref idref="fl-d"/>
      </object_component>
      <object_component id="oc-1aa">
         <name>.debug_info</name>
         <load_address>0x166bf</load_address>
         <run_address>0x166bf</run_address>
         <size>0x122</size>
         <input_file_ref idref="fl-d"/>
      </object_component>
      <object_component id="oc-1a4">
         <name>.debug_info</name>
         <load_address>0x167e1</load_address>
         <run_address>0x167e1</run_address>
         <size>0x1dd</size>
         <input_file_ref idref="fl-d"/>
      </object_component>
      <object_component id="oc-1b0">
         <name>.debug_info</name>
         <load_address>0x169be</load_address>
         <run_address>0x169be</run_address>
         <size>0x1b9</size>
         <input_file_ref idref="fl-d"/>
      </object_component>
      <object_component id="oc-3bf">
         <name>.debug_info</name>
         <load_address>0x16b77</load_address>
         <run_address>0x16b77</run_address>
         <size>0x131</size>
         <input_file_ref idref="fl-d"/>
      </object_component>
      <object_component id="oc-429">
         <name>.debug_info</name>
         <load_address>0x16ca8</load_address>
         <run_address>0x16ca8</run_address>
         <size>0x129</size>
         <input_file_ref idref="fl-d"/>
      </object_component>
      <object_component id="oc-3c5">
         <name>.debug_info</name>
         <load_address>0x16dd1</load_address>
         <run_address>0x16dd1</run_address>
         <size>0x1dd</size>
         <input_file_ref idref="fl-d"/>
      </object_component>
      <object_component id="oc-3cb">
         <name>.debug_info</name>
         <load_address>0x16fae</load_address>
         <run_address>0x16fae</run_address>
         <size>0x120</size>
         <input_file_ref idref="fl-d"/>
      </object_component>
      <object_component id="oc-302">
         <name>.debug_info</name>
         <load_address>0x170ce</load_address>
         <run_address>0x170ce</run_address>
         <size>0x1d8</size>
         <input_file_ref idref="fl-d"/>
      </object_component>
      <object_component id="oc-1bc">
         <name>.debug_info</name>
         <load_address>0x172a6</load_address>
         <run_address>0x172a6</run_address>
         <size>0x132</size>
         <input_file_ref idref="fl-d"/>
      </object_component>
      <object_component id="oc-1b6">
         <name>.debug_info</name>
         <load_address>0x173d8</load_address>
         <run_address>0x173d8</run_address>
         <size>0x130</size>
         <input_file_ref idref="fl-d"/>
      </object_component>
      <object_component id="oc-39b">
         <name>.debug_info</name>
         <load_address>0x17508</load_address>
         <run_address>0x17508</run_address>
         <size>0x1b5</size>
         <input_file_ref idref="fl-d"/>
      </object_component>
      <object_component id="oc-333">
         <name>.debug_info</name>
         <load_address>0x176bd</load_address>
         <run_address>0x176bd</run_address>
         <size>0x103e</size>
         <input_file_ref idref="fl-d"/>
      </object_component>
      <object_component id="oc-243">
         <name>.debug_info</name>
         <load_address>0x186fb</load_address>
         <run_address>0x186fb</run_address>
         <size>0x18b</size>
         <input_file_ref idref="fl-d"/>
      </object_component>
      <object_component id="oc-2ed">
         <name>.debug_info</name>
         <load_address>0x18886</load_address>
         <run_address>0x18886</run_address>
         <size>0x5c8</size>
         <input_file_ref idref="fl-e"/>
      </object_component>
      <object_component id="oc-189">
         <name>.debug_info</name>
         <load_address>0x18e4e</load_address>
         <run_address>0x18e4e</run_address>
         <size>0x175</size>
         <input_file_ref idref="fl-e"/>
      </object_component>
      <object_component id="oc-18f">
         <name>.debug_info</name>
         <load_address>0x18fc3</load_address>
         <run_address>0x18fc3</run_address>
         <size>0xf0</size>
         <input_file_ref idref="fl-f"/>
      </object_component>
      <object_component id="oc-195">
         <name>.debug_info</name>
         <load_address>0x190b3</load_address>
         <run_address>0x190b3</run_address>
         <size>0xfc</size>
         <input_file_ref idref="fl-f"/>
      </object_component>
      <object_component id="oc-248">
         <name>.debug_info</name>
         <load_address>0x191af</load_address>
         <run_address>0x191af</run_address>
         <size>0x4a4</size>
         <input_file_ref idref="fl-10"/>
      </object_component>
      <object_component id="oc-240">
         <name>.debug_info</name>
         <load_address>0x19653</load_address>
         <run_address>0x19653</run_address>
         <size>0xd0</size>
         <input_file_ref idref="fl-10"/>
      </object_component>
      <object_component id="oc-171">
         <name>.debug_info</name>
         <load_address>0x19723</load_address>
         <run_address>0x19723</run_address>
         <size>0x183</size>
         <input_file_ref idref="fl-10"/>
      </object_component>
      <object_component id="oc-177">
         <name>.debug_info</name>
         <load_address>0x198a6</load_address>
         <run_address>0x198a6</run_address>
         <size>0x185</size>
         <input_file_ref idref="fl-10"/>
      </object_component>
      <object_component id="oc-19b">
         <name>.debug_info</name>
         <load_address>0x19a2b</load_address>
         <run_address>0x19a2b</run_address>
         <size>0x1dd</size>
         <input_file_ref idref="fl-10"/>
      </object_component>
      <object_component id="oc-117">
         <name>.debug_info</name>
         <load_address>0x19c08</load_address>
         <run_address>0x19c08</run_address>
         <size>0x1db</size>
         <input_file_ref idref="fl-10"/>
      </object_component>
      <object_component id="oc-1bf">
         <name>.debug_info</name>
         <load_address>0x19de3</load_address>
         <run_address>0x19de3</run_address>
         <size>0x19c</size>
         <input_file_ref idref="fl-10"/>
      </object_component>
      <object_component id="oc-b9">
         <name>.debug_info</name>
         <load_address>0x19f7f</load_address>
         <run_address>0x19f7f</run_address>
         <size>0x1be</size>
         <input_file_ref idref="fl-10"/>
      </object_component>
      <object_component id="oc-123">
         <name>.debug_info</name>
         <load_address>0x1a13d</load_address>
         <run_address>0x1a13d</run_address>
         <size>0x19a</size>
         <input_file_ref idref="fl-10"/>
      </object_component>
      <object_component id="oc-c5">
         <name>.debug_info</name>
         <load_address>0x1a2d7</load_address>
         <run_address>0x1a2d7</run_address>
         <size>0x1e3</size>
         <input_file_ref idref="fl-10"/>
      </object_component>
      <object_component id="oc-254">
         <name>.debug_info</name>
         <load_address>0x1a4ba</load_address>
         <run_address>0x1a4ba</run_address>
         <size>0x189</size>
         <input_file_ref idref="fl-10"/>
      </object_component>
      <object_component id="oc-d7">
         <name>.debug_info</name>
         <load_address>0x1a643</load_address>
         <run_address>0x1a643</run_address>
         <size>0x185</size>
         <input_file_ref idref="fl-10"/>
      </object_component>
      <object_component id="oc-dd">
         <name>.debug_info</name>
         <load_address>0x1a7c8</load_address>
         <run_address>0x1a7c8</run_address>
         <size>0x1ae</size>
         <input_file_ref idref="fl-10"/>
      </object_component>
      <object_component id="oc-bf">
         <name>.debug_info</name>
         <load_address>0x1a976</load_address>
         <run_address>0x1a976</run_address>
         <size>0x17f</size>
         <input_file_ref idref="fl-10"/>
      </object_component>
      <object_component id="oc-e3">
         <name>.debug_info</name>
         <load_address>0x1aaf5</load_address>
         <run_address>0x1aaf5</run_address>
         <size>0x188</size>
         <input_file_ref idref="fl-10"/>
      </object_component>
      <object_component id="oc-251">
         <name>.debug_info</name>
         <load_address>0x1ac7d</load_address>
         <run_address>0x1ac7d</run_address>
         <size>0x432</size>
         <input_file_ref idref="fl-11"/>
      </object_component>
      <object_component id="oc-24e">
         <name>.debug_info</name>
         <load_address>0x1b0af</load_address>
         <run_address>0x1b0af</run_address>
         <size>0x173</size>
         <input_file_ref idref="fl-11"/>
      </object_component>
      <object_component id="oc-165">
         <name>.debug_info</name>
         <load_address>0x1b222</load_address>
         <run_address>0x1b222</run_address>
         <size>0x122</size>
         <input_file_ref idref="fl-11"/>
      </object_component>
      <object_component id="oc-d1">
         <name>.debug_info</name>
         <load_address>0x1b344</load_address>
         <run_address>0x1b344</run_address>
         <size>0x16b</size>
         <input_file_ref idref="fl-11"/>
      </object_component>
      <object_component id="oc-398">
         <name>.debug_info</name>
         <load_address>0x1b4af</load_address>
         <run_address>0x1b4af</run_address>
         <size>0x560</size>
         <input_file_ref idref="fl-12"/>
      </object_component>
      <object_component id="oc-380">
         <name>.debug_info</name>
         <load_address>0x1ba0f</load_address>
         <run_address>0x1ba0f</run_address>
         <size>0x174</size>
         <input_file_ref idref="fl-12"/>
      </object_component>
      <object_component id="oc-36e">
         <name>.debug_info</name>
         <load_address>0x1bb83</load_address>
         <run_address>0x1bb83</run_address>
         <size>0xf9</size>
         <input_file_ref idref="fl-12"/>
      </object_component>
      <object_component id="oc-3fa">
         <name>.debug_info</name>
         <load_address>0x1bc7c</load_address>
         <run_address>0x1bc7c</run_address>
         <size>0x112</size>
         <input_file_ref idref="fl-12"/>
      </object_component>
      <object_component id="oc-38c">
         <name>.debug_info</name>
         <load_address>0x1bd8e</load_address>
         <run_address>0x1bd8e</run_address>
         <size>0x291</size>
         <input_file_ref idref="fl-12"/>
      </object_component>
      <object_component id="oc-400">
         <name>.debug_info</name>
         <load_address>0x1c01f</load_address>
         <run_address>0x1c01f</run_address>
         <size>0x12e</size>
         <input_file_ref idref="fl-12"/>
      </object_component>
      <object_component id="oc-183">
         <name>.debug_info</name>
         <load_address>0x1c14d</load_address>
         <run_address>0x1c14d</run_address>
         <size>0x133</size>
         <input_file_ref idref="fl-12"/>
      </object_component>
      <object_component id="oc-374">
         <name>.debug_info</name>
         <load_address>0x1c280</load_address>
         <run_address>0x1c280</run_address>
         <size>0x1b7</size>
         <input_file_ref idref="fl-12"/>
      </object_component>
      <object_component id="oc-37a">
         <name>.debug_info</name>
         <load_address>0x1c437</load_address>
         <run_address>0x1c437</run_address>
         <size>0x12e</size>
         <input_file_ref idref="fl-12"/>
      </object_component>
      <object_component id="oc-415">
         <name>.debug_info</name>
         <load_address>0x1c565</load_address>
         <run_address>0x1c565</run_address>
         <size>0x120</size>
         <input_file_ref idref="fl-12"/>
      </object_component>
      <object_component id="oc-386">
         <name>.debug_info</name>
         <load_address>0x1c685</load_address>
         <run_address>0x1c685</run_address>
         <size>0x311</size>
         <input_file_ref idref="fl-12"/>
      </object_component>
      <object_component id="oc-392">
         <name>.debug_info</name>
         <load_address>0x1c996</load_address>
         <run_address>0x1c996</run_address>
         <size>0xfd</size>
         <input_file_ref idref="fl-12"/>
      </object_component>
      <object_component id="oc-2e6">
         <name>.debug_info</name>
         <load_address>0x1ca93</load_address>
         <run_address>0x1ca93</run_address>
         <size>0x54c</size>
         <input_file_ref idref="fl-12"/>
      </object_component>
      <object_component id="oc-40d">
         <name>.debug_info</name>
         <load_address>0x1cfdf</load_address>
         <run_address>0x1cfdf</run_address>
         <size>0xf4</size>
         <input_file_ref idref="fl-13"/>
      </object_component>
      <object_component id="oc-421">
         <name>.debug_info</name>
         <load_address>0x1d0d3</load_address>
         <run_address>0x1d0d3</run_address>
         <size>0x379</size>
         <input_file_ref idref="fl-14"/>
      </object_component>
      <object_component id="oc-42c">
         <name>.debug_info</name>
         <load_address>0x1d44c</load_address>
         <run_address>0x1d44c</run_address>
         <size>0x1d6</size>
         <input_file_ref idref="fl-14"/>
      </object_component>
      <object_component id="oc-3a3">
         <name>.debug_info</name>
         <load_address>0x1d622</load_address>
         <run_address>0x1d622</run_address>
         <size>0x10f</size>
         <input_file_ref idref="fl-14"/>
      </object_component>
      <object_component id="oc-3b5">
         <name>.debug_info</name>
         <load_address>0x1d731</load_address>
         <run_address>0x1d731</run_address>
         <size>0x12b</size>
         <input_file_ref idref="fl-14"/>
      </object_component>
      <object_component id="oc-3a9">
         <name>.debug_info</name>
         <load_address>0x1d85c</load_address>
         <run_address>0x1d85c</run_address>
         <size>0x12d</size>
         <input_file_ref idref="fl-14"/>
      </object_component>
      <object_component id="oc-24c">
         <name>.debug_info</name>
         <load_address>0x1d989</load_address>
         <run_address>0x1d989</run_address>
         <size>0x3fa</size>
         <input_file_ref idref="fl-15"/>
      </object_component>
      <object_component id="oc-cb">
         <name>.debug_info</name>
         <load_address>0x1dd83</load_address>
         <run_address>0x1dd83</run_address>
         <size>0x128</size>
         <input_file_ref idref="fl-15"/>
      </object_component>
      <object_component id="oc-e9">
         <name>.debug_info</name>
         <load_address>0x1deab</load_address>
         <run_address>0x1deab</run_address>
         <size>0x104</size>
         <input_file_ref idref="fl-15"/>
      </object_component>
      <object_component id="oc-ef">
         <name>.debug_info</name>
         <load_address>0x1dfaf</load_address>
         <run_address>0x1dfaf</run_address>
         <size>0x10a</size>
         <input_file_ref idref="fl-15"/>
      </object_component>
      <object_component id="oc-fb">
         <name>.debug_info</name>
         <load_address>0x1e0b9</load_address>
         <run_address>0x1e0b9</run_address>
         <size>0x106</size>
         <input_file_ref idref="fl-15"/>
      </object_component>
      <object_component id="oc-f5">
         <name>.debug_info</name>
         <load_address>0x1e1bf</load_address>
         <run_address>0x1e1bf</run_address>
         <size>0x10c</size>
         <input_file_ref idref="fl-15"/>
      </object_component>
      <object_component id="oc-27b">
         <name>.debug_info</name>
         <load_address>0x1e2cb</load_address>
         <run_address>0x1e2cb</run_address>
         <size>0x4f5</size>
         <input_file_ref idref="fl-16"/>
      </object_component>
      <object_component id="oc-129">
         <name>.debug_info</name>
         <load_address>0x1e7c0</load_address>
         <run_address>0x1e7c0</run_address>
         <size>0x160</size>
         <input_file_ref idref="fl-16"/>
      </object_component>
      <object_component id="oc-2ca">
         <name>.debug_info</name>
         <load_address>0x1e920</load_address>
         <run_address>0x1e920</run_address>
         <size>0x1c3</size>
         <input_file_ref idref="fl-16"/>
      </object_component>
      <object_component id="oc-11d">
         <name>.debug_info</name>
         <load_address>0x1eae3</load_address>
         <run_address>0x1eae3</run_address>
         <size>0x153</size>
         <input_file_ref idref="fl-16"/>
      </object_component>
      <object_component id="oc-135">
         <name>.debug_info</name>
         <load_address>0x1ec36</load_address>
         <run_address>0x1ec36</run_address>
         <size>0x1af</size>
         <input_file_ref idref="fl-16"/>
      </object_component>
      <object_component id="oc-275">
         <name>.debug_info</name>
         <load_address>0x1ede5</load_address>
         <run_address>0x1ede5</run_address>
         <size>0x1af</size>
         <input_file_ref idref="fl-16"/>
      </object_component>
      <object_component id="oc-2c4">
         <name>.debug_info</name>
         <load_address>0x1ef94</load_address>
         <run_address>0x1ef94</run_address>
         <size>0x192</size>
         <input_file_ref idref="fl-16"/>
      </object_component>
      <object_component id="oc-111">
         <name>.debug_info</name>
         <load_address>0x1f126</load_address>
         <run_address>0x1f126</run_address>
         <size>0x198</size>
         <input_file_ref idref="fl-16"/>
      </object_component>
      <object_component id="oc-12f">
         <name>.debug_info</name>
         <load_address>0x1f2be</load_address>
         <run_address>0x1f2be</run_address>
         <size>0x1b7</size>
         <input_file_ref idref="fl-16"/>
      </object_component>
      <object_component id="oc-342">
         <name>.debug_info</name>
         <load_address>0x1f475</load_address>
         <run_address>0x1f475</run_address>
         <size>0x341</size>
         <input_file_ref idref="fl-16"/>
      </object_component>
      <object_component id="oc-2e1">
         <name>.debug_info</name>
         <load_address>0x1f7b6</load_address>
         <run_address>0x1f7b6</run_address>
         <size>0x486</size>
         <input_file_ref idref="fl-17"/>
      </object_component>
      <object_component id="oc-16b">
         <name>.debug_info</name>
         <load_address>0x1fc3c</load_address>
         <run_address>0x1fc3c</run_address>
         <size>0x154</size>
         <input_file_ref idref="fl-17"/>
      </object_component>
      <object_component id="oc-1cb">
         <name>.debug_info</name>
         <load_address>0x1fd90</load_address>
         <run_address>0x1fd90</run_address>
         <size>0x148</size>
         <input_file_ref idref="fl-17"/>
      </object_component>
      <object_component id="oc-1c5">
         <name>.debug_info</name>
         <load_address>0x1fed8</load_address>
         <run_address>0x1fed8</run_address>
         <size>0x1b8</size>
         <input_file_ref idref="fl-17"/>
      </object_component>
      <object_component id="oc-1d1">
         <name>.debug_info</name>
         <load_address>0x20090</load_address>
         <run_address>0x20090</run_address>
         <size>0x130</size>
         <input_file_ref idref="fl-17"/>
      </object_component>
      <object_component id="oc-1d7">
         <name>.debug_info</name>
         <load_address>0x201c0</load_address>
         <run_address>0x201c0</run_address>
         <size>0x136</size>
         <input_file_ref idref="fl-17"/>
      </object_component>
      <object_component id="oc-348">
         <name>.debug_info</name>
         <load_address>0x202f6</load_address>
         <run_address>0x202f6</run_address>
         <size>0x498</size>
         <input_file_ref idref="fl-18"/>
      </object_component>
      <object_component id="oc-2ad">
         <name>.debug_info</name>
         <load_address>0x2078e</load_address>
         <run_address>0x2078e</run_address>
         <size>0x181</size>
         <input_file_ref idref="fl-18"/>
      </object_component>
      <object_component id="oc-29b">
         <name>.debug_info</name>
         <load_address>0x2090f</load_address>
         <run_address>0x2090f</run_address>
         <size>0x169</size>
         <input_file_ref idref="fl-18"/>
      </object_component>
      <object_component id="oc-2b3">
         <name>.debug_info</name>
         <load_address>0x20a78</load_address>
         <run_address>0x20a78</run_address>
         <size>0x174</size>
         <input_file_ref idref="fl-18"/>
      </object_component>
      <object_component id="oc-2a1">
         <name>.debug_info</name>
         <load_address>0x20bec</load_address>
         <run_address>0x20bec</run_address>
         <size>0x13f</size>
         <input_file_ref idref="fl-18"/>
      </object_component>
      <object_component id="oc-2b9">
         <name>.debug_info</name>
         <load_address>0x20d2b</load_address>
         <run_address>0x20d2b</run_address>
         <size>0x170</size>
         <input_file_ref idref="fl-18"/>
      </object_component>
      <object_component id="oc-3f1">
         <name>.debug_info</name>
         <load_address>0x20e9b</load_address>
         <run_address>0x20e9b</run_address>
         <size>0xee</size>
         <input_file_ref idref="fl-18"/>
      </object_component>
      <object_component id="oc-17d">
         <name>.debug_info</name>
         <load_address>0x20f89</load_address>
         <run_address>0x20f89</run_address>
         <size>0x115</size>
         <input_file_ref idref="fl-19"/>
      </object_component>
      <object_component id="oc-406">
         <name>.debug_info</name>
         <load_address>0x2109e</load_address>
         <run_address>0x2109e</run_address>
         <size>0xe1</size>
         <input_file_ref idref="fl-1a"/>
      </object_component>
      <object_component id="oc-2da">
         <name>.debug_info</name>
         <load_address>0x2117f</load_address>
         <run_address>0x2117f</run_address>
         <size>0xe7</size>
         <input_file_ref idref="fl-1a"/>
      </object_component>
      <object_component id="oc-98">
         <name>.debug_info</name>
         <load_address>0x21266</load_address>
         <run_address>0x21266</run_address>
         <size>0x2d4</size>
         <input_file_ref idref="fl-d0"/>
      </object_component>
      <object_component id="oc-44">
         <name>.debug_info</name>
         <load_address>0x2153a</load_address>
         <run_address>0x2153a</run_address>
         <size>0x1d2</size>
         <input_file_ref idref="fl-d0"/>
      </object_component>
      <object_component id="oc-93">
         <name>.debug_info</name>
         <load_address>0x2170c</load_address>
         <run_address>0x2170c</run_address>
         <size>0x46</size>
         <input_file_ref idref="fl-d0"/>
      </object_component>
      <object_component id="oc-42">
         <name>.debug_info</name>
         <load_address>0x21752</load_address>
         <run_address>0x21752</run_address>
         <size>0x2a8</size>
         <input_file_ref idref="fl-d1"/>
      </object_component>
      <object_component id="oc-1e">
         <name>.debug_info</name>
         <load_address>0x219fa</load_address>
         <run_address>0x219fa</run_address>
         <size>0x1ea</size>
         <input_file_ref idref="fl-d1"/>
      </object_component>
      <object_component id="oc-3d">
         <name>.debug_info</name>
         <load_address>0x21be4</load_address>
         <run_address>0x21be4</run_address>
         <size>0x46</size>
         <input_file_ref idref="fl-d1"/>
      </object_component>
      <object_component id="oc-8b">
         <name>.debug_info</name>
         <load_address>0x21c2a</load_address>
         <run_address>0x21c2a</run_address>
         <size>0x2c</size>
         <input_file_ref idref="fl-d1"/>
      </object_component>
      <object_component id="oc-89">
         <name>.debug_info</name>
         <load_address>0x21c56</load_address>
         <run_address>0x21c56</run_address>
         <size>0x29e</size>
         <input_file_ref idref="fl-d2"/>
      </object_component>
      <object_component id="oc-18">
         <name>.debug_info</name>
         <load_address>0x21ef4</load_address>
         <run_address>0x21ef4</run_address>
         <size>0x250</size>
         <input_file_ref idref="fl-d2"/>
      </object_component>
      <object_component id="oc-2d">
         <name>.debug_info</name>
         <load_address>0x22144</load_address>
         <run_address>0x22144</run_address>
         <size>0x60</size>
         <input_file_ref idref="fl-d2"/>
      </object_component>
      <object_component id="oc-1ed">
         <name>.debug_info</name>
         <load_address>0x221a4</load_address>
         <run_address>0x221a4</run_address>
         <size>0x46</size>
         <input_file_ref idref="fl-d2"/>
      </object_component>
      <object_component id="oc-84">
         <name>.debug_info</name>
         <load_address>0x221ea</load_address>
         <run_address>0x221ea</run_address>
         <size>0x39</size>
         <input_file_ref idref="fl-d2"/>
      </object_component>
      <object_component id="oc-34b">
         <name>.debug_info</name>
         <load_address>0x22223</load_address>
         <run_address>0x22223</run_address>
         <size>0x28f</size>
         <input_file_ref idref="fl-d3"/>
      </object_component>
      <object_component id="oc-2a7">
         <name>.debug_info</name>
         <load_address>0x224b2</load_address>
         <run_address>0x224b2</run_address>
         <size>0x245</size>
         <input_file_ref idref="fl-d3"/>
      </object_component>
      <object_component id="oc-2a">
         <name>.debug_info</name>
         <load_address>0x226f7</load_address>
         <run_address>0x226f7</run_address>
         <size>0x10b</size>
         <input_file_ref idref="fl-d4"/>
      </object_component>
      <object_component id="oc-56">
         <name>.debug_info</name>
         <load_address>0x22802</load_address>
         <run_address>0x22802</run_address>
         <size>0x1a9</size>
         <input_file_ref idref="fl-d4"/>
      </object_component>
      <object_component id="oc-38">
         <name>.debug_info</name>
         <load_address>0x229ab</load_address>
         <run_address>0x229ab</run_address>
         <size>0x119</size>
         <input_file_ref idref="fl-d5"/>
      </object_component>
      <object_component id="oc-318">
         <name>.debug_info</name>
         <load_address>0x22ac4</load_address>
         <run_address>0x22ac4</run_address>
         <size>0x4b3</size>
         <input_file_ref idref="fl-d7"/>
      </object_component>
      <object_component id="oc-20a">
         <name>.debug_info</name>
         <load_address>0x22f77</load_address>
         <run_address>0x22f77</run_address>
         <size>0x1a6</size>
         <input_file_ref idref="fl-d7"/>
      </object_component>
      <object_component id="oc-3de">
         <name>.debug_info</name>
         <load_address>0x2311d</load_address>
         <run_address>0x2311d</run_address>
         <size>0x39</size>
         <input_file_ref idref="fl-d7"/>
      </object_component>
      <object_component id="oc-436">
         <name>.debug_info</name>
         <load_address>0x23156</load_address>
         <run_address>0x23156</run_address>
         <size>0x39</size>
         <input_file_ref idref="fl-d7"/>
      </object_component>
      <object_component id="oc-3e3">
         <name>.debug_info</name>
         <load_address>0x2318f</load_address>
         <run_address>0x2318f</run_address>
         <size>0x39</size>
         <input_file_ref idref="fl-d7"/>
      </object_component>
      <object_component id="oc-3e8">
         <name>.debug_info</name>
         <load_address>0x231c8</load_address>
         <run_address>0x231c8</run_address>
         <size>0xcd</size>
         <input_file_ref idref="fl-d7"/>
      </object_component>
      <object_component id="oc-a0">
         <name>.debug_info</name>
         <load_address>0x23295</load_address>
         <run_address>0x23295</run_address>
         <size>0x153</size>
         <input_file_ref idref="fl-d8"/>
      </object_component>
      <object_component id="oc-1fe">
         <name>.debug_info</name>
         <load_address>0x233e8</load_address>
         <run_address>0x233e8</run_address>
         <size>0x122</size>
         <input_file_ref idref="fl-da"/>
      </object_component>
      <object_component id="oc-480">
         <name>.debug_info</name>
         <load_address>0x2350a</load_address>
         <run_address>0x2350a</run_address>
         <size>0xb4</size>
      </object_component>
      <object_component id="oc-264">
         <name>.debug_line</name>
         <load_address>0x0</load_address>
         <run_address>0x0</run_address>
         <size>0x141</size>
         <input_file_ref idref="fl-1"/>
      </object_component>
      <object_component id="oc-260">
         <name>.debug_line</name>
         <load_address>0x141</load_address>
         <run_address>0x141</run_address>
         <size>0x34</size>
         <input_file_ref idref="fl-1"/>
      </object_component>
      <object_component id="oc-262">
         <name>.debug_line</name>
         <load_address>0x175</load_address>
[...]
      <symbol id="sm-1ef">
         <name>getSpeed</name>
         <value>0x98f</value>
         <object_component_ref idref="oc-73"/>
      </symbol>
      <symbol id="sm-1f0">
         <name>TA3_0_IRQHandler</name>
         <value>0xa19</value>
         <object_component_ref idref="oc-73"/>
      </symbol>
      <symbol id="sm-1f1">
         <name>leftTacho_direction</name>
         <value>0x20000034</value>
         <object_component_ref idref="oc-143"/>
      </symbol>
      <symbol id="sm-1f2">
         <name>startTacho</name>
         <value>0x96b</value>
         <object_component_ref idref="oc-73"/>
      </symbol>
      <symbol id="sm-21c">
         <name>uart0_transmitStr</name>
         <value>0x1459</value>
         <object_component_ref idref="oc-158"/>
      </symbol>
      <symbol id="sm-21d">
         <name>initUART</name>
         <value>0x1425</value>
         <object_component_ref idref="oc-158"/>
      </symbol>
      <symbol id="sm-2fe">
         <name>CS_getMCLK</name>
         <value>0x1be5</value>
         <object_component_ref idref="oc-1b2"/>
      </symbol>
      <symbol id="sm-2ff">
         <name>CS_clearInterruptFlag</name>
         <value>0x1a95</value>
         <object_component_ref idref="oc-3c7"/>
      </symbol>
      <symbol id="sm-300">
         <name>CS_startHFXT</name>
         <value>0x1e39</value>
         <object_component_ref idref="oc-1a6"/>
      </symbol>
      <symbol id="sm-301">
         <name>CS_getDCOFrequency</name>
         <value>0xd99</value>
         <object_component_ref idref="oc-3c1"/>
      </symbol>
      <symbol id="sm-302">
         <name>CS_setExternalClockSourceFrequency</name>
         <value>0x1c75</value>
         <object_component_ref idref="oc-1a0"/>
      </symbol>
      <symbol id="sm-303">
         <name>CS_getSMCLK</name>
         <value>0x1bfd</value>
         <object_component_ref idref="oc-1b8"/>
      </symbol>
      <symbol id="sm-304">
         <name>CS_startHFXTWithTimeout</name>
         <value>0x11bd</value>
         <object_component_ref idref="oc-2f6"/>
      </symbol>
      <symbol id="sm-305">
         <name>CS_initClockSignal</name>
         <value>0xe9d</value>
         <object_component_ref idref="oc-1ac"/>
      </symbol>
      <symbol id="sm-316">
         <name>FlashCtl_setWaitState</name>
         <value>0x1a45</value>
         <object_component_ref idref="oc-188"/>
      </symbol>
      <symbol id="sm-32c">
         <name>FPU_enableLazyStacking</name>
         <value>0x1d29</value>
         <object_component_ref idref="oc-194"/>
      </symbol>
      <symbol id="sm-32d">
         <name>FPU_enableModule</name>
         <value>0x1c89</value>
         <object_component_ref idref="oc-18e"/>
      </symbol>
      <symbol id="sm-3ca">
         <name>GPIO_setAsInputPin</name>
         <value>0x19c1</value>
         <object_component_ref idref="oc-122"/>
      </symbol>
      <symbol id="sm-3cb">
         <name>GPIO_setOutputHighOnPin</name>
         <value>0x1cb1</value>
         <object_component_ref idref="oc-176"/>
      </symbol>
      <symbol id="sm-3cc">
         <name>GPIO_setAsInputPinWithPullUpResistor</name>
         <value>0x1961</value>
         <object_component_ref idref="oc-b8"/>
      </symbol>
      <symbol id="sm-3cd">
         <name>GPIO_getInterruptStatus</name>
         <value>0x1d39</value>
         <object_component_ref idref="oc-253"/>
      </symbol>
      <symbol id="sm-3ce">
         <name>GPIO_enableInterrupt</name>
         <value>0x1c9d</value>
         <object_component_ref idref="oc-be"/>
      </symbol>
      <symbol id="sm-3cf">
         <name>GPIO_getEnabledInterruptStatus</name>
         <value>0x1931</value>
         <object_component_ref idref="oc-dc"/>
      </symbol>
      <symbol id="sm-3d0">
         <name>GPIO_setAsOutputPin</name>
         <value>0x1ab9</value>
         <object_component_ref idref="oc-1be"/>
      </symbol>
      <symbol id="sm-3d1">
         <name>GPIO_interruptEdgeSelect</name>
         <value>0x1b6d</value>
         <object_component_ref idref="oc-c4"/>
      </symbol>
      <symbol id="sm-3d2">
         <name>GPIO_setOutputLowOnPin</name>
         <value>0x1c45</value>
         <object_component_ref idref="oc-170"/>
      </symbol>
      <symbol id="sm-3d3">
         <name>GPIO_clearInterruptFlag</name>
         <value>0x1c15</value>
         <object_component_ref idref="oc-e2"/>
      </symbol>
      <symbol id="sm-3d4">
         <name>GPIO_setAsPeripheralModuleFunctionOutputPin</name>
         <value>0x1701</value>
         <object_component_ref idref="oc-19a"/>
      </symbol>
      <symbol id="sm-3d5">
         <name>GPIO_getInputPinValue</name>
         <value>0x1c2d</value>
         <object_component_ref idref="oc-d6"/>
      </symbol>
      <symbol id="sm-3d6">
         <name>GPIO_setAsPeripheralModuleFunctionInputPin</name>
         <value>0x1799</value>
         <object_component_ref idref="oc-116"/>
      </symbol>
      <symbol id="sm-406">
         <name>Interrupt_enableMaster</name>
         <value>0x1d49</value>
         <object_component_ref idref="oc-164"/>
      </symbol>
      <symbol id="sm-407">
         <name>Interrupt_enableInterrupt</name>
         <value>0x15fd</value>
         <object_component_ref idref="oc-d0"/>
      </symbol>
      <symbol id="sm-4c4">
         <name>PCM_getCoreVoltageLevel</name>
         <value>0x19ed</value>
         <object_component_ref idref="oc-414"/>
      </symbol>
      <symbol id="sm-4c5">
         <name>PCM_shutdownDevice</name>
         <value>0x1661</value>
         <object_component_ref idref="oc-37f"/>
      </symbol>
      <symbol id="sm-4c6">
         <name>PCM_setPowerState</name>
         <value>0x1e29</value>
         <object_component_ref idref="oc-182"/>
      </symbol>
      <symbol id="sm-4c7">
         <name>PCM_getPowerMode</name>
         <value>0x1a19</value>
         <object_component_ref idref="oc-3f9"/>
      </symbol>
      <symbol id="sm-4c8">
         <name>PCM_getPowerState</name>
         <value>0x1ddd</value>
         <object_component_ref idref="oc-36d"/>
      </symbol>
      <symbol id="sm-4c9">
         <name>PCM_gotoLPM4</name>
         <value>0x1d59</value>
         <object_component_ref idref="oc-379"/>
      </symbol>
      <symbol id="sm-4ca">
         <name>PCM_gotoLPM3</name>
         <value>0x14a9</value>
         <object_component_ref idref="oc-373"/>
      </symbol>
      <symbol id="sm-4cb">
         <name>PCM_gotoLPM0</name>
         <value>0x1a6d</value>
         <object_component_ref idref="oc-391"/>
      </symbol>
      <symbol id="sm-4cc">
         <name>PCM_setPowerMode</name>
         <value>0x1e21</value>
         <object_component_ref idref="oc-3ff"/>
      </symbol>
      <symbol id="sm-4d9">
         <name>RTC_C_holdClock</name>
         <value>0x1add</value>
         <object_component_ref idref="oc-40c"/>
      </symbol>
      <symbol id="sm-50c">
         <name>SysCtl_getNMISourceStatus</name>
         <value>0x1de9</value>
         <object_component_ref idref="oc-3a2"/>
      </symbol>
      <symbol id="sm-50d">
         <name>SysCtl_enableNMISource</name>
         <value>0x1d79</value>
         <object_component_ref idref="oc-3b4"/>
      </symbol>
      <symbol id="sm-50e">
         <name>SysCtl_disableNMISource</name>
         <value>0x1d69</value>
         <object_component_ref idref="oc-3a8"/>
      </symbol>
      <symbol id="sm-50f">
         <name>SysCtl_getTLVInfo</name>
         <value>0x16b1</value>
         <object_component_ref idref="oc-42b"/>
      </symbol>
      <symbol id="sm-546">
         <name>SysTick_setPeriod</name>
         <value>0x1df5</value>
         <object_component_ref idref="oc-ca"/>
      </symbol>
      <symbol id="sm-547">
         <name>SysTick_disableModule</name>
         <value>0x1cd9</value>
         <object_component_ref idref="oc-fa"/>
      </symbol>
      <symbol id="sm-548">
         <name>SysTick_disableInterrupt</name>
         <value>0x1cc5</value>
         <object_component_ref idref="oc-f4"/>
      </symbol>
      <symbol id="sm-549">
         <name>SysTick_enableInterrupt</name>
         <value>0x1ced</value>
         <object_component_ref idref="oc-ee"/>
      </symbol>
      <symbol id="sm-54a">
         <name>SysTick_enableModule</name>
         <value>0x1d01</value>
         <object_component_ref idref="oc-e8"/>
      </symbol>
      <symbol id="sm-5a1">
         <name>Timer_A_setCompareValue</name>
         <value>0x1d97</value>
         <object_component_ref idref="oc-2c9"/>
      </symbol>
      <symbol id="sm-5a2">
         <name>Timer_A_clearCaptureCompareInterrupt</name>
         <value>0x1bc9</value>
         <object_component_ref idref="oc-12e"/>
      </symbol>
      <symbol id="sm-5a3">
         <name>Timer_A_generatePWM</name>
         <value>0x1829</value>
         <object_component_ref idref="oc-2c3"/>
      </symbol>
      <symbol id="sm-5a4">
         <name>Timer_A_startCounter</name>
         <value>0x1e31</value>
         <object_component_ref idref="oc-128"/>
      </symbol>
      <symbol id="sm-5a5">
         <name>Timer_A_initCapture</name>
         <value>0x1991</value>
         <object_component_ref idref="oc-11c"/>
      </symbol>
      <symbol id="sm-5a6">
         <name>Timer_A_getCaptureCompareCount</name>
         <value>0x1d89</value>
         <object_component_ref idref="oc-134"/>
      </symbol>
      <symbol id="sm-5a7">
         <name>Timer_A_configureContinuousMode</name>
         <value>0x1b25</value>
         <object_component_ref idref="oc-110"/>
      </symbol>
      <symbol id="sm-5e0">
         <name>Timer32_startTimer</name>
         <value>0x1b8d</value>
         <object_component_ref idref="oc-16a"/>
      </symbol>
      <symbol id="sm-5e1">
         <name>Timer32_enableInterrupt</name>
         <value>0x1e17</value>
         <object_component_ref idref="oc-1d0"/>
      </symbol>
      <symbol id="sm-5e2">
         <name>Timer32_setCount</name>
         <value>0x1b01</value>
         <object_component_ref idref="oc-1ca"/>
      </symbol>
      <symbol id="sm-5e3">
         <name>Timer32_initModule</name>
         <value>0x17e1</value>
         <object_component_ref idref="oc-1c4"/>
      </symbol>
      <symbol id="sm-5e4">
         <name>Timer32_clearInterruptFlag</name>
         <value>0x1e0d</value>
         <object_component_ref idref="oc-1d6"/>
      </symbol>
      <symbol id="sm-623">
         <name>UART_enableModule</name>
         <value>0x1e01</value>
         <object_component_ref idref="oc-2a0"/>
      </symbol>
      <symbol id="sm-624">
         <name>UART_transmitData</name>
         <value>0x1b49</value>
         <object_component_ref idref="oc-2ac"/>
      </symbol>
      <symbol id="sm-625">
         <name>UART_getInterruptStatus</name>
         <value>0x1e3f</value>
         <object_component_ref idref="oc-2b2"/>
      </symbol>
      <symbol id="sm-626">
         <name>UART_initModule</name>
         <value>0x1391</value>
         <object_component_ref idref="oc-29a"/>
      </symbol>
      <symbol id="sm-627">
         <name>UART_clearInterruptFlag</name>
         <value>0x1da5</value>
         <object_component_ref idref="oc-2b8"/>
      </symbol>
      <symbol id="sm-633">
         <name>WDT_A_holdTimer</name>
         <value>0x1c5d</value>
         <object_component_ref idref="oc-17c"/>
      </symbol>
      <symbol id="sm-645">
         <name>CPU_wfi</name>
         <value>0x1e45</value>
         <object_component_ref idref="oc-405"/>
      </symbol>
      <symbol id="sm-646">
         <name>CPU_cpsie</name>
         <value>0x1dcf</value>
         <object_component_ref idref="oc-2d9"/>
      </symbol>
      <symbol id="sm-65a">
         <name>__TI_zero_init_nomemset</name>
         <value>0x1bad</value>
         <object_component_ref idref="oc-43"/>
      </symbol>
      <symbol id="sm-671">
         <name>__TI_decompress_none</name>
         <value>0x1db3</value>
         <object_component_ref idref="oc-1d"/>
      </symbol>
      <symbol id="sm-694">
         <name>__TI_decompress_lzss</name>
         <value>0x1595</value>
         <object_component_ref idref="oc-17"/>
      </symbol>
      <symbol id="sm-6a2">
         <name>strlen</name>
         <value>0x1d15</value>
         <object_component_ref idref="oc-2a6"/>
      </symbol>
      <symbol id="sm-6b5">
         <name>__stack</name>
         <value>0x2000fe00</value>
         <object_component_ref idref="oc-29"/>
      </symbol>
      <symbol id="sm-6b6">
         <name>_c_int00_noargs</name>
         <value>0x18fd</value>
         <object_component_ref idref="oc-55"/>
      </symbol>
      <symbol id="sm-6d1">
         <name>memcpy</name>
         <value>0x12f5</value>
         <object_component_ref idref="oc-37"/>
      </symbol>
      <symbol id="sm-6d2">
         <name>__aeabi_memcpy</name>
         <value>0x12f5</value>
         <object_component_ref idref="oc-37"/>
      </symbol>
      <symbol id="sm-6d3">
         <name>__aeabi_memcpy8</name>
         <value>0x12f5</value>
         <object_component_ref idref="oc-37"/>
      </symbol>
      <symbol id="sm-6d4">
         <name>__aeabi_memcpy4</name>
         <value>0x12f5</value>
         <object_component_ref idref="oc-37"/>
      </symbol>
      <symbol id="sm-6fd">
         <name>__TI_auto_init_nobinit_nopinit</name>
         <value>0x18b9</value>
         <object_component_ref idref="oc-209"/>
      </symbol>
      <symbol id="sm-707">
         <name>_system_pre_init</name>
         <value>0x1e49</value>
         <object_component_ref idref="oc-9f"/>
      </symbol>
      <symbol id="sm-713">
         <name>C$$EXIT</name>
         <value>0x1e4d</value>
         <object_component_ref idref="oc-1fd"/>
      </symbol>
      <symbol id="sm-714">
         <name>abort</name>
         <value>0x1e4d</value>
         <object_component_ref idref="oc-1fd"/>
      </symbol>
      <symbol id="sm-717">
         <name>__TI_static_base__</name>
         <value>0x0</value>
      </symbol>
      <symbol id="sm-71a">
         <name>__mpu_init</name>
         <value>0x0</value>
      </symbol>
      <symbol id="sm-71b">
         <name>_system_post_cinit</name>
         <value>0x0</value>
      </symbol>
      <symbol id="sm-71c">
         <name>NMI_Handler</name>
         <value>0x1dcd</value>
      </symbol>
      <symbol id="sm-71d">
         <name>HardFault_Handler</name>
         <value>0x1dcd</value>
      </symbol>
      <symbol id="sm-71e">
         <name>MemManage_Handler</name>
         <value>0x1dcd</value>
      </symbol>
      <symbol id="sm-71f">
         <name>BusFault_Handler</name>
         <value>0x1dcd</value>
      </symbol>
      <symbol id="sm-720">
         <name>UsageFault_Handler</name>
         <value>0x1dcd</value>
      </symbol>
      <symbol id="sm-721">
         <name>SVC_Handler</name>
         <value>0x1dcd</value>
      </symbol>
      <symbol id="sm-722">
         <name>DebugMon_Handler</name>
         <value>0x1dcd</value>
      </symbol>
      <symbol id="sm-723">
         <name>PendSV_Handler</name>
         <value>0x1dcd</value>
      </symbol>
      <symbol id="sm-724">
         <name>SysTick_Handler</name>
         <value>0xd2d</value>
      </symbol>
      <symbol id="sm-725">
         <name>PSS_IRQHandler</name>
         <value>0x1dcd</value>
      </symbol>
      <symbol id="sm-726">
         <name>CS_IRQHandler</name>
         <value>0x1dcd</value>
      </symbol>
      <symbol id="sm-727">
         <name>PCM_IRQHandler</name>
         <value>0x1dcd</value>
      </symbol>
      <symbol id="sm-728">
         <name>WDT_A_IRQHandler</name>
         <value>0x1dcd</value>
      </symbol>
      <symbol id="sm-729">
         <name>FPU_IRQHandler</name>
         <value>0x1dcd</value>
      </symbol>
      <symbol id="sm-72a">
         <name>FLCTL_IRQHandler</name>
         <value>0x1dcd</value>
      </symbol>
      <symbol id="sm-72b">
         <name>COMP_E0_IRQHandler</name>
         <value>0x1dcd</value>
      </symbol>
      <symbol id="sm-72c">
         <name>COMP_E1_IRQHandler</name>
         <value>0x1dcd</value>
      </symbol>
      <symbol id="sm-72d">
         <name>TA0_0_IRQHandler</name>
         <value>0x1dcd</value>
      </symbol>
      <symbol id="sm-72e">
         <name>TA0_N_IRQHandler</name>
         <value>0x1dcd</value>
      </symbol>
      <symbol id="sm-72f">
         <name>TA1_0_IRQHandler</name>
         <value>0x1dcd</value>
      </symbol>
      <symbol id="sm-730">
         <name>TA1_N_IRQHandler</name>
         <value>0x1dcd</value>
      </symbol>
      <symbol id="sm-731">
         <name>TA2_0_IRQHandler</name>
         <value>0x1dcd</value>
      </symbol>
      <symbol id="sm-732">
         <name>TA2_N_IRQHandler</name>
         <value>0x1dcd</value>
      </symbol>
      <symbol id="sm-733">
         <name>TA3_0_IRQHandler</name>
         <value>0xa19</value>
      </symbol>
      <symbol id="sm-734">
         <name>TA3_N_IRQHandler</name>
         <value>0x9bd</value>
      </symbol>
      <symbol id="sm-735">
         <name>EUSCIA0_IRQHandler</name>
         <value>0x1dcd</value>
      </symbol>
      <symbol id="sm-736">
         <name>EUSCIA1_IRQHandler</name>
         <value>0x1dcd</value>
      </symbol>
      <symbol id="sm-737">
         <name>EUSCIA2_IRQHandler</name>
         <value>0x1dcd</value>
      </symbol>
      <symbol id="sm-738">
         <name>EUSCIA3_IRQHandler</name>
         <value>0x1dcd</value>
      </symbol>
      <symbol id="sm-739">
         <name>EUSCIB0_IRQHandler</name>
         <value>0x1dcd</value>
      </symbol>
      <symbol id="sm-73a">
         <name>EUSCIB1_IRQHandler</name>
         <value>0x1dcd</value>
      </symbol>
      <symbol id="sm-73b">
         <name>EUSCIB2_IRQHandler</name>
         <value>0x1dcd</value>
      </symbol>
      <symbol id="sm-73c">
         <name>EUSCIB3_IRQHandler</name>
         <value>0x1dcd</value>
      </symbol>
      <symbol id="sm-73d">
         <name>ADC14_IRQHandler</name>
         <value>0x1dcd</value>
      </symbol>
      <symbol id="sm-73e">
         <name>T32_INT1_IRQHandler</name>
         <value>0x8b7</value>
      </symbol>
      <symbol id="sm-73f">
         <name>T32_INT2_IRQHandler</name>
         <value>0x1dcd</value>
      </symbol>
      <symbol id="sm-740">
         <name>T32_INTC_IRQHandler</name>
         <value>0x1dcd</value>
      </symbol>
      <symbol id="sm-741">
         <name>AES256_IRQHandler</name>
         <value>0x1dcd</value>
      </symbol>
      <symbol id="sm-742">
         <name>RTC_C_IRQHandler</name>
         <value>0x1dcd</value>
      </symbol>
      <symbol id="sm-743">
         <name>DMA_ERR_IRQHandler</name>
         <value>0x1dcd</value>
      </symbol>
      <symbol id="sm-744">
         <name>DMA_INT3_IRQHandler</name>
         <value>0x1dcd</value>
      </symbol>
      <symbol id="sm-745">
         <name>DMA_INT2_IRQHandler</name>
         <value>0x1dcd</value>
      </symbol>
      <symbol id="sm-746">
         <name>DMA_INT1_IRQHandler</name>
         <value>0x1dcd</value>
      </symbol>
      <symbol id="sm-747">
         <name>DMA_INT0_IRQHandler</name>
         <value>0x1dcd</value>
      </symbol>
      <symbol id="sm-748">
         <name>PORT1_IRQHandler</name>
         <value>0x1dcd</value>
      </symbol>
      <symbol id="sm-749">
         <name>PORT2_IRQHandler</name>
         <value>0x1dcd</value>
      </symbol>
      <symbol id="sm-74a">
         <name>PORT3_IRQHandler</name>
         <value>0x1dcd</value>
      </symbol>
      <symbol id="sm-74b">
         <name>PORT4_IRQHandler</name>
         <value>0xcbf</value>
      </symbol>
      <symbol id="sm-74c">
         <name>PORT5_IRQHandler</name>
         <value>0x1dcd</value>
      </symbol>
      <symbol id="sm-74d">
         <name>PORT6_IRQHandler</name>
         <value>0x1dcd</value>
      </symbol>
   </symbol_table>
   <title>Link successful</title>
</link_info>
